Component: ARM Compiler 5.06 update 6 (build 750) Tool: armlink [4d35ed]

==============================================================================

Section Cross References

    main.o(i.advertising_init) refers to rt_memclr.o(.text) for __aeabi_memclr4
    main.o(i.advertising_init) refers to ble_advertising.o(i.ble_advertising_init) for ble_advertising_init
    main.o(i.advertising_init) refers to app_error.o(i.app_error_handler) for app_error_handler
    main.o(i.advertising_init) refers to main.o(.data) for .data
    main.o(i.advertising_init) refers to main.o(i.on_adv_evt) for on_adv_evt
    main.o(i.advertising_init) refers to main.o(i.ble_evt_dispatch) for i.ble_evt_dispatch
    main.o(i.assert_nrf_callback) refers to app_error.o(i.app_error_handler) for app_error_handler
    main.o(i.ble_evt_dispatch) refers to device_manager_peripheral.o(i.dm_ble_evt_handler) for dm_ble_evt_handler
    main.o(i.ble_evt_dispatch) refers to ble_conn_params.o(i.ble_conn_params_on_ble_evt) for ble_conn_params_on_ble_evt
    main.o(i.ble_evt_dispatch) refers to bsp_btn_ble.o(i.bsp_btn_ble_on_ble_evt) for bsp_btn_ble_on_ble_evt
    main.o(i.ble_evt_dispatch) refers to bsp.o(i.bsp_indication_set) for bsp_indication_set
    main.o(i.ble_evt_dispatch) refers to app_error.o(i.app_error_handler) for app_error_handler
    main.o(i.ble_evt_dispatch) refers to ble_advertising.o(i.ble_advertising_on_ble_evt) for ble_advertising_on_ble_evt
    main.o(i.ble_evt_dispatch) refers to main.o(.data) for .data
    main.o(i.ble_stack_init) refers to softdevice_handler.o(i.softdevice_handler_init) for softdevice_handler_init
    main.o(i.ble_stack_init) refers to app_error.o(i.app_error_handler) for app_error_handler
    main.o(i.ble_stack_init) refers to softdevice_handler.o(i.softdevice_enable_get_default_config) for softdevice_enable_get_default_config
    main.o(i.ble_stack_init) refers to softdevice_handler.o(i.sd_check_ram_start) for sd_check_ram_start
    main.o(i.ble_stack_init) refers to softdevice_handler.o(i.softdevice_enable) for softdevice_enable
    main.o(i.ble_stack_init) refers to softdevice_handler.o(i.softdevice_ble_evt_handler_set) for softdevice_ble_evt_handler_set
    main.o(i.ble_stack_init) refers to softdevice_handler.o(i.softdevice_sys_evt_handler_set) for softdevice_sys_evt_handler_set
    main.o(i.ble_stack_init) refers to main.o(.constdata) for .constdata
    main.o(i.ble_stack_init) refers to main.o(.bss) for .bss
    main.o(i.ble_stack_init) refers to main.o(i.ble_evt_dispatch) for ble_evt_dispatch
    main.o(i.ble_stack_init) refers to main.o(i.sys_evt_dispatch) for sys_evt_dispatch
    main.o(i.bsp_event_handler) refers to main.o(i.sleep_mode_enter) for sleep_mode_enter
    main.o(i.bsp_event_handler) refers to ble_advertising.o(i.ble_advertising_restart_without_whitelist) for ble_advertising_restart_without_whitelist
    main.o(i.bsp_event_handler) refers to app_error.o(i.app_error_handler) for app_error_handler
    main.o(i.bsp_event_handler) refers to main.o(.data) for .data
    main.o(i.conn_params_error_handler) refers to app_error.o(i.app_error_handler) for app_error_handler
    main.o(i.device_manager_evt_handler) refers to app_error.o(i.app_error_handler) for app_error_handler
    main.o(i.device_manager_init) refers to pstorage.o(i.pstorage_init) for pstorage_init
    main.o(i.device_manager_init) refers to app_error.o(i.app_error_handler) for app_error_handler
    main.o(i.device_manager_init) refers to device_manager_peripheral.o(i.dm_init) for dm_init
    main.o(i.device_manager_init) refers to rt_memclr.o(.text) for __aeabi_memclr
    main.o(i.device_manager_init) refers to device_manager_peripheral.o(i.dm_register) for dm_register
    main.o(i.device_manager_init) refers to main.o(i.ble_evt_dispatch) for i.ble_evt_dispatch
    main.o(i.device_manager_init) refers to main.o(i.device_manager_evt_handler) for device_manager_evt_handler
    main.o(i.device_manager_init) refers to main.o(.data) for .data
    main.o(i.gap_params_init) refers to app_error.o(i.app_error_handler) for app_error_handler
    main.o(i.gap_params_init) refers to main.o(i.ble_evt_dispatch) for i.ble_evt_dispatch
    main.o(i.main) refers to app_timer.o(i.app_timer_init) for app_timer_init
    main.o(i.main) refers to app_error.o(i.app_error_handler) for app_error_handler
    main.o(i.main) refers to bsp.o(i.bsp_init) for bsp_init
    main.o(i.main) refers to bsp_btn_ble.o(i.bsp_btn_ble_init) for bsp_btn_ble_init
    main.o(i.main) refers to main.o(i.ble_stack_init) for ble_stack_init
    main.o(i.main) refers to main.o(i.device_manager_init) for device_manager_init
    main.o(i.main) refers to main.o(i.gap_params_init) for gap_params_init
    main.o(i.main) refers to dcs_service.o(i.dcs_service_init) for dcs_service_init
    main.o(i.main) refers to main.o(i.advertising_init) for advertising_init
    main.o(i.main) refers to rt_memclr.o(.text) for __aeabi_memclr4
[...]
    i.record_header_flag_dirty               0x0001fb78   Section        0  fds.o(i.record_header_flag_dirty)
    record_header_flag_dirty                 0x0001fb79   Thumb Code    22  fds.o(i.record_header_flag_dirty)
    i.record_write_chunk                     0x0001fb98   Section        0  fds.o(i.record_write_chunk)
    record_write_chunk                       0x0001fb99   Thumb Code    80  fds.o(i.record_write_chunk)
    i.rtc1_stop                              0x0001fbf0   Section        0  app_timer.o(i.rtc1_stop)
    rtc1_stop                                0x0001fbf1   Thumb Code    50  app_timer.o(i.rtc1_stop)
    i.rx_byte                                0x0001fc34   Section        0  nrf_drv_uart.o(i.rx_byte)
    rx_byte                                  0x0001fc35   Thumb Code    42  nrf_drv_uart.o(i.rx_byte)
    i.rx_done_event                          0x0001fc6c   Section        0  nrf_drv_uart.o(i.rx_done_event)
    rx_done_event                            0x0001fc6d   Thumb Code    22  nrf_drv_uart.o(i.rx_done_event)
    i.sd_check_ram_start                     0x0001fc88   Section        0  softdevice_handler.o(i.sd_check_ram_start)
    i.sd_nvic_EnableIRQ                      0x0001fd14   Section        0  softdevice_handler.o(i.sd_nvic_EnableIRQ)
    sd_nvic_EnableIRQ                        0x0001fd15   Thumb Code   116  softdevice_handler.o(i.sd_nvic_EnableIRQ)
    i.send_event                             0x0001fda0   Section        0  fstorage.o(i.send_event)
    send_event                               0x0001fda1   Thumb Code    66  fstorage.o(i.send_event)
    i.service_data_encode                    0x0001fde2   Section        0  ble_advdata.o(i.service_data_encode)
    service_data_encode                      0x0001fde3   Thumb Code   142  ble_advdata.o(i.service_data_encode)
    i.sleep_mode_enter                       0x0001fe70   Section        0  main.o(i.sleep_mode_enter)
    sleep_mode_enter                         0x0001fe71   Thumb Code    52  main.o(i.sleep_mode_enter)
    i.sm_state_change                        0x0001feb4   Section        0  pstorage.o(i.sm_state_change)
    sm_state_change                          0x0001feb5   Thumb Code    62  pstorage.o(i.sm_state_change)
    i.softdevice_ble_evt_handler_set         0x0001fefc   Section        0  softdevice_handler.o(i.softdevice_ble_evt_handler_set)
    i.softdevice_enable                      0x0001ff10   Section        0  softdevice_handler.o(i.softdevice_enable)
    i.softdevice_enable_get_default_config   0x00020010   Section        0  softdevice_handler.o(i.softdevice_enable_get_default_config)
    i.softdevice_fault_handler               0x00020038   Section        0  softdevice_handler.o(i.softdevice_fault_handler)
    i.softdevice_handler_init                0x00020040   Section        0  softdevice_handler.o(i.softdevice_handler_init)
    i.softdevice_sys_evt_handler_set         0x00020084   Section        0  softdevice_handler.o(i.softdevice_sys_evt_handler_set)
    i.state_data_erase_swap_entry_run        0x00020098   Section        0  pstorage.o(i.state_data_erase_swap_entry_run)
    state_data_erase_swap_entry_run          0x00020099   Thumb Code    92  pstorage.o(i.state_data_erase_swap_entry_run)
    i.state_erase_data_page_entry_run        0x000200fc   Section        0  pstorage.o(i.state_erase_data_page_entry_run)
    state_erase_data_page_entry_run          0x000200fd   Thumb Code    12  pstorage.o(i.state_erase_data_page_entry_run)
    i.state_restore_head_entry_run           0x0002010c   Section        0  pstorage.o(i.state_restore_head_entry_run)
    state_restore_head_entry_run             0x0002010d   Thumb Code    36  pstorage.o(i.state_restore_head_entry_run)
    i.state_restore_tail_entry_run           0x00020134   Section        0  pstorage.o(i.state_restore_tail_entry_run)
    state_restore_tail_entry_run             0x00020135   Thumb Code    66  pstorage.o(i.state_restore_tail_entry_run)
    i.state_swap_erase_entry_run             0x00020180   Section        0  pstorage.o(i.state_swap_erase_entry_run)
    state_swap_erase_entry_run               0x00020181   Thumb Code    32  pstorage.o(i.state_swap_erase_entry_run)
    i.state_write_data_swap_entry_run        0x000201a0   Section        0  pstorage.o(i.state_write_data_swap_entry_run)
    state_write_data_swap_entry_run          0x000201a1   Thumb Code    42  pstorage.o(i.state_write_data_swap_entry_run)
    i.storage_operation_dummy_handler        0x000201d0   Section        0  device_manager_peripheral.o(i.storage_operation_dummy_handler)
    storage_operation_dummy_handler          0x000201d1   Thumb Code     4  device_manager_peripheral.o(i.storage_operation_dummy_handler)
    i.store_cmd_flash_write_execute          0x000201d4   Section        0  pstorage.o(i.store_cmd_flash_write_execute)
    store_cmd_flash_write_execute            0x000201d5   Thumb Code    82  pstorage.o(i.store_cmd_flash_write_execute)
    i.swap_erase_state_run                   0x00020230   Section        0  pstorage.o(i.swap_erase_state_run)
    swap_erase_state_run                     0x00020231   Thumb Code    24  pstorage.o(i.swap_erase_state_run)
    i.swap_sub_state_err_busy_process        0x0002024c   Section        0  pstorage.o(i.swap_sub_state_err_busy_process)
    swap_sub_state_err_busy_process          0x0002024d   Thumb Code    20  pstorage.o(i.swap_sub_state_err_busy_process)
    i.swap_sub_state_state_change            0x00020264   Section        0  pstorage.o(i.swap_sub_state_state_change)
    swap_sub_state_state_change              0x00020265   Thumb Code    12  pstorage.o(i.swap_sub_state_state_change)
    i.sys_evt_dispatch                       0x00020278   Section        0  main.o(i.sys_evt_dispatch)
    sys_evt_dispatch                         0x00020279   Thumb Code    16  main.o(i.sys_evt_dispatch)
    i.tail_restore_state_run                 0x00020288   Section        0  pstorage.o(i.tail_restore_state_run)
    tail_restore_state_run                   0x00020289   Thumb Code    22  pstorage.o(i.tail_restore_state_run)
    i.timer_list_handler                     0x000202a4   Section        0  app_timer.o(i.timer_list_handler)
    timer_list_handler                       0x000202a5   Thumb Code   128  app_timer.o(i.timer_list_handler)
    i.timer_list_handler_sched               0x00020328   Section        0  app_timer.o(i.timer_list_handler_sched)
    timer_list_handler_sched                 0x00020329   Thumb Code    10  app_timer.o(i.timer_list_handler_sched)
    i.timer_list_insert                      0x00020338   Section        0  app_timer.o(i.timer_list_insert)
    timer_list_insert                        0x00020339   Thumb Code    60  app_timer.o(i.timer_list_insert)
    i.timer_timeouts_check                   0x00020378   Section        0  app_timer.o(i.timer_timeouts_check)
    timer_timeouts_check                     0x00020379   Thumb Code   124  app_timer.o(i.timer_timeouts_check)
    i.tx_byte                                0x00020438   Section        0  nrf_drv_uart.o(i.tx_byte)
    tx_byte                                  0x00020439   Thumb Code    30  nrf_drv_uart.o(i.tx_byte)
    i.tx_done_event                          0x00020464   Section        0  nrf_drv_uart.o(i.tx_done_event)
    tx_done_event                            0x00020465   Thumb Code    26  nrf_drv_uart.o(i.tx_done_event)
    i.uart_irq_handler                       0x00020484   Section        0  nrf_drv_uart.o(i.uart_irq_handler)
    uart_irq_handler                         0x00020485   Thumb Code   278  nrf_drv_uart.o(i.uart_irq_handler)
    i.uint16_encode                          0x000205ac   Section        0  ble_advdata.o(i.uint16_encode)
    uint16_encode                            0x000205ad   Thumb Code    10  ble_advdata.o(i.uint16_encode)
    i.update_status_bit_reset                0x000205b8   Section        0  device_manager_peripheral.o(i.update_status_bit_reset)
    update_status_bit_reset                  0x000205b9   Thumb Code    14  device_manager_peripheral.o(i.update_status_bit_reset)
    i.update_timeout_handler                 0x000205cc   Section        0  ble_conn_params.o(i.update_timeout_handler)
    update_timeout_handler                   0x000205cd   Thumb Code    86  ble_conn_params.o(i.update_timeout_handler)
    i.user_id_get                            0x00020630   Section        0  app_timer.o(i.user_id_get)
    user_id_get                              0x00020631   Thumb Code    76  app_timer.o(i.user_id_get)
    i.user_op_alloc                          0x00020684   Section        0  app_timer.o(i.user_op_alloc)
    user_op_alloc                            0x00020685   Thumb Code    38  app_timer.o(i.user_op_alloc)
    i.uuid_list_encode                       0x000206aa   Section        0  ble_advdata.o(i.uuid_list_encode)
    uuid_list_encode                         0x000206ab   Thumb Code    48  ble_advdata.o(i.uuid_list_encode)
    i.uuid_list_sized_encode                 0x000206da   Section        0  ble_advdata.o(i.uuid_list_sized_encode)
    uuid_list_sized_encode                   0x000206db   Thumb Code   174  ble_advdata.o(i.uuid_list_sized_encode)
    i.whitelist_has_entries                  0x00020788   Section        0  ble_advertising.o(i.whitelist_has_entries)
    whitelist_has_entries                    0x00020789   Thumb Code    16  ble_advertising.o(i.whitelist_has_entries)
    i.write_enqueue                          0x00020798   Section        0  fds.o(i.write_enqueue)
    write_enqueue                            0x00020799   Thumb Code   268  fds.o(i.write_enqueue)
    i.write_execute                          0x000208b0   Section        0  fds.o(i.write_execute)
    write_execute                            0x000208b1   Thumb Code   216  fds.o(i.write_execute)
    i.write_space_free                       0x00020994   Section        0  fds.o(i.write_space_free)
    write_space_free                         0x00020995   Thumb Code    16  fds.o(i.write_space_free)
    i.write_space_reserve                    0x000209a8   Section        0  fds.o(i.write_space_reserve)
    write_space_reserve                      0x000209a9   Thumb Code    70  fds.o(i.write_space_reserve)
    .constdata                               0x000209f4   Section        4  main.o(.constdata)
    .constdata                               0x000209f8   Section       48  dcs_service.o(.constdata)
    .constdata                               0x00020a28   Section        8  bsp.o(.constdata)
    m_leds_timer_id                          0x00020a28   Data           4  bsp.o(.constdata)
    m_alert_timer_id                         0x00020a2c   Data           4  bsp.o(.constdata)
    .constdata                               0x00020a30   Section        4  ble_conn_params.o(.constdata)
    m_conn_params_timer_id                   0x00020a30   Data           4  ble_conn_params.o(.constdata)
    .constdata                               0x00020a34   Section       52  device_manager_peripheral.o(.constdata)
    .constdata                               0x00020a68   Section       40  pstorage.o(.constdata)
    swap_sub_state_sm_lut                    0x00020a68   Data          20  pstorage.o(.constdata)
    swap_sub_state_sm_lut                    0x00020a7c   Data          20  pstorage.o(.constdata)
    .constdata                               0x00020a90   Section       20  fds.o(.constdata)
    m_fds_tl_dirty                           0x00020a90   Data           4  fds.o(.constdata)
    page_tag_swap                            0x00020a94   Data           8  fds.o(.constdata)
    page_tag_data                            0x00020a9c   Data           8  fds.o(.constdata)
    .constdata                               0x00020aa4   Section       16  segger_rtt_printf.o(.constdata)
    _aV2C                                    0x00020aa4   Data          16  segger_rtt_printf.o(.constdata)
    .conststring                             0x00020ab4   Section       76  device_manager_peripheral.o(.conststring)
    .conststring                             0x00020b00   Section       87  softdevice_handler.o(.conststring)
    .data                                    0x20002080   Section        8  main.o(.data)
    m_app_handle                             0x20002080   Data           1  main.o(.data)
    m_conn_handle                            0x20002082   Data           2  main.o(.data)
    m_adv_uuids                              0x20002084   Data           4  main.o(.data)
    .data                                    0x20002088   Section        1  dat_saver.o(.data)
    write_flag                               0x20002088   Data           1  dat_saver.o(.data)
    .data                                    0x2000208c   Section       16  bsp.o(.data)
    m_stable_state                           0x2000208c   Data           1  bsp.o(.data)
    m_app_ticks_per_100ms                    0x20002090   Data           4  bsp.o(.data)
    m_indication_type                        0x20002094   Data           4  bsp.o(.data)
    m_alert_mask                             0x20002098   Data           4  bsp.o(.data)
    .data                                    0x2000209c   Section        8  bsp_btn_ble.o(.data)
    m_error_handler                          0x2000209c   Data           4  bsp_btn_ble.o(.data)
    m_num_connections                        0x200020a0   Data           4  bsp_btn_ble.o(.data)
    .data                                    0x200020a4   Section       31  ble_advertising.o(.data)
    m_advertising_start_pending              0x200020a4   Data           1  ble_advertising.o(.data)
    m_whitelist_temporarily_disabled         0x200020a5   Data           1  ble_advertising.o(.data)
    m_whitelist_reply_expected               0x200020a6   Data           1  ble_advertising.o(.data)
    m_peer_addr_reply_expected               0x200020a7   Data           1  ble_advertising.o(.data)
    m_adv_evt                                0x200020a8   Data           1  ble_advertising.o(.data)
    m_adv_mode_current                       0x200020a9   Data           1  ble_advertising.o(.data)
    m_tx_power_level                         0x200020aa   Data           1  ble_advertising.o(.data)
    current_slave_link_conn_handle           0x200020ac   Data           2  ble_advertising.o(.data)
    m_evt_handler                            0x200020b0   Data           4  ble_advertising.o(.data)
    m_error_handler                          0x200020b4   Data           4  ble_advertising.o(.data)
    m_slave_conn_int                         0x200020b8   Data           4  ble_advertising.o(.data)
    m_peer_address                           0x200020bc   Data           7  ble_advertising.o(.data)
    .data                                    0x200020c4   Section       20  ble_conn_params.o(.data)
    m_change_param                           0x200020c4   Data           1  ble_conn_params.o(.data)
    m_update_count                           0x200020c5   Data           1  ble_conn_params.o(.data)
    m_conn_handle                            0x200020c6   Data           2  ble_conn_params.o(.data)
    m_preferred_conn_params                  0x200020c8   Data           8  ble_conn_params.o(.data)
    m_current_conn_params                    0x200020d0   Data           8  ble_conn_params.o(.data)
    .data                                    0x200020d8   Section       24  device_manager_peripheral.o(.data)
    m_module_initialized                     0x200020d8   Data           1  device_manager_peripheral.o(.data)
    m_peer_addr_update                       0x200020dc   Data           4  device_manager_peripheral.o(.data)
    m_irk_index_table                        0x200020e0   Data           7  device_manager_peripheral.o(.data)
    m_storage_handle                         0x200020e8   Data           8  device_manager_peripheral.o(.data)
    .data                                    0x200020f0   Section       36  pstorage.o(.data)
    m_state                                  0x200020f0   Data           1  pstorage.o(.data)
    m_swap_sub_state                         0x200020f1   Data           1  pstorage.o(.data)
    m_next_app_instance                      0x200020f2   Data           2  pstorage.o(.data)
    m_flags                                  0x200020f4   Data           4  pstorage.o(.data)
    m_next_page_addr                         0x200020f8   Data           4  pstorage.o(.data)
    m_head_word_size                         0x200020fc   Data           4  pstorage.o(.data)
    m_tail_word_size                         0x20002100   Data           4  pstorage.o(.data)
    m_current_page_id                        0x20002104   Data           4  pstorage.o(.data)
    m_num_of_command_retries                 0x20002108   Data           4  pstorage.o(.data)
    m_num_of_bytes_written                   0x2000210c   Data           4  pstorage.o(.data)
    m_app_data_size                          0x20002110   Data           4  pstorage.o(.data)
    .data                                    0x20002114   Section       32  app_timer.o(.data)
    m_user_array_size                        0x20002114   Data           1  app_timer.o(.data)
    m_ticks_elapsed_q_read_ind               0x20002115   Data           1  app_timer.o(.data)
    m_ticks_elapsed_q_write_ind              0x20002116   Data           1  app_timer.o(.data)
    m_rtc1_running                           0x20002117   Data           1  app_timer.o(.data)
    m_rtc1_reset                             0x20002118   Data           1  app_timer.o(.data)
    mp_users                                 0x2000211c   Data           4  app_timer.o(.data)
    mp_timer_id_head                         0x20002120   Data           4  app_timer.o(.data)
    m_ticks_latest                           0x20002124   Data           4  app_timer.o(.data)
    m_evt_schedule_func                      0x20002128   Data           4  app_timer.o(.data)
    m_ticks_elapsed                          0x2000212c   Data           8  app_timer.o(.data)
    .data                                    0x20002134   Section        2  fstorage.o(.data)
    m_flags                                  0x20002134   Data           1  fstorage.o(.data)
    m_retry_count                            0x20002135   Data           1  fstorage.o(.data)
    .data                                    0x20002136   Section        4  nrf_log.o(.data)
    initialized                              0x20002136   Data           1  nrf_log.o(.data)
    hex_string                               0x20002137   Data           3  nrf_log.o(.data)
    .data                                    0x2000213c   Section       24  fds.o(.data)
    m_flags                                  0x2000213c   Data           1  fds.o(.data)
    m_users                                  0x2000213d   Data           1  fds.o(.data)
    m_latest_rec_id                          0x20002140   Data           4  fds.o(.data)
    tok                                      0x20002144   Data           8  fds.o(.data)
    m_swap_page                              0x2000214c   Data           8  fds.o(.data)
    .data                                    0x20002154   Section       28  softdevice_handler.o(.data)
    m_softdevice_enabled                     0x20002154   Data           1  softdevice_handler.o(.data)
    m_ble_evt_buffer_size                    0x20002156   Data           2  softdevice_handler.o(.data)
    m_evt_schedule_func                      0x20002158   Data           4  softdevice_handler.o(.data)
    mp_ble_evt_buffer                        0x2000215c   Data           4  softdevice_handler.o(.data)
    m_ble_evt_handler                        0x20002160   Data           4  softdevice_handler.o(.data)
    m_sys_evt_handler                        0x20002164   Data           4  softdevice_handler.o(.data)
    .data                                    0x20002170   Section        4  system_nrf51.o(.data)
    __tagsym$$used                           0x20002170   Number         0  system_nrf51.o(.data)
    fs_data                                  0x20002174   Section       16  fds.o(fs_data)
    __tagsym$$used                           0x20002174   Number         0  fds.o(fs_data)
    fs_config                                0x20002174   Data          16  fds.o(fs_data)
    .bss                                     0x20002184   Section      540  main.o(.bss)
    APP_TIMER_BUF                            0x20002184   Data         456  main.o(.bss)
    BLE_EVT_BUFFER                           0x2000234c   Data          72  main.o(.bss)
    .bss                                     0x200023a0   Section       32  bsp.o(.bss)
    m_leds_timer_id_data                     0x200023a0   Data          32  bsp.o(.bss)
    .bss                                     0x200023c0   Section       32  bsp.o(.bss)
    m_alert_timer_id_data                    0x200023c0   Data          32  bsp.o(.bss)
    .bss                                     0x200023e0   Section      259  ble_advertising.o(.bss)
    m_advdata                                0x200023e0   Data          56  ble_advertising.o(.bss)
    m_adv_modes_config                       0x20002418   Data          36  ble_advertising.o(.bss)
    m_whitelist                              0x2000243c   Data          16  ble_advertising.o(.bss)
    mp_whitelist_addr                        0x2000244c   Data          32  ble_advertising.o(.bss)
    mp_whitelist_irk                         0x2000246c   Data          32  ble_advertising.o(.bss)
    m_manuf_specific_data                    0x2000248c   Data          12  ble_advertising.o(.bss)
    m_manuf_data_array                       0x20002498   Data          31  ble_advertising.o(.bss)
    m_service_data                           0x200024b8   Data          12  ble_advertising.o(.bss)
    m_service_data_array                     0x200024c4   Data          31  ble_advertising.o(.bss)
    .bss                                     0x200024e4   Section       32  ble_conn_params.o(.bss)
    m_conn_params_timer_id_data              0x200024e4   Data          32  ble_conn_params.o(.bss)
    .bss                                     0x20002504   Section       28  ble_conn_params.o(.bss)
    m_conn_params_config                     0x20002504   Data          28  ble_conn_params.o(.bss)
    .bss                                     0x20002520   Section      335  device_manager_peripheral.o(.bss)
    m_app_context_table                      0x20002520   Data          28  device_manager_peripheral.o(.bss)
    m_peer_table                             0x2000253c   Data         196  device_manager_peripheral.o(.bss)
    m_bond_table                             0x20002600   Data          28  device_manager_peripheral.o(.bss)
    m_gatts_table                            0x2000261c   Data          36  device_manager_peripheral.o(.bss)
    m_connection_table                       0x20002640   Data          12  device_manager_peripheral.o(.bss)
    m_application_table                      0x2000264c   Data          12  device_manager_peripheral.o(.bss)
    m_local_id_info                          0x20002658   Data          23  device_manager_peripheral.o(.bss)
    .bss                                     0x20002670   Section       72  nrf_drv_gpiote.o(.bss)
    m_cb                                     0x20002670   Data          72  nrf_drv_gpiote.o(.bss)
    .bss                                     0x200026b8   Section       28  nrf_drv_uart.o(.bss)
    m_cb                                     0x200026b8   Data          28  nrf_drv_uart.o(.bss)
    .bss                                     0x200026d4   Section      228  pstorage.o(.bss)
    m_cmd_queue                              0x200026d4   Data         204  pstorage.o(.bss)
    m_app_table                              0x200027a0   Data          24  pstorage.o(.bss)
    .bss                                     0x200027b8   Section       32  app_error.o(.bss)
    m_error_data                             0x200027b8   Data          32  app_error.o(.bss)
    .bss                                     0x200027d8   Section       88  fstorage.o(.bss)
    m_queue                                  0x200027d8   Data          88  fstorage.o(.bss)
    .bss                                     0x20002830   Section     1051  nrf_log.o(.bss)
    hex_string                               0x20002830   Data          11  nrf_log.o(.bss)
    buf_normal_up                            0x2000283b   Data        1024  nrf_log.o(.bss)
    buf_down                                 0x20002c3b   Data          16  nrf_log.o(.bss)
    .bss                                     0x20002c4c   Section      264  fds.o(.bss)
    desc                                     0x20002c4c   Data          12  fds.o(.bss)
    m_cb_table                               0x20002c58   Data          12  fds.o(.bss)
    m_op_queue                               0x20002c64   Data         120  fds.o(.bss)
    m_chunk_queue                            0x20002cdc   Data          72  fds.o(.bss)
    m_pages                                  0x20002d24   Data          32  fds.o(.bss)
    m_gc                                     0x20002d44   Data          16  fds.o(.bss)
    .bss                                     0x20002d54   Section     1160  segger_rtt.o(.bss)
    _acUpBuffer                              0x20002d54   Data        1024  segger_rtt.o(.bss)
    _acDownBuffer                            0x20003154   Data          16  segger_rtt.o(.bss)
    .bss                                     0x200031dc   Section       96  libspace.o(.bss)
    HEAP                                     0x20003240   Section     2048  arm_startup_nrf51.o(HEAP)
    Heap_Mem                                 0x20003240   Data        2048  arm_startup_nrf51.o(HEAP)
    STACK                                    0x20003a40   Section     2048  arm_startup_nrf51.o(STACK)
    Stack_Mem                                0x20003a40   Data        2048  arm_startup_nrf51.o(STACK)
    __initial_sp                             0x20004240   Data           0  arm_startup_nrf51.o(STACK)

    Global Symbols

    Symbol Name                              Value     Ov Type        Size  Object(Section)

    BuildAttributes$$THM_ISAv3M$S$PE$A:L22$X:L11$S22$IEEE1$IW$USESV6$~STKCKD$USESV7$~SHL$OTIME$ROPI$EBA8$UX$STANDARDLIB$REQ8$PRES8$EABIv2 0x00000000   Number         0  anon$$obj.o ABSOLUTE
    __ARM_use_no_argv                        0x00000000   Number         0  main.o ABSOLUTE
    __ARM_exceptions_init                     - Undefined Weak Reference
    __alloca_initialize                       - Undefined Weak Reference
    __arm_preinit_                            - Undefined Weak Reference
    __cpp_initialize__aeabi_                  - Undefined Weak Reference
    __cxa_finalize                            - Undefined Weak Reference
    __rt_locale                               - Undefined Weak Reference
    __sigvec_lookup                           - Undefined Weak Reference
    __user_heap_extent                        - Undefined Weak Reference
    _atexit_init                              - Undefined Weak Reference
    _call_atexit_fns                          - Undefined Weak Reference
    _clock_init                               - Undefined Weak Reference
    _fp_trap_init                             - Undefined Weak Reference
    _fp_trap_shutdown                         - Undefined Weak Reference
    _get_lc_collate                           - Undefined Weak Reference
    _get_lc_ctype                             - Undefined Weak Reference
    _get_lc_monetary                          - Undefined Weak Reference
    _get_lc_numeric                           - Undefined Weak Reference
    _get_lc_time                              - Undefined Weak Reference
    _getenv_init                              - Undefined Weak Reference
    _handle_redirection                       - Undefined Weak Reference
    _mutex_acquire                            - Undefined Weak Reference
    _mutex_free                               - Undefined Weak Reference
    _mutex_release                            - Undefined Weak Reference
    _rand_init                                - Undefined Weak Reference
    _signal_finish                            - Undefined Weak Reference
    _signal_init                              - Undefined Weak Reference
    __Vectors_Size                           0x000000c0   Number         0  arm_startup_nrf51.o ABSOLUTE
    __Vectors                                0x0001b000   Data           4  arm_startup_nrf51.o(RESET)
    __Vectors_End                            0x0001b0c0   Data           0  arm_startup_nrf51.o(RESET)
    __main                                   0x0001b0c1   Thumb Code     8  __main.o(!!!main)
    __scatterload                            0x0001b0c9   Thumb Code     0  __scatter.o(!!!scatter)
    __scatterload_rt2                        0x0001b0c9   Thumb Code    52  __scatter.o(!!!scatter)
    __scatterload_rt2_thumb_only             0x0001b0c9   Thumb Code     0  __scatter.o(!!!scatter)
    __scatterload_null                       0x0001b0d9   Thumb Code     0  __scatter.o(!!!scatter)
    __scatterload_copy                       0x0001b105   Thumb Code    26  __scatter_copy.o(!!handler_copy)
    __scatterload_zeroinit                   0x0001b121   Thumb Code    28  __scatter_zi.o(!!handler_zi)
    __rt_lib_init                            0x0001b13d   Thumb Code     0  libinit.o(.ARM.Collect$$libinit$$00000000)
    __rt_lib_init_alloca_1                   0x0001b13f   Thumb Code     0  libinit2.o(.ARM.Collect$$libinit$$0000002E)
    __rt_lib_init_argv_1                     0x0001b13f   Thumb Code     0  libinit2.o(.ARM.Collect$$libinit$$0000002C)
    __rt_lib_init_atexit_1                   0x0001b13f   Thumb Code     0  libinit2.o(.ARM.Collect$$libinit$$0000001B)
    __rt_lib_init_clock_1                    0x0001b13f   Thumb Code     0  libinit2.o(.ARM.Collect$$libinit$$00000021)
    __rt_lib_init_cpp_1                      0x0001b13f   Thumb Code     0  libinit2.o(.ARM.Collect$$libinit$$00000032)
    __rt_lib_init_exceptions_1               0x0001b13f   Thumb Code     0  libinit2.o(.ARM.Collect$$libinit$$00000030)
    __rt_lib_init_fp_1                       0x0001b13f   Thumb Code     0  libinit2.o(.ARM.Collect$$libinit$$00000002)
    __rt_lib_init_fp_trap_1                  0x0001b13f   Thumb Code     0  libinit2.o(.ARM.Collect$$libinit$$0000001F)
    __rt_lib_init_getenv_1                   0x0001b13f   Thumb Code     0  libinit2.o(.ARM.Collect$$libinit$$00000023)
    __rt_lib_init_heap_1                     0x0001b13f   Thumb Code     0  libinit2.o(.ARM.Collect$$libinit$$0000000A)
    __rt_lib_init_lc_collate_1               0x0001b13f   Thumb Code     0  libinit2.o(.ARM.Collect$$libinit$$00000011)
    __rt_lib_init_lc_ctype_1                 0x0001b13f   Thumb Code     0  libinit2.o(.ARM.Collect$$libinit$$00000013)
    __rt_lib_init_lc_monetary_1              0x0001b13f   Thumb Code     0  libinit2.o(.ARM.Collect$$libinit$$00000015)
    __rt_lib_init_lc_numeric_1               0x0001b13f   Thumb Code     0  libinit2.o(.ARM.Collect$$libinit$$00000017)
    __rt_lib_init_lc_time_1                  0x0001b13f   Thumb Code     0  libinit2.o(.ARM.Collect$$libinit$$00000019)
    __rt_lib_init_preinit_1                  0x0001b13f   Thumb Code     0  libinit2.o(.ARM.Collect$$libinit$$00000004)
    __rt_lib_init_rand_1                     0x0001b13f   Thumb Code     0  libinit2.o(.ARM.Collect$$libinit$$0000000E)
    __rt_lib_init_return                     0x0001b13f   Thumb Code     0  libinit2.o(.ARM.Collect$$libinit$$00000033)
    __rt_lib_init_signal_1                   0x0001b13f   Thumb Code     0  libinit2.o(.ARM.Collect$$libinit$$0000001D)
    __rt_lib_init_stdio_1                    0x0001b13f   Thumb Code     0  libinit2.o(.ARM.Collect$$libinit$$00000025)
    __rt_lib_init_user_alloc_1               0x0001b13f   Thumb Code     0  libinit2.o(.ARM.Collect$$libinit$$0000000C)
    __rt_lib_shutdown                        0x0001b141   Thumb Code     0  libshutdown.o(.ARM.Collect$$libshutdown$$00000000)
    __rt_lib_shutdown_cpp_1                  0x0001b143   Thumb Code     0  libshutdown2.o(.ARM.Collect$$libshutdown$$00000002)
    __rt_lib_shutdown_fp_trap_1              0x0001b143   Thumb Code     0  libshutdown2.o(.ARM.Collect$$libshutdown$$00000007)
    __rt_lib_shutdown_heap_1                 0x0001b143   Thumb Code     0  libshutdown2.o(.ARM.Collect$$libshutdown$$0000000F)
    __rt_lib_shutdown_return                 0x0001b143   Thumb Code     0  libshutdown2.o(.ARM.Collect$$libshutdown$$00000010)
    __rt_lib_shutdown_signal_1               0x0001b143   Thumb Code     0  libshutdown2.o(.ARM.Collect$$libshutdown$$0000000A)
    __rt_lib_shutdown_stdio_1                0x0001b143   Thumb Code     0  libshutdown2.o(.ARM.Collect$$libshutdown$$00000004)
    __rt_lib_shutdown_user_alloc_1           0x0001b143   Thumb Code     0  libshutdown2.o(.ARM.Collect$$libshutdown$$0000000C)
    __rt_entry                               0x0001b145   Thumb Code     0  __rtentry.o(.ARM.Collect$$rtentry$$00000000)
    __rt_entry_presh_1                       0x0001b145   Thumb Code     0  __rtentry2.o(.ARM.Collect$$rtentry$$00000002)
    __rt_entry_sh                            0x0001b145   Thumb Code     0  __rtentry4.o(.ARM.Collect$$rtentry$$00000004)
    __rt_entry_li                            0x0001b14b   Thumb Code     0  __rtentry2.o(.ARM.Collect$$rtentry$$0000000A)
    __rt_entry_postsh_1                      0x0001b14b   Thumb Code     0  __rtentry2.o(.ARM.Collect$$rtentry$$00000009)
    __rt_entry_main                          0x0001b14f   Thumb Code     0  __rtentry2.o(.ARM.Collect$$rtentry$$0000000D)
    __rt_entry_postli_1                      0x0001b14f   Thumb Code     0  __rtentry2.o(.ARM.Collect$$rtentry$$0000000C)
    __rt_exit                                0x0001b157   Thumb Code     0  rtexit.o(.ARM.Collect$$rtexit$$00000000)
    __rt_exit_ls                             0x0001b159   Thumb Code     0  rtexit2.o(.ARM.Collect$$rtexit$$00000003)
    __rt_exit_prels_1                        0x0001b159   Thumb Code     0  rtexit2.o(.ARM.Collect$$rtexit$$00000002)
    __rt_exit_exit                           0x0001b15d   Thumb Code     0  rtexit2.o(.ARM.Collect$$rtexit$$00000004)
    __asm___11_app_timer_c_cd27f9c3__nrf_delay_us 0x0001b165   Thumb Code    30  app_timer.o(.emb_text)
    __aeabi_memcpy4                          0x0001b185   Thumb Code    56  rt_memcpy.o(.emb_text)
    __aeabi_memcpy8                          0x0001b185   Thumb Code     0  rt_memcpy.o(.emb_text)
    Reset_Handler                            0x0001b1bd   Thumb Code    26  arm_startup_nrf51.o(.text)
    NMI_Handler                              0x0001b1d7   Thumb Code     2  arm_startup_nrf51.o(.text)
    HardFault_Handler                        0x0001b1d9   Thumb Code     2  arm_startup_nrf51.o(.text)
    SVC_Handler                              0x0001b1db   Thumb Code     2  arm_startup_nrf51.o(.text)
    PendSV_Handler                           0x0001b1dd   Thumb Code     2  arm_startup_nrf51.o(.text)
    SysTick_Handler                          0x0001b1df   Thumb Code     2  arm_startup_nrf51.o(.text)
    ADC_IRQHandler                           0x0001b1e1   Thumb Code     0  arm_startup_nrf51.o(.text)
    CCM_AAR_IRQHandler                       0x0001b1e1   Thumb Code     0  arm_startup_nrf51.o(.text)
    ECB_IRQHandler                           0x0001b1e1   Thumb Code     0  arm_startup_nrf51.o(.text)
    LPCOMP_IRQHandler                        0x0001b1e1   Thumb Code     0  arm_startup_nrf51.o(.text)
    POWER_CLOCK_IRQHandler                   0x0001b1e1   Thumb Code     0  arm_startup_nrf51.o(.text)
    QDEC_IRQHandler                          0x0001b1e1   Thumb Code     0  arm_startup_nrf51.o(.text)
    RADIO_IRQHandler                         0x0001b1e1   Thumb Code     0  arm_startup_nrf51.o(.text)
    RNG_IRQHandler                           0x0001b1e1   Thumb Code     0  arm_startup_nrf51.o(.text)
    RTC0_IRQHandler                          0x0001b1e1   Thumb Code     0  arm_startup_nrf51.o(.text)
    SPI0_TWI0_IRQHandler                     0x0001b1e1   Thumb Code     0  arm_startup_nrf51.o(.text)
    SPI1_TWI1_IRQHandler                     0x0001b1e1   Thumb Code     0  arm_startup_nrf51.o(.text)
    SWI1_IRQHandler                          0x0001b1e1   Thumb Code     0  arm_startup_nrf51.o(.text)
    SWI3_IRQHandler                          0x0001b1e1   Thumb Code     0  arm_startup_nrf51.o(.text)
    SWI4_IRQHandler                          0x0001b1e1   Thumb Code     0  arm_startup_nrf51.o(.text)
    SWI5_IRQHandler                          0x0001b1e1   Thumb Code     0  arm_startup_nrf51.o(.text)
    TEMP_IRQHandler                          0x0001b1e1   Thumb Code     0  arm_startup_nrf51.o(.text)
    TIMER0_IRQHandler                        0x0001b1e1   Thumb Code     0  arm_startup_nrf51.o(.text)
    TIMER1_IRQHandler                        0x0001b1e1   Thumb Code     0  arm_startup_nrf51.o(.text)
    TIMER2_IRQHandler                        0x0001b1e1   Thumb Code     0  arm_startup_nrf51.o(.text)
    WDT_IRQHandler                           0x0001b1e1   Thumb Code     0  arm_startup_nrf51.o(.text)
    __user_initial_stackheap                 0x0001b1e5   Thumb Code    10  arm_startup_nrf51.o(.text)
    memcmp                                   0x0001b211   Thumb Code    90  memcmp.o(.text)
    strcpy                                   0x0001b26d   Thumb Code    70  strcpy.o(.text)
    strlen                                   0x0001b2b9   Thumb Code    62  strlen.o(.text)
    __aeabi_memcpy                           0x0001b2fd   Thumb Code   130  rt_memcpy.o(.text)
    __rt_memcpy                              0x0001b2fd   Thumb Code     0  rt_memcpy.o(.text)
    _memset_w                                0x0001b37f   Thumb Code    26  rt_memclr.o(.text)
    _memset                                  0x0001b399   Thumb Code    30  rt_memclr.o(.text)
    __aeabi_memclr                           0x0001b3b7   Thumb Code     4  rt_memclr.o(.text)
    __rt_memclr                              0x0001b3b7   Thumb Code     0  rt_memclr.o(.text)
    __aeabi_memclr4                          0x0001b3bb   Thumb Code     0  rt_memclr.o(.text)
    __aeabi_memclr8                          0x0001b3bb   Thumb Code     0  rt_memclr.o(.text)
    __rt_memclr_w                            0x0001b3bb   Thumb Code     4  rt_memclr.o(.text)
    __aeabi_uidiv                            0x0001b3bf   Thumb Code     0  aeabi_sdiv.o(.text)
    __aeabi_uidivmod                         0x0001b3bf   Thumb Code    20  aeabi_sdiv.o(.text)
    __aeabi_idiv                             0x0001b3d3   Thumb Code     0  aeabi_sdiv.o(.text)
    __aeabi_idivmod                          0x0001b3d3   Thumb Code   326  aeabi_sdiv.o(.text)
    __use_two_region_memory                  0x0001b519   Thumb Code     2  heapauxi.o(.text)
    __rt_heap_escrow                         0x0001b51b   Thumb Code     2  heapauxi.o(.text)
    __rt_heap_expand                         0x0001b51d   Thumb Code     2  heapauxi.o(.text)
    __user_setup_stackheap                   0x0001b51f   Thumb Code    62  sys_stackheap_outer.o(.text)
    exit                                     0x0001b55d   Thumb Code    16  exit.o(.text)
    __user_libspace                          0x0001b56d   Thumb Code     8  libspace.o(.text)
    __user_perproc_libspace                  0x0001b56d   Thumb Code     0  libspace.o(.text)
    __user_perthread_libspace                0x0001b56d   Thumb Code     0  libspace.o(.text)
    GPIOTE_IRQHandler                        0x0001b575   Thumb Code   312  nrf_drv_gpiote.o(i.GPIOTE_IRQHandler)
    RTC1_IRQHandler                          0x0001b70d   Thumb Code    28  app_timer.o(i.RTC1_IRQHandler)
    SEGGER_RTT_ConfigDownBuffer              0x0001b72d   Thumb Code    70  segger_rtt.o(i.SEGGER_RTT_ConfigDownBuffer)
    SEGGER_RTT_ConfigUpBuffer                0x0001b779   Thumb Code    70  segger_rtt.o(i.SEGGER_RTT_ConfigUpBuffer)
    SEGGER_RTT_Write                         0x0001b7c5   Thumb Code    32  segger_rtt.o(i.SEGGER_RTT_Write)
    SEGGER_RTT_WriteNoLock                   0x0001b7e9   Thumb Code    86  segger_rtt.o(i.SEGGER_RTT_WriteNoLock)
    SEGGER_RTT_WriteString                   0x0001b845   Thumb Code    24  segger_rtt.o(i.SEGGER_RTT_WriteString)
    SEGGER_RTT_printf                        0x0001b85d   Thumb Code    24  segger_rtt_printf.o(i.SEGGER_RTT_printf)
    SEGGER_RTT_vprintf                       0x0001b875   Thumb Code   404  segger_rtt_printf.o(i.SEGGER_RTT_vprintf)
    SWI0_IRQHandler                          0x0001ba09   Thumb Code     8  app_timer.o(i.SWI0_IRQHandler)
    SWI2_IRQHandler                          0x0001ba11   Thumb Code    34  softdevice_handler.o(i.SWI2_IRQHandler)
    SystemInit                               0x0001ba3d   Thumb Code   130  system_nrf51.o(i.SystemInit)
    UART0_IRQHandler                         0x0001badd   Thumb Code     8  nrf_drv_uart.o(i.UART0_IRQHandler)
    __ARM_common_switch8                     0x0001bde3   Thumb Code    26  bsp.o(i.__ARM_common_switch8)
    _sys_exit                                0x0001bdfd   Thumb Code     2  rtt_syscalls_keil.o(i._sys_exit)
    adv_data_encode                          0x0001bdff   Thumb Code   534  ble_advdata.o(i.adv_data_encode)
    app_error_fault_handler                  0x0001c105   Thumb Code    26  app_error_weak.o(i.app_error_fault_handler)
    app_error_handler                        0x0001c121   Thumb Code    22  app_error.o(i.app_error_handler)
    app_error_save_and_stop                  0x0001c13d   Thumb Code    90  app_error.o(i.app_error_save_and_stop)
    app_timer_create                         0x0001c1f9   Thumb Code    44  app_timer.o(i.app_timer_create)
    app_timer_init                           0x0001c229   Thumb Code   126  app_timer.o(i.app_timer_init)
    app_timer_start                          0x0001c2b9   Thumb Code   114  app_timer.o(i.app_timer_start)
    app_timer_stop                           0x0001c335   Thumb Code    78  app_timer.o(i.app_timer_stop)
    ble_advdata_set                          0x0001c389   Thumb Code   104  ble_advdata.o(i.ble_advdata_set)
    ble_advertising_init                     0x0001c3f1   Thumb Code   284  ble_advertising.o(i.ble_advertising_init)
    ble_advertising_on_ble_evt               0x0001c515   Thumb Code   118  ble_advertising.o(i.ble_advertising_on_ble_evt)
    ble_advertising_on_sys_evt               0x0001c591   Thumb Code    42  ble_advertising.o(i.ble_advertising_on_sys_evt)
    ble_advertising_restart_without_whitelist 0x0001c5d1   Thumb Code    78  ble_advertising.o(i.ble_advertising_restart_without_whitelist)
    ble_advertising_start                    0x0001c629   Thumb Code   482  ble_advertising.o(i.ble_advertising_start)
    ble_conn_params_init                     0x0001c815   Thumb Code    68  ble_conn_params.o(i.ble_conn_params_init)
    ble_conn_params_on_ble_evt               0x0001c869   Thumb Code   132  ble_conn_params.o(i.ble_conn_params_on_ble_evt)
    bond_data_load                           0x0001ca71   Thumb Code    58  device_manager_peripheral.o(i.bond_data_load)
    bsp_btn_ble_init                         0x0001cab9   Thumb Code    80  bsp_btn_ble.o(i.bsp_btn_ble_init)
    bsp_btn_ble_on_ble_evt                   0x0001cb0d   Thumb Code   114  bsp_btn_ble.o(i.bsp_btn_ble_on_ble_evt)
    bsp_btn_ble_sleep_mode_prepare           0x0001cb85   Thumb Code    20  bsp_btn_ble.o(i.bsp_btn_ble_sleep_mode_prepare)
    bsp_button_is_pressed                    0x0001cb99   Thumb Code     6  bsp.o(i.bsp_button_is_pressed)
    bsp_event_handler                        0x0001cba1   Thumb Code    68  main.o(i.bsp_event_handler)
    bsp_event_to_button_action_assign        0x0001cbf9   Thumb Code     4  bsp.o(i.bsp_event_to_button_action_assign)
    bsp_indication_set                       0x0001cbfd   Thumb Code    22  bsp.o(i.bsp_indication_set)
    bsp_init                                 0x0001cc19   Thumb Code    54  bsp.o(i.bsp_init)
    bsp_wakeup_buttons_set                   0x0001ce4d   Thumb Code     4  bsp.o(i.bsp_wakeup_buttons_set)
    chunk_queue_next                         0x0001ce81   Thumb Code    20  fds.o(i.chunk_queue_next)
    dcs_service_init                         0x0001d3f5   Thumb Code    82  dcs_service.o(i.dcs_service_init)
    dm_ble_evt_handler                       0x0001d72d   Thumb Code   960  device_manager_peripheral.o(i.dm_ble_evt_handler)
    dm_handle_initialize                     0x0001db09   Thumb Code    22  device_manager_peripheral.o(i.dm_handle_initialize)
    dm_init                                  0x0001db25   Thumb Code   174  device_manager_peripheral.o(i.dm_init)
    dm_register                              0x0001dd7d   Thumb Code   104  device_manager_peripheral.o(i.dm_register)
    fds_dcs_init                             0x0001debd   Thumb Code    18  dat_saver.o(i.fds_dcs_init)
    fds_dcs_overwrite                        0x0001ded5   Thumb Code    66  dat_saver.o(i.fds_dcs_overwrite)
    fds_dcs_read                             0x0001df51   Thumb Code   120  dat_saver.o(i.fds_dcs_read)
    fds_init                                 0x0001e019   Thumb Code   134  fds.o(i.fds_init)
    fds_record_close                         0x0001e0a5   Thumb Code    60  fds.o(i.fds_record_close)
    fds_record_find                          0x0001e0e5   Thumb Code    14  fds.o(i.fds_record_find)
    fds_record_open                          0x0001e0f5   Thumb Code    64  fds.o(i.fds_record_open)
    fds_record_write                         0x0001e139   Thumb Code    12  fds.o(i.fds_record_write)
    fds_register                             0x0001e145   Thumb Code    28  fds.o(i.fds_register)
    fs_erase                                 0x0001e23d   Thumb Code   116  fstorage.o(i.fs_erase)
    fs_init                                  0x0001e2c1   Thumb Code   116  fstorage.o(i.fs_init)
    fs_queued_op_count_get                   0x0001e345   Thumb Code    18  fstorage.o(i.fs_queued_op_count_get)
    fs_store                                 0x0001e35d   Thumb Code   124  fstorage.o(i.fs_store)
    intern_softdevice_events_execute         0x0001e9e1   Thumb Code   124  softdevice_handler.o(i.intern_softdevice_events_execute)
    log_rtt_init                             0x0001ed21   Thumb Code    58  nrf_log.o(i.log_rtt_init)
    log_rtt_printf                           0x0001ed79   Thumb Code    24  nrf_log.o(i.log_rtt_printf)
    main                                     0x0001ed91   Thumb Code   324  main.o(i.main)
    pstorage_access_status_get               0x0001f3cd   Thumb Code    30  pstorage.o(i.pstorage_access_status_get)
    pstorage_block_identifier_get            0x0001f3f5   Thumb Code    78  pstorage.o(i.pstorage_block_identifier_get)
    pstorage_clear                           0x0001f44d   Thumb Code   160  pstorage.o(i.pstorage_clear)
    pstorage_init                            0x0001f525   Thumb Code    82  pstorage.o(i.pstorage_init)
    pstorage_load                            0x0001f581   Thumb Code   162  pstorage.o(i.pstorage_load)
    pstorage_register                        0x0001f62d   Thumb Code   180  pstorage.o(i.pstorage_register)
    pstorage_store                           0x0001f6e9   Thumb Code   138  pstorage.o(i.pstorage_store)
    pstorage_sys_event_handler               0x0001f77d   Thumb Code    72  pstorage.o(i.pstorage_sys_event_handler)
    pstorage_update                          0x0001f7c9   Thumb Code   138  pstorage.o(i.pstorage_update)
    sd_check_ram_start                       0x0001fc89   Thumb Code    44  softdevice_handler.o(i.sd_check_ram_start)
    softdevice_ble_evt_handler_set           0x0001fefd   Thumb Code    16  softdevice_handler.o(i.softdevice_ble_evt_handler_set)
    softdevice_enable                        0x0001ff11   Thumb Code    86  softdevice_handler.o(i.softdevice_enable)
    softdevice_enable_get_default_config     0x00020011   Thumb Code    40  softdevice_handler.o(i.softdevice_enable_get_default_config)
    softdevice_fault_handler                 0x00020039   Thumb Code     8  softdevice_handler.o(i.softdevice_fault_handler)
    softdevice_handler_init                  0x00020041   Thumb Code    60  softdevice_handler.o(i.softdevice_handler_init)
    softdevice_sys_evt_handler_set           0x00020085   Thumb Code    16  softdevice_handler.o(i.softdevice_sys_evt_handler_set)
    m_context_init_len                       0x00020a34   Data           4  device_manager_peripheral.o(.constdata)
    m_service_context_store                  0x00020a38   Data          16  device_manager_peripheral.o(.constdata)
    m_service_context_load                   0x00020a48   Data          16  device_manager_peripheral.o(.constdata)
    m_service_context_apply                  0x00020a58   Data          16  device_manager_peripheral.o(.constdata)
    Region$$Table$$Base                      0x00020b58   Number         0  anon$$obj.o(Region$$Table)
    Region$$Table$$Limit                     0x00020b78   Number         0  anon$$obj.o(Region$$Table)
    Image$$RW_IRAM1$$Base                    0x20002080   Number         0  anon$$obj.o ABSOLUTE
    nrf_nvic_state                           0x20002168   Data           8  softdevice_handler.o(.data)
    SystemCoreClock                          0x20002170   Data           4  system_nrf51.o(.data)
    fs_data$$Base                            0x20002174   Number         0  fds.o(fs_data)
    fs_data$$Limit                           0x20002184   Number         0  fds.o(fs_data)
    m_dcs_service                            0x20002394   Data          12  main.o(.bss)
    _SEGGER_RTT                              0x20003164   Data         120  segger_rtt.o(.bss)
    __libspace_start                         0x200031dc   Data          96  libspace.o(.bss)
    __temporary_stack_top$libspace           0x2000323c   Data           0  libspace.o(.bss)



==============================================================================

Memory Map of the image

  Image Entry point : 0x0001b0c1

  Load Region LR_IROM1 (Base: 0x0001b000, Size: 0x00005c7c, Max: 0x00025000, ABSOLUTE)

    Execution Region ER_IROM1 (Exec base: 0x0001b000, Load base: 0x0001b000, Size: 0x00005b78, Max: 0x00025000, ABSOLUTE)

    Exec Addr    Load Addr    Size         Type   Attr      Idx    E Section Name        Object

    0x0001b000   0x0001b000   0x000000c0   Data   RO         3106    RESET               arm_startup_nrf51.o
    0x0001b0c0   0x0001b0c0   0x00000008   Code   RO         3186  * !!!main             c_p.l(__main.o)
    0x0001b0c8   0x0001b0c8   0x0000003c   Code   RO         3496    !!!scatter          c_p.l(__scatter.o)
    0x0001b104   0x0001b104   0x0000001a   Code   RO         3498    !!handler_copy      c_p.l(__scatter_copy.o)
    0x0001b11e   0x0001b11e   0x00000002   PAD
    0x0001b120   0x0001b120   0x0000001c   Code   RO         3500    !!handler_zi        c_p.l(__scatter_zi.o)
    0x0001b13c   0x0001b13c   0x00000002   Code   RO         3428    .ARM.Collect$$libinit$$00000000  c_p.l(libinit.o)
    0x0001b13e   0x0001b13e   0x00000000   Code   RO         3310    .ARM.Collect$$libinit$$00000002  c_p.l(libinit2.o)
    0x0001b13e   0x0001b13e   0x00000000   Code   RO         3312    .ARM.Collect$$libinit$$00000004  c_p.l(libinit2.o)
    0x0001b13e   0x0001b13e   0x00000000   Code   RO         3315    .ARM.Collect$$libinit$$0000000A  c_p.l(libinit2.o)
    0x0001b13e   0x0001b13e   0x00000000   Code   RO         3317    .ARM.Collect$$libinit$$0000000C  c_p.l(libinit2.o)
    0x0001b13e   0x0001b13e   0x00000000   Code   RO         3319    .ARM.Collect$$libinit$$0000000E  c_p.l(libinit2.o)
    0x0001b13e   0x0001b13e   0x00000000   Code   RO         3322    .ARM.Collect$$libinit$$00000011  c_p.l(libinit2.o)
    0x0001b13e   0x0001b13e   0x00000000   Code   RO         3324    .ARM.Collect$$libinit$$00000013  c_p.l(libinit2.o)
    0x0001b13e   0x0001b13e   0x00000000   Code   RO         3326    .ARM.Collect$$libinit$$00000015  c_p.l(libinit2.o)
    0x0001b13e   0x0001b13e   0x00000000   Code   RO         3328    .ARM.Collect$$libinit$$00000017  c_p.l(libinit2.o)
    0x0001b13e   0x0001b13e   0x00000000   Code   RO         3330    .ARM.Collect$$libinit$$00000019  c_p.l(libinit2.o)
    0x0001b13e   0x0001b13e   0x00000000   Code   RO         3332    .ARM.Collect$$libinit$$0000001B  c_p.l(libinit2.o)
    0x0001b13e   0x0001b13e   0x00000000   Code   RO         3334    .ARM.Collect$$libinit$$0000001D  c_p.l(libinit2.o)
    0x0001b13e   0x0001b13e   0x00000000   Code   RO         3336    .ARM.Collect$$libinit$$0000001F  c_p.l(libinit2.o)
    0x0001b13e   0x0001b13e   0x00000000   Code   RO         3338    .ARM.Collect$$libinit$$00000021  c_p.l(libinit2.o)
    0x0001b13e   0x0001b13e   0x00000000   Code   RO         3340    .ARM.Collect$$libinit$$00000023  c_p.l(libinit2.o)
    0x0001b13e   0x0001b13e   0x00000000   Code   RO         3342    .ARM.Collect$$libinit$$00000025  c_p.l(libinit2.o)
    0x0001b13e   0x0001b13e   0x00000000   Code   RO         3346    .ARM.Collect$$libinit$$0000002C  c_p.l(libinit2.o)
    0x0001b13e   0x0001b13e   0x00000000   Code   RO         3348    .ARM.Collect$$libinit$$0000002E  c_p.l(libinit2.o)
    0x0001b13e   0x0001b13e   0x00000000   Code   RO         3350    .ARM.Collect$$libinit$$00000030  c_p.l(libinit2.o)
    0x0001b13e   0x0001b13e   0x00000000   Code   RO         3352    .ARM.Collect$$libinit$$00000032  c_p.l(libinit2.o)
    0x0001b13e   0x0001b13e   0x00000002   Code   RO         3353    .ARM.Collect$$libinit$$00000033  c_p.l(libinit2.o)
    0x0001b140   0x0001b140   0x00000002   Code   RO         3493    .ARM.Collect$$libshutdown$$00000000  c_p.l(libshutdown.o)
    0x0001b142   0x0001b142   0x00000000   Code   RO         3355    .ARM.Collect$$libshutdown$$00000002  c_p.l(libshutdown2.o)
    0x0001b142   0x0001b142   0x00000000   Code   RO         3357    .ARM.Collect$$libshutdown$$00000004  c_p.l(libshutdown2.o)
    0x0001b142   0x0001b142   0x00000000   Code   RO         3360    .ARM.Collect$$libshutdown$$00000007  c_p.l(libshutdown2.o)
    0x0001b142   0x0001b142   0x00000000   Code   RO         3363    .ARM.Collect$$libshutdown$$0000000A  c_p.l(libshutdown2.o)
    0x0001b142   0x0001b142   0x00000000   Code   RO         3365    .ARM.Collect$$libshutdown$$0000000C  c_p.l(libshutdown2.o)
    0x0001b142   0x0001b142   0x00000000   Code   RO         3368    .ARM.Collect$$libshutdown$$0000000F  c_p.l(libshutdown2.o)
    0x0001b142   0x0001b142   0x00000002   Code   RO         3369    .ARM.Collect$$libshutdown$$00000010  c_p.l(libshutdown2.o)
    0x0001b144   0x0001b144   0x00000000   Code   RO         3188    .ARM.Collect$$rtentry$$00000000  c_p.l(__rtentry.o)
    0x0001b144   0x0001b144   0x00000000   Code   RO         3209    .ARM.Collect$$rtentry$$00000002  c_p.l(__rtentry2.o)
    0x0001b144   0x0001b144   0x00000006   Code   RO         3221    .ARM.Collect$$rtentry$$00000004  c_p.l(__rtentry4.o)
    0x0001b14a   0x0001b14a   0x00000000   Code   RO         3211    .ARM.Collect$$rtentry$$00000009  c_p.l(__rtentry2.o)
    0x0001b14a   0x0001b14a   0x00000004   Code   RO         3212    .ARM.Collect$$rtentry$$0000000A  c_p.l(__rtentry2.o)
    0x0001b14e   0x0001b14e   0x00000000   Code   RO         3214    .ARM.Collect$$rtentry$$0000000C  c_p.l(__rtentry2.o)
    0x0001b14e   0x0001b14e   0x00000008   Code   RO         3215    .ARM.Collect$$rtentry$$0000000D  c_p.l(__rtentry2.o)
    0x0001b156   0x0001b156   0x00000002   Code   RO         3435    .ARM.Collect$$rtexit$$00000000  c_p.l(rtexit.o)
    0x0001b158   0x0001b158   0x00000000   Code   RO         3463    .ARM.Collect$$rtexit$$00000002  c_p.l(rtexit2.o)
    0x0001b158   0x0001b158   0x00000004   Code   RO         3464    .ARM.Collect$$rtexit$$00000003  c_p.l(rtexit2.o)
    0x0001b15c   0x0001b15c   0x00000006   Code   RO         3465    .ARM.Collect$$rtexit$$00000004  c_p.l(rtexit2.o)
    0x0001b162   0x0001b162   0x00000002   PAD
    0x0001b164   0x0001b164   0x0000001e   Code   RO         2007    .emb_text           app_timer.o
    0x0001b182   0x0001b182   0x00000002   PAD
    0x0001b184   0x0001b184   0x00000038   Code   RO         3172    .emb_text           c_p.l(rt_memcpy.o)
    0x0001b1bc   0x0001b1bc   0x00000054   Code   RO         3107    .text               arm_startup_nrf51.o
    0x0001b210   0x0001b210   0x0000005a   Code   RO         3166    .text               c_p.l(memcmp.o)
    0x0001b26a   0x0001b26a   0x00000002   PAD
    0x0001b26c   0x0001b26c   0x0000004c   Code   RO         3168    .text               c_p.l(strcpy.o)
    0x0001b2b8   0x0001b2b8   0x00000044   Code   RO         3170    .text               c_p.l(strlen.o)
    0x0001b2fc   0x0001b2fc   0x00000082   Code   RO         3173    .text               c_p.l(rt_memcpy.o)
    0x0001b37e   0x0001b37e   0x00000040   Code   RO         3176    .text               c_p.l(rt_memclr.o)
    0x0001b3be   0x0001b3be   0x0000015a   Code   RO         3180    .text               c_p.l(aeabi_sdiv.o)
    0x0001b518   0x0001b518   0x00000006   Code   RO         3184    .text               c_p.l(heapauxi.o)
    0x0001b51e   0x0001b51e   0x0000003e   Code   RO         3370    .text               c_p.l(sys_stackheap_outer.o)
    0x0001b55c   0x0001b55c   0x00000010   Code   RO         3409    .text               c_p.l(exit.o)
    0x0001b56c   0x0001b56c   0x00000008   Code   RO         3431    .text               c_p.l(libspace.o)
    0x0001b574   0x0001b574   0x00000154   Code   RO         1290    i.GPIOTE_IRQHandler  nrf_drv_gpiote.o
    0x0001b6c8   0x0001b6c8   0x00000044   Code   RO         2008    i.NVIC_SetPriority  app_timer.o
    0x0001b70c   0x0001b70c   0x00000020   Code   RO         2009    i.RTC1_IRQHandler   app_timer.o
    0x0001b72c   0x0001b72c   0x0000004c   Code   RO         2822    i.SEGGER_RTT_ConfigDownBuffer  segger_rtt.o
    0x0001b778   0x0001b778   0x0000004c   Code   RO         2823    i.SEGGER_RTT_ConfigUpBuffer  segger_rtt.o
    0x0001b7c4   0x0001b7c4   0x00000024   Code   RO         2835    i.SEGGER_RTT_Write  segger_rtt.o
    0x0001b7e8   0x0001b7e8   0x0000005c   Code   RO         2836    i.SEGGER_RTT_WriteNoLock  segger_rtt.o
    0x0001b844   0x0001b844   0x00000018   Code   RO         2838    i.SEGGER_RTT_WriteString  segger_rtt.o
    0x0001b85c   0x0001b85c   0x00000018   Code   RO         2960    i.SEGGER_RTT_printf  segger_rtt_printf.o
    0x0001b874   0x0001b874   0x00000194   Code   RO         2961    i.SEGGER_RTT_vprintf  segger_rtt_printf.o
    0x0001ba08   0x0001ba08   0x00000008   Code   RO         2010    i.SWI0_IRQHandler   app_timer.o
    0x0001ba10   0x0001ba10   0x0000002c   Code   RO         2996    i.SWI2_IRQHandler   softdevice_handler.o
    0x0001ba3c   0x0001ba3c   0x000000a0   Code   RO         3114    i.SystemInit        system_nrf51.o
    0x0001badc   0x0001badc   0x00000008   Code   RO         1480    i.UART0_IRQHandler  nrf_drv_uart.o
    0x0001bae4   0x0001bae4   0x0000006c   Code   RO         2839    i._DoInit           segger_rtt.o
    0x0001bb50   0x0001bb50   0x00000016   Code   RO         2840    i._GetAvailWriteSpace  segger_rtt.o
    0x0001bb66   0x0001bb66   0x000000c8   Code   RO         2962    i._PrintInt         segger_rtt_printf.o
    0x0001bc2e   0x0001bc2e   0x00000002   PAD
    0x0001bc30   0x0001bc30   0x000000d8   Code   RO         2963    i._PrintUnsigned    segger_rtt_printf.o
    0x0001bd08   0x0001bd08   0x0000003e   Code   RO         2964    i._StoreChar        segger_rtt_printf.o
    0x0001bd46   0x0001bd46   0x00000060   Code   RO         2842    i._WriteBlocking    segger_rtt.o
    0x0001bda6   0x0001bda6   0x0000003c   Code   RO         2843    i._WriteNoCheck     segger_rtt.o
    0x0001bde2   0x0001bde2   0x0000001a   Code   RO          525    i.__ARM_common_switch8  bsp.o
    0x0001bdfc   0x0001bdfc   0x00000002   Code   RO         2734    i._sys_exit         rtt_syscalls_keil.o
    0x0001bdfe   0x0001bdfe   0x00000216   Code   RO          594    i.adv_data_encode   ble_advdata.o
    0x0001c014   0x0001c014   0x0000003c   Code   RO          552    i.advertising_buttons_configure  bsp_btn_ble.o
    0x0001c050   0x0001c050   0x0000009c   Code   RO            3    i.advertising_init  main.o
    0x0001c0ec   0x0001c0ec   0x00000018   Code   RO          443    i.alert_timer_handler  bsp.o
    0x0001c104   0x0001c104   0x0000001a   Code   RO         1987    i.app_error_fault_handler  app_error_weak.o
    0x0001c11e   0x0001c11e   0x00000002   PAD
    0x0001c120   0x0001c120   0x0000001c   Code   RO         1951    i.app_error_handler  app_error.o
    0x0001c13c   0x0001c13c   0x00000064   Code   RO         1953    i.app_error_save_and_stop  app_error.o
    0x0001c1a0   0x0001c1a0   0x0000000c   Code   RO          875    i.app_evt_notify    device_manager_peripheral.o
    0x0001c1ac   0x0001c1ac   0x0000002c   Code   RO         1648    i.app_notify        pstorage.o
    0x0001c1d8   0x0001c1d8   0x00000020   Code   RO         1649    i.app_notify_error_state_transit  pstorage.o
    0x0001c1f8   0x0001c1f8   0x00000030   Code   RO         2013    i.app_timer_create  app_timer.o
    0x0001c228   0x0001c228   0x00000090   Code   RO         2014    i.app_timer_init    app_timer.o
    0x0001c2b8   0x0001c2b8   0x0000007c   Code   RO         2015    i.app_timer_start   app_timer.o
    0x0001c334   0x0001c334   0x00000054   Code   RO         2016    i.app_timer_stop    app_timer.o
    0x0001c388   0x0001c388   0x00000068   Code   RO          595    i.ble_advdata_set   ble_advdata.o
    0x0001c3f0   0x0001c3f0   0x00000124   Code   RO          672    i.ble_advertising_init  ble_advertising.o
    0x0001c514   0x0001c514   0x0000007c   Code   RO          673    i.ble_advertising_on_ble_evt  ble_advertising.o
    0x0001c590   0x0001c590   0x00000030   Code   RO          674    i.ble_advertising_on_sys_evt  ble_advertising.o
    0x0001c5c0   0x0001c5c0   0x00000010   Code   RO          676    i.ble_advertising_peer_address_clear  ble_advertising.o
    0x0001c5d0   0x0001c5d0   0x00000058   Code   RO          677    i.ble_advertising_restart_without_whitelist  ble_advertising.o
    0x0001c628   0x0001c628   0x000001ec   Code   RO          678    i.ble_advertising_start  ble_advertising.o
    0x0001c814   0x0001c814   0x00000054   Code   RO          762    i.ble_conn_params_init  ble_conn_params.o
    0x0001c868   0x0001c868   0x00000090   Code   RO          763    i.ble_conn_params_on_ble_evt  ble_conn_params.o
    0x0001c8f8   0x0001c8f8   0x0000005e   Code   RO          596    i.ble_device_addr_encode  ble_advdata.o
    0x0001c956   0x0001c956   0x00000002   PAD
    0x0001c958   0x0001c958   0x0000005c   Code   RO            5    i.ble_evt_dispatch  main.o
    0x0001c9b4   0x0001c9b4   0x000000bc   Code   RO            6    i.ble_stack_init    main.o
    0x0001ca70   0x0001ca70   0x00000048   Code   RO          876    i.bond_data_load    device_manager_peripheral.o
    0x0001cab8   0x0001cab8   0x00000054   Code   RO          553    i.bsp_btn_ble_init  bsp_btn_ble.o
    0x0001cb0c   0x0001cb0c   0x00000078   Code   RO          554    i.bsp_btn_ble_on_ble_evt  bsp_btn_ble.o
    0x0001cb84   0x0001cb84   0x00000014   Code   RO          555    i.bsp_btn_ble_sleep_mode_prepare  bsp_btn_ble.o
    0x0001cb98   0x0001cb98   0x00000006   Code   RO          444    i.bsp_button_is_pressed  bsp.o
    0x0001cb9e   0x0001cb9e   0x00000002   PAD
    0x0001cba0   0x0001cba0   0x00000058   Code   RO            7    i.bsp_event_handler  main.o
    0x0001cbf8   0x0001cbf8   0x00000004   Code   RO          448    i.bsp_event_to_button_action_assign  bsp.o
    0x0001cbfc   0x0001cbfc   0x0000001c   Code   RO          449    i.bsp_indication_set  bsp.o
    0x0001cc18   0x0001cc18   0x0000004c   Code   RO          451    i.bsp_init          bsp.o
    0x0001cc64   0x0001cc64   0x000001e8   Code   RO          452    i.bsp_led_indication  bsp.o
    0x0001ce4c   0x0001ce4c   0x00000004   Code   RO          453    i.bsp_wakeup_buttons_set  bsp.o
    0x0001ce50   0x0001ce50   0x00000010   Code   RO         1293    i.channel_port_get  nrf_drv_gpiote.o
    0x0001ce60   0x0001ce60   0x00000020   Code   RO         2209    i.check_config      fstorage.o
    0x0001ce80   0x0001ce80   0x00000018   Code   RO         2422    i.chunk_queue_next  fds.o
    0x0001ce98   0x0001ce98   0x000000d0   Code   RO          304    i.cic_char_add      dcs_service.o
    0x0001cf68   0x0001cf68   0x00000104   Code   RO         1650    i.clear_operation_execute  pstorage.o
    0x0001d06c   0x0001d06c   0x00000024   Code   RO         1651    i.clear_post_processing_run  pstorage.o
    0x0001d090   0x0001d090   0x00000038   Code   RO         1652    i.cmd_process       pstorage.o
    0x0001d0c8   0x0001d0c8   0x00000020   Code   RO         1653    i.cmd_queue_element_init  pstorage.o
    0x0001d0e8   0x0001d0e8   0x0000004c   Code   RO         1654    i.cmd_queue_enqueue  pstorage.o
    0x0001d134   0x0001d134   0x0000003c   Code   RO         1655    i.command_end_procedure_run  pstorage.o
    0x0001d170   0x0001d170   0x000000a8   Code   RO         2018    i.compare_reg_update  app_timer.o
    0x0001d218   0x0001d218   0x00000088   Code   RO          597    i.conn_int_encode   ble_advdata.o
    0x0001d2a0   0x0001d2a0   0x0000001c   Code   RO            8    i.conn_params_error_handler  main.o
    0x0001d2bc   0x0001d2bc   0x00000068   Code   RO          765    i.conn_params_negotiation  ble_conn_params.o
    0x0001d324   0x0001d324   0x00000030   Code   RO          877    i.connection_instance_find  device_manager_peripheral.o
    0x0001d354   0x0001d354   0x00000024   Code   RO          878    i.connection_instance_init  device_manager_peripheral.o
    0x0001d378   0x0001d378   0x00000054   Code   RO         1656    i.data_page_erase_state_run  pstorage.o
    0x0001d3cc   0x0001d3cc   0x00000028   Code   RO         1657    i.data_to_swap_write_state_run  pstorage.o
    0x0001d3f4   0x0001d3f4   0x00000074   Code   RO          306    i.dcs_service_init  dcs_service.o
    0x0001d468   0x0001d468   0x000000a4   Code   RO         2423    i.delete_execute    fds.o
    0x0001d50c   0x0001d50c   0x000000b4   Code   RO          879    i.device_context_store  device_manager_peripheral.o
    0x0001d5c0   0x0001d5c0   0x00000054   Code   RO          880    i.device_instance_allocate  device_manager_peripheral.o
    0x0001d614   0x0001d614   0x00000048   Code   RO          881    i.device_instance_find  device_manager_peripheral.o
    0x0001d65c   0x0001d65c   0x0000002c   Code   RO          882    i.device_instance_free  device_manager_peripheral.o
    0x0001d688   0x0001d688   0x00000024   Code   RO            9    i.device_manager_evt_handler  main.o
    0x0001d6ac   0x0001d6ac   0x00000080   Code   RO           10    i.device_manager_init  main.o
    0x0001d72c   0x0001d72c   0x000003dc   Code   RO          887    i.dm_ble_evt_handler  device_manager_peripheral.o
    0x0001db08   0x0001db08   0x0000001c   Code   RO          893    i.dm_handle_initialize  device_manager_peripheral.o
    0x0001db24   0x0001db24   0x000000c4   Code   RO          894    i.dm_init           device_manager_peripheral.o
    0x0001dbe8   0x0001dbe8   0x00000194   Code   RO          897    i.dm_pstorage_cb_handler  device_manager_peripheral.o
    0x0001dd7c   0x0001dd7c   0x00000074   Code   RO          898    i.dm_register       device_manager_peripheral.o
    0x0001ddf0   0x0001ddf0   0x00000040   Code   RO         2019    i.elapsed_ticks_acquire  app_timer.o
    0x0001de30   0x0001de30   0x0000006a   Code   RO         2424    i.event_prepare     fds.o
    0x0001de9a   0x0001de9a   0x00000002   PAD
    0x0001de9c   0x0001de9c   0x00000020   Code   RO         2425    i.event_send        fds.o
    0x0001debc   0x0001debc   0x00000018   Code   RO          401    i.fds_dcs_init      dat_saver.o
    0x0001ded4   0x0001ded4   0x0000007c   Code   RO          402    i.fds_dcs_overwrite  dat_saver.o
    0x0001df50   0x0001df50   0x000000c8   Code   RO          403    i.fds_dcs_read      dat_saver.o
    0x0001e018   0x0001e018   0x0000008c   Code   RO         2429    i.fds_init          fds.o
    0x0001e0a4   0x0001e0a4   0x00000040   Code   RO         2430    i.fds_record_close  fds.o
    0x0001e0e4   0x0001e0e4   0x0000000e   Code   RO         2432    i.fds_record_find   fds.o
    0x0001e0f2   0x0001e0f2   0x00000002   PAD
    0x0001e0f4   0x0001e0f4   0x00000044   Code   RO         2437    i.fds_record_open   fds.o
    0x0001e138   0x0001e138   0x0000000c   Code   RO         2439    i.fds_record_write  fds.o
    0x0001e144   0x0001e144   0x00000024   Code   RO         2441    i.fds_register      fds.o
    0x0001e168   0x0001e168   0x00000010   Code   RO         2445    i.flag_clear        fds.o
    0x0001e178   0x0001e178   0x00000010   Code   RO         2446    i.flag_set          fds.o
    0x0001e188   0x0001e188   0x00000020   Code   RO         1658    i.flash_api_err_code_process  pstorage.o
    0x0001e1a8   0x0001e1a8   0x00000080   Code   RO         1659    i.flash_operation_success_run  pstorage.o
    0x0001e228   0x0001e228   0x0000000a   Code   RO         1660    i.flash_page_erase  pstorage.o
    0x0001e232   0x0001e232   0x0000000a   Code   RO         1661    i.flash_write       pstorage.o
    0x0001e23c   0x0001e23c   0x00000078   Code   RO         2210    i.fs_erase          fstorage.o
    0x0001e2b4   0x0001e2b4   0x0000000a   Code   RO         2447    i.fs_event_handler  fds.o
    0x0001e2be   0x0001e2be   0x00000002   PAD
    0x0001e2c0   0x0001e2c0   0x00000084   Code   RO         2211    i.fs_init           fstorage.o
    0x0001e344   0x0001e344   0x00000018   Code   RO         2212    i.fs_queued_op_count_get  fstorage.o
    0x0001e35c   0x0001e35c   0x00000080   Code   RO         2213    i.fs_store          fstorage.o
    0x0001e3dc   0x0001e3dc   0x00000068   Code   RO           11    i.gap_params_init   main.o
    0x0001e444   0x0001e444   0x00000004   Code   RO          905    i.gattc_context_apply  device_manager_peripheral.o
    0x0001e448   0x0001e448   0x00000004   Code   RO          906    i.gattc_context_load  device_manager_peripheral.o
    0x0001e44c   0x0001e44c   0x00000004   Code   RO          907    i.gattc_context_store  device_manager_peripheral.o
    0x0001e450   0x0001e450   0x000000b0   Code   RO          908    i.gatts_context_apply  device_manager_peripheral.o
    0x0001e500   0x0001e500   0x00000030   Code   RO          909    i.gatts_context_load  device_manager_peripheral.o
    0x0001e530   0x0001e530   0x000000ac   Code   RO          910    i.gatts_context_store  device_manager_peripheral.o
    0x0001e5dc   0x0001e5dc   0x00000008   Code   RO          911    i.gattsc_context_apply  device_manager_peripheral.o
    0x0001e5e4   0x0001e5e4   0x00000008   Code   RO          912    i.gattsc_context_load  device_manager_peripheral.o
    0x0001e5ec   0x0001e5ec   0x00000008   Code   RO          913    i.gattsc_context_store  device_manager_peripheral.o
    0x0001e5f4   0x0001e5f4   0x00000070   Code   RO         2448    i.gc_execute        fds.o
    0x0001e664   0x0001e664   0x0000004c   Code   RO         2449    i.gc_next_page      fds.o
    0x0001e6b0   0x0001e6b0   0x00000048   Code   RO         2450    i.gc_page_erase     fds.o
    0x0001e6f8   0x0001e6f8   0x00000030   Code   RO         2451    i.gc_record_copy    fds.o
    0x0001e728   0x0001e728   0x00000020   Code   RO         2452    i.gc_record_find_next  fds.o
    0x0001e748   0x0001e748   0x00000080   Code   RO         2453    i.gc_state_advance  fds.o
    0x0001e7c8   0x0001e7c8   0x00000078   Code   RO         1662    i.head_restore_state_run  pstorage.o
    0x0001e840   0x0001e840   0x0000001c   Code   RO         2454    i.header_is_valid   fds.o
    0x0001e85c   0x0001e85c   0x000000c8   Code   RO          307    i.iac_char_add      dcs_service.o
    0x0001e924   0x0001e924   0x000000bc   Code   RO         2455    i.init_execute      fds.o
    0x0001e9e0   0x0001e9e0   0x00000084   Code   RO         2997    i.intern_softdevice_events_execute  softdevice_handler.o
    0x0001ea64   0x0001ea64   0x0000001c   Code   RO          766    i.is_conn_params_ok  ble_conn_params.o
    0x0001ea80   0x0001ea80   0x00000048   Code   RO         3115    i.is_manual_peripheral_setup_needed  system_nrf51.o
    0x0001eac8   0x0001eac8   0x00000044   Code   RO         1663    i.is_page_erase_required  pstorage.o
    0x0001eb0c   0x0001eb0c   0x0000000c   Code   RO         1664    i.is_word_aligned   pstorage.o
    0x0001eb18   0x0001eb18   0x0000000c   Code   RO         2456    i.is_word_aligned   fds.o
    0x0001eb24   0x0001eb24   0x00000054   Code   RO          598    i.le_role_encode    ble_advdata.o
    0x0001eb78   0x0001eb78   0x00000018   Code   RO          454    i.leds_timer_handler  bsp.o
    0x0001eb90   0x0001eb90   0x000000bc   Code   RO         2020    i.list_deletions_handler  app_timer.o
    0x0001ec4c   0x0001ec4c   0x000000d4   Code   RO         2021    i.list_insertions_handler  app_timer.o
    0x0001ed20   0x0001ed20   0x00000058   Code   RO         2314    i.log_rtt_init      nrf_log.o
    0x0001ed78   0x0001ed78   0x00000018   Code   RO         2315    i.log_rtt_printf    nrf_log.o
    0x0001ed90   0x0001ed90   0x000001a8   Code   RO           12    i.main              main.o
    0x0001ef38   0x0001ef38   0x00000018   Code   RO         1665    i.main_state_err_busy_process  pstorage.o
    0x0001ef50   0x0001ef50   0x00000068   Code   RO          599    i.manuf_specific_data_encode  ble_advdata.o
    0x0001efb8   0x0001efb8   0x00000078   Code   RO          404    i.my_fds_evt_handler  dat_saver.o
    0x0001f030   0x0001f030   0x0000009e   Code   RO          600    i.name_encode       ble_advdata.o
    0x0001f0ce   0x0001f0ce   0x00000004   Code   RO          914    i.no_service_context_apply  device_manager_peripheral.o
    0x0001f0d2   0x0001f0d2   0x00000004   Code   RO          915    i.no_service_context_load  device_manager_peripheral.o
    0x0001f0d6   0x0001f0d6   0x00000004   Code   RO          916    i.no_service_context_store  device_manager_peripheral.o
    0x0001f0da   0x0001f0da   0x00000002   PAD
    0x0001f0dc   0x0001f0dc   0x00000020   Code   RO         1315    i.nrf_gpio_cfg_sense_set  nrf_drv_gpiote.o
    0x0001f0fc   0x0001f0fc   0x00000014   Code   RO         1316    i.nrf_gpiote_event_is_set  nrf_drv_gpiote.o
    0x0001f110   0x0001f110   0x0000000a   Code   RO         1497    i.nrf_uart_event_check  nrf_drv_uart.o
    0x0001f11a   0x0001f11a   0x00000010   Code   RO         1498    i.nrf_uart_int_enable_check  nrf_drv_uart.o
    0x0001f12a   0x0001f12a   0x00000002   PAD
    0x0001f12c   0x0001f12c   0x00000034   Code   RO           13    i.on_adv_evt        main.o
    0x0001f160   0x0001f160   0x00000034   Code   RO           14    i.on_conn_params_evt  main.o
    0x0001f194   0x0001f194   0x00000078   Code   RO         2457    i.op_enqueue        fds.o
    0x0001f20c   0x0001f20c   0x00000012   Code   RO         2458    i.page_offsets_update  fds.o
    0x0001f21e   0x0001f21e   0x00000002   PAD
    0x0001f220   0x0001f220   0x00000058   Code   RO         2459    i.page_scan         fds.o
    0x0001f278   0x0001f278   0x00000018   Code   RO         2460    i.page_tag_write_data  fds.o
    0x0001f290   0x0001f290   0x00000020   Code   RO         2461    i.page_tag_write_swap  fds.o
    0x0001f2b0   0x0001f2b0   0x000000c4   Code   RO         2462    i.pages_init        fds.o
    0x0001f374   0x0001f374   0x00000016   Code   RO          680    i.peer_address_exists  ble_advertising.o
    0x0001f38a   0x0001f38a   0x00000002   PAD
    0x0001f38c   0x0001f38c   0x00000040   Code   RO          917    i.peer_instance_init  device_manager_peripheral.o
    0x0001f3cc   0x0001f3cc   0x00000028   Code   RO         1666    i.pstorage_access_status_get  pstorage.o
    0x0001f3f4   0x0001f3f4   0x00000058   Code   RO         1667    i.pstorage_block_identifier_get  pstorage.o
    0x0001f44c   0x0001f44c   0x000000a8   Code   RO         1668    i.pstorage_clear    pstorage.o
    0x0001f4f4   0x0001f4f4   0x00000024   Code   RO         1669    i.pstorage_flash_page_end  pstorage.o
    0x0001f518   0x0001f518   0x0000000a   Code   RO         1670    i.pstorage_flash_page_size  pstorage.o
    0x0001f522   0x0001f522   0x00000002   PAD
    0x0001f524   0x0001f524   0x0000005c   Code   RO         1671    i.pstorage_init     pstorage.o
    0x0001f580   0x0001f580   0x000000ac   Code   RO         1672    i.pstorage_load     pstorage.o
    0x0001f62c   0x0001f62c   0x000000bc   Code   RO         1673    i.pstorage_register  pstorage.o
    0x0001f6e8   0x0001f6e8   0x00000094   Code   RO         1674    i.pstorage_store    pstorage.o
    0x0001f77c   0x0001f77c   0x0000004c   Code   RO         1675    i.pstorage_sys_event_handler  pstorage.o
    0x0001f7c8   0x0001f7c8   0x00000094   Code   RO         1676    i.pstorage_update   pstorage.o
    0x0001f85c   0x0001f85c   0x00000038   Code   RO         2217    i.queue_get_next_free  fstorage.o
    0x0001f894   0x0001f894   0x0000006c   Code   RO         2218    i.queue_process     fstorage.o
    0x0001f900   0x0001f900   0x000000b8   Code   RO         2463    i.queue_process     fds.o
    0x0001f9b8   0x0001f9b8   0x0000001c   Code   RO         2219    i.queue_start       fstorage.o
    0x0001f9d4   0x0001f9d4   0x0000001c   Code   RO         2464    i.queue_start       fds.o
    0x0001f9f0   0x0001f9f0   0x00000010   Code   RO         2998    i.ram_end_address_get  softdevice_handler.o
    0x0001fa00   0x0001fa00   0x00000084   Code   RO         2465    i.record_find       fds.o
    0x0001fa84   0x0001fa84   0x000000a0   Code   RO         2466    i.record_find_by_desc  fds.o
    0x0001fb24   0x0001fb24   0x00000054   Code   RO         2467    i.record_find_next  fds.o
    0x0001fb78   0x0001fb78   0x00000020   Code   RO         2468    i.record_header_flag_dirty  fds.o
    0x0001fb98   0x0001fb98   0x00000058   Code   RO         2469    i.record_write_chunk  fds.o
    0x0001fbf0   0x0001fbf0   0x00000044   Code   RO         2022    i.rtc1_stop         app_timer.o
    0x0001fc34   0x0001fc34   0x00000038   Code   RO         1499    i.rx_byte           nrf_drv_uart.o
    0x0001fc6c   0x0001fc6c   0x0000001c   Code   RO         1500    i.rx_done_event     nrf_drv_uart.o
    0x0001fc88   0x0001fc88   0x0000008c   Code   RO         2999    i.sd_check_ram_start  softdevice_handler.o
    0x0001fd14   0x0001fd14   0x0000008c   Code   RO         3000    i.sd_nvic_EnableIRQ  softdevice_handler.o
    0x0001fda0   0x0001fda0   0x00000042   Code   RO         2220    i.send_event        fstorage.o
    0x0001fde2   0x0001fde2   0x0000008e   Code   RO          601    i.service_data_encode  ble_advdata.o
    0x0001fe70   0x0001fe70   0x00000044   Code   RO           15    i.sleep_mode_enter  main.o
    0x0001feb4   0x0001feb4   0x00000048   Code   RO         1677    i.sm_state_change   pstorage.o
    0x0001fefc   0x0001fefc   0x00000014   Code   RO         3001    i.softdevice_ble_evt_handler_set  softdevice_handler.o
    0x0001ff10   0x0001ff10   0x00000100   Code   RO         3002    i.softdevice_enable  softdevice_handler.o
    0x00020010   0x00020010   0x00000028   Code   RO         3003    i.softdevice_enable_get_default_config  softdevice_handler.o
    0x00020038   0x00020038   0x00000008   Code   RO         3004    i.softdevice_fault_handler  softdevice_handler.o
    0x00020040   0x00020040   0x00000044   Code   RO         3005    i.softdevice_handler_init  softdevice_handler.o
    0x00020084   0x00020084   0x00000014   Code   RO         3008    i.softdevice_sys_evt_handler_set  softdevice_handler.o
    0x00020098   0x00020098   0x00000064   Code   RO         1678    i.state_data_erase_swap_entry_run  pstorage.o
    0x000200fc   0x000200fc   0x00000010   Code   RO         1679    i.state_erase_data_page_entry_run  pstorage.o
    0x0002010c   0x0002010c   0x00000028   Code   RO         1680    i.state_restore_head_entry_run  pstorage.o
    0x00020134   0x00020134   0x0000004c   Code   RO         1681    i.state_restore_tail_entry_run  pstorage.o
    0x00020180   0x00020180   0x00000020   Code   RO         1682    i.state_swap_erase_entry_run  pstorage.o
    0x000201a0   0x000201a0   0x00000030   Code   RO         1683    i.state_write_data_swap_entry_run  pstorage.o
    0x000201d0   0x000201d0   0x00000004   Code   RO          918    i.storage_operation_dummy_handler  device_manager_peripheral.o
    0x000201d4   0x000201d4   0x0000005c   Code   RO         1684    i.store_cmd_flash_write_execute  pstorage.o
    0x00020230   0x00020230   0x0000001c   Code   RO         1685    i.swap_erase_state_run  pstorage.o
    0x0002024c   0x0002024c   0x00000018   Code   RO         1686    i.swap_sub_state_err_busy_process  pstorage.o
    0x00020264   0x00020264   0x00000014   Code   RO         1687    i.swap_sub_state_state_change  pstorage.o
    0x00020278   0x00020278   0x00000010   Code   RO           16    i.sys_evt_dispatch  main.o
    0x00020288   0x00020288   0x0000001c   Code   RO         1688    i.tail_restore_state_run  pstorage.o
    0x000202a4   0x000202a4   0x00000084   Code   RO         2023    i.timer_list_handler  app_timer.o
    0x00020328   0x00020328   0x00000010   Code   RO         2024    i.timer_list_handler_sched  app_timer.o
    0x00020338   0x00020338   0x00000040   Code   RO         2025    i.timer_list_insert  app_timer.o
    0x00020378   0x00020378   0x000000c0   Code   RO         2026    i.timer_timeouts_check  app_timer.o
    0x00020438   0x00020438   0x0000002c   Code   RO         1502    i.tx_byte           nrf_drv_uart.o
    0x00020464   0x00020464   0x00000020   Code   RO         1503    i.tx_done_event     nrf_drv_uart.o
    0x00020484   0x00020484   0x00000128   Code   RO         1504    i.uart_irq_handler  nrf_drv_uart.o
    0x000205ac   0x000205ac   0x0000000a   Code   RO          602    i.uint16_encode     ble_advdata.o
    0x000205b6   0x000205b6   0x00000002   PAD
    0x000205b8   0x000205b8   0x00000014   Code   RO          919    i.update_status_bit_reset  device_manager_peripheral.o
    0x000205cc   0x000205cc   0x00000064   Code   RO          767    i.update_timeout_handler  ble_conn_params.o
    0x00020630   0x00020630   0x00000054   Code   RO         2027    i.user_id_get       app_timer.o
    0x00020684   0x00020684   0x00000026   Code   RO         2028    i.user_op_alloc     app_timer.o
    0x000206aa   0x000206aa   0x00000030   Code   RO          603    i.uuid_list_encode  ble_advdata.o
    0x000206da   0x000206da   0x000000ae   Code   RO          604    i.uuid_list_sized_encode  ble_advdata.o
    0x00020788   0x00020788   0x00000010   Code   RO          681    i.whitelist_has_entries  ble_advertising.o
    0x00020798   0x00020798   0x00000118   Code   RO         2470    i.write_enqueue     fds.o
    0x000208b0   0x000208b0   0x000000e4   Code   RO         2471    i.write_execute     fds.o
    0x00020994   0x00020994   0x00000014   Code   RO         2472    i.write_space_free  fds.o
    0x000209a8   0x000209a8   0x0000004c   Code   RO         2473    i.write_space_reserve  fds.o
    0x000209f4   0x000209f4   0x00000004   Data   RO           18    .constdata          main.o
    0x000209f8   0x000209f8   0x00000030   Data   RO          308    .constdata          dcs_service.o
    0x00020a28   0x00020a28   0x00000008   Data   RO          457    .constdata          bsp.o
    0x00020a30   0x00020a30   0x00000004   Data   RO          770    .constdata          ble_conn_params.o
    0x00020a34   0x00020a34   0x00000034   Data   RO          921    .constdata          device_manager_peripheral.o
    0x00020a68   0x00020a68   0x00000028   Data   RO         1690    .constdata          pstorage.o
    0x00020a90   0x00020a90   0x00000014   Data   RO         2475    .constdata          fds.o
    0x00020aa4   0x00020aa4   0x00000010   Data   RO         2965    .constdata          segger_rtt_printf.o
    0x00020ab4   0x00020ab4   0x0000004c   Data   RO          922    .conststring        device_manager_peripheral.o
    0x00020b00   0x00020b00   0x00000057   Data   RO         3009    .conststring        softdevice_handler.o
    0x00020b57   0x00020b57   0x00000001   PAD
    0x00020b58   0x00020b58   0x00000020   Data   RO         3494    Region$$Table       anon$$obj.o


    Execution Region RW_IRAM1 (Exec base: 0x20002080, Load base: 0x00020b78, Size: 0x000021c0, Max: 0x00005f80, ABSOLUTE)

    Exec Addr    Load Addr    Size         Type   Attr      Idx    E Section Name        Object

    0x20002080   0x00020b78   0x00000008   Data   RW           19    .data               main.o
    0x20002088   0x00020b80   0x00000001   Data   RW          405    .data               dat_saver.o
    0x20002089   0x00020b81   0x00000003   PAD
    0x2000208c   0x00020b84   0x00000010   Data   RW          458    .data               bsp.o
    0x2000209c   0x00020b94   0x00000008   Data   RW          556    .data               bsp_btn_ble.o
    0x200020a4   0x00020b9c   0x0000001f   Data   RW          683    .data               ble_advertising.o
    0x200020c3   0x00020bbb   0x00000001   PAD
    0x200020c4   0x00020bbc   0x00000014   Data   RW          771    .data               ble_conn_params.o
    0x200020d8   0x00020bd0   0x00000018   Data   RW          923    .data               device_manager_peripheral.o
    0x200020f0   0x00020be8   0x00000024   Data   RW         1691    .data               pstorage.o
    0x20002114   0x00020c0c   0x00000020   Data   RW         2029    .data               app_timer.o
    0x20002134   0x00020c2c   0x00000002   Data   RW         2222    .data               fstorage.o
    0x20002136   0x00020c2e   0x00000004   Data   RW         2320    .data               nrf_log.o
    0x2000213a   0x00020c32   0x00000002   PAD
    0x2000213c   0x00020c34   0x00000018   Data   RW         2476    .data               fds.o
    0x20002154   0x00020c4c   0x0000001c   Data   RW         3010    .data               softdevice_handler.o
    0x20002170   0x00020c68   0x00000004   Data   RW         3116    .data               system_nrf51.o
    0x20002174   0x00020c6c   0x00000010   Data   RW         2477    fs_data             fds.o
    0x20002184        -       0x0000021c   Zero   RW           17    .bss                main.o
    0x200023a0        -       0x00000020   Zero   RW          455    .bss                bsp.o
    0x200023c0        -       0x00000020   Zero   RW          456    .bss                bsp.o
    0x200023e0        -       0x00000103   Zero   RW          682    .bss                ble_advertising.o
    0x200024e3   0x00020c7c   0x00000001   PAD
    0x200024e4        -       0x00000020   Zero   RW          768    .bss                ble_conn_params.o
    0x20002504        -       0x0000001c   Zero   RW          769    .bss                ble_conn_params.o
    0x20002520        -       0x0000014f   Zero   RW          920    .bss                device_manager_peripheral.o
    0x2000266f   0x00020c7c   0x00000001   PAD
    0x20002670        -       0x00000048   Zero   RW         1319    .bss                nrf_drv_gpiote.o
    0x200026b8        -       0x0000001c   Zero   RW         1505    .bss                nrf_drv_uart.o
    0x200026d4        -       0x000000e4   Zero   RW         1689    .bss                pstorage.o
    0x200027b8        -       0x00000020   Zero   RW         1954    .bss                app_error.o
    0x200027d8        -       0x00000058   Zero   RW         2221    .bss                fstorage.o
    0x20002830        -       0x0000041b   Zero   RW         2319    .bss                nrf_log.o
    0x20002c4b   0x00020c7c   0x00000001   PAD
    0x20002c4c        -       0x00000108   Zero   RW         2474    .bss                fds.o
    0x20002d54        -       0x00000488   Zero   RW         2844    .bss                segger_rtt.o
    0x200031dc        -       0x00000060   Zero   RW         3432    .bss                c_p.l(libspace.o)
    0x2000323c   0x00020c7c   0x00000004   PAD
    0x20003240        -       0x00000800   Zero   RW         3105    HEAP                arm_startup_nrf51.o
    0x20003a40        -       0x00000800   Zero   RW         3104    STACK               arm_startup_nrf51.o


==============================================================================

Image component sizes


      Code (inc. data)   RO Data    RW Data    ZI Data      Debug   Object Name

       128         16          0          0         32       4054   app_error.o
        26          0          0          0          0        758   app_error_weak.o
      1764        208          0         32          0      31011   app_timer.o
        84         36        192          0       4096        800   arm_startup_nrf51.o
      1588          6          0          0          0      20492   ble_advdata.o
      1098         44          0         31        259      16421   ble_advertising.o
       460         58          4         20         60      13624   ble_conn_params.o
       680         76          8         16         64      12653   bsp.o
       284         10          0          8          0       5309   bsp_btn_ble.o
       468        212          0          1          0       6862   dat_saver.o
       524        116         48          0          0      41707   dcs_service.o
      2812        226        128         24        335      33029   device_manager_peripheral.o
      3188        340         20         40        264      41159   fds.o
       694         56          0          2         88      10528   fstorage.o
      1432        318          4          8        540      95911   main.o
         0          0          0          0          0       1324   nrf_drv_common.o
       408         46          0          0         72      14092   nrf_drv_gpiote.o
       490         58          0          0         28      14521   nrf_drv_uart.o
       112         30          0          4       1051       4689   nrf_log.o
      2866        264         40         36        228      39902   pstorage.o
         2          0          0          0          0        572   rtt_syscalls_keil.o
       590         56          0          0       1160      11847   segger_rtt.o
       906          6         16          0          0       6893   segger_rtt_printf.o
       884        324         87         28          0      25141   softdevice_handler.o
       232         36          0          4          0       2423   system_nrf51.o

    ----------------------------------------------------------------------
     21748       2542        580        260       8280     455722   Object Totals
         0          0         32          0          0          0   (incl. Generated)
        28          0          1          6          3          0   (incl. Padding)

    ----------------------------------------------------------------------

      Code (inc. data)   RO Data    RW Data    ZI Data      Debug   Library Member Name

         8          0          0          0          0         68   __main.o
         0          0          0          0          0          0   __rtentry.o
        12          0          0          0          0          0   __rtentry2.o
         6          0          0          0          0          0   __rtentry4.o
        60          8          0          0          0          0   __scatter.o
        26          0          0          0          0          0   __scatter_copy.o
        28          0          0          0          0          0   __scatter_zi.o
       346          0          0          0          0         92   aeabi_sdiv.o
        16          0          0          0          0         68   exit.o
         6          0          0          0          0        136   heapauxi.o
         2          0          0          0          0          0   libinit.o
         2          0          0          0          0          0   libinit2.o
         2          0          0          0          0          0   libshutdown.o
         2          0          0          0          0          0   libshutdown2.o
         8          4          0          0         96         68   libspace.o
        90          0          0          0          0         68   memcmp.o
        64          0          0          0          0        108   rt_memclr.o
       186          0          0          0          0        144   rt_memcpy.o
         2          0          0          0          0          0   rtexit.o
        10          0          0          0          0          0   rtexit2.o
        76          6          0          0          0         72   strcpy.o
        68          6          0          0          0         72   strlen.o
        62          0          0          0          0         80   sys_stackheap_outer.o

    ----------------------------------------------------------------------
      1088         24          0          0        100        976   Library Totals
         6          0          0          0          4          0   (incl. Padding)

    ----------------------------------------------------------------------

      Code (inc. data)   RO Data    RW Data    ZI Data      Debug   Library Name

      1082         24          0          0         96        976   c_p.l

    ----------------------------------------------------------------------
      1088         24          0          0        100        976   Library Totals

    ----------------------------------------------------------------------

==============================================================================


      Code (inc. data)   RO Data    RW Data    ZI Data      Debug   

     22836       2566        580        260       8380     446074   Grand Totals
     22836       2566        580        260       8380     446074   ELF Image Totals
     22836       2566        580        260          0          0   ROM Totals

==============================================================================

    Total RO  Size (Code + RO Data)                23416 (  22.87kB)
    Total RW  Size (RW Data + ZI Data)              8640 (   8.44kB)
    Total ROM Size (Code + RO Data + RW Data)      23676 (  23.12kB)

==============================================================================

