Component: ARM Compiler 5.06 update 6 (build 750) Tool: armlink [4d35ed]

==============================================================================

Section Cross References

    main.o(i.advertising_init) refers to rt_memclr.o(.text) for __aeabi_memclr4
    main.o(i.advertising_init) refers to ble_advertising.o(i.ble_advertising_init) for ble_advertising_init
    main.o(i.advertising_init) refers to app_error.o(i.app_error_handler) for app_error_handler
    main.o(i.advertising_init) refers to main.o(.data) for .data
    main.o(i.advertising_init) refers to main.o(i.on_adv_evt) for on_adv_evt
    main.o(i.advertising_init) refers to main.o(i.ble_evt_dispatch) for i.ble_evt_dispatch
    main.o(i.assert_nrf_callback) refers to app_error.o(i.app_error_handler) for app_error_handler
    main.o(i.ble_evt_dispatch) refers to device_manager_peripheral.o(i.dm_ble_evt_handler) for dm_ble_evt_handler
    main.o(i.ble_evt_dispatch) refers to ble_conn_params.o(i.ble_conn_params_on_ble_evt) for ble_conn_params_on_ble_evt
    main.o(i.ble_evt_dispatch) refers to bsp_btn_ble.o(i.bsp_btn_ble_on_ble_evt) for bsp_btn_ble_on_ble_evt
    main.o(i.ble_evt_dispatch) refers to bsp.o(i.bsp_indication_set) for bsp_indication_set
    main.o(i.ble_evt_dispatch) refers to app_error.o(i.app_error_handler) for app_error_handler
    main.o(i.ble_evt_dispatch) refers to ble_advertising.o(i.ble_advertising_on_ble_evt) for ble_advertising_on_ble_evt
    main.o(i.ble_evt_dispatch) refers to dcs_service.o(i.ble_dcs_service_on_ble_evt) for ble_dcs_service_on_ble_evt
    main.o(i.ble_evt_dispatch) refers to main.o(.data) for .data
    main.o(i.ble_evt_dispatch) refers to main.o(.bss) for .bss
    main.o(i.ble_stack_init) refers to softdevice_handler.o(i.softdevice_handler_init) for softdevice_handler_init
    main.o(i.ble_stack_init) refers to app_error.o(i.app_error_handler) for app_error_handler
    main.o(i.ble_stack_init) refers to softdevice_handler.o(i.softdevice_enable_get_default_config) for softdevice_enable_get_default_config
    main.o(i.ble_stack_init) refers to softdevice_handler.o(i.sd_check_ram_start) for sd_check_ram_start
    main.o(i.ble_stack_init) refers to softdevice_handler.o(i.softdevice_enable) for softdevice_enable
    main.o(i.ble_stack_init) refers to softdevice_handler.o(i.softdevice_ble_evt_handler_set) for softdevice_ble_evt_handler_set
    main.o(i.ble_stack_init) refers to softdevice_handler.o(i.softdevice_sys_evt_handler_set) for softdevice_sys_evt_handler_set
    main.o(i.ble_stack_init) refers to main.o(.constdata) for .constdata
    main.o(i.ble_stack_init) refers to main.o(.bss) for .bss
    main.o(i.ble_stack_init) refers to main.o(i.ble_evt_dispatch) for ble_evt_dispatch
    main.o(i.ble_stack_init) refers to main.o(i.sys_evt_dispatch) for sys_evt_dispatch
    main.o(i.bsp_event_handler) refers to main.o(i.sleep_mode_enter) for sleep_mode_enter
    main.o(i.bsp_event_handler) refers to ble_advertising.o(i.ble_advertising_restart_without_whitelist) for ble_advertising_restart_without_whitelist
    main.o(i.bsp_event_handler) refers to app_error.o(i.app_error_handler) for app_error_handler
    main.o(i.bsp_event_handler) refers to main.o(.data) for .data
    main.o(i.conn_params_error_handler) refers to app_error.o(i.app_error_handler) for app_error_handler
    main.o(i.device_manager_evt_handler) refers to app_error.o(i.app_error_handler) for app_error_handler
    main.o(i.device_manager_init) refers to pstorage.o(i.pstorage_init) for pstorage_init
    main.o(i.device_manager_init) refers to app_error.o(i.app_error_handler) for app_error_handler
    main.o(i.device_manager_init) refers to device_manager_peripheral.o(i.dm_init) for dm_init
    main.o(i.device_manager_init) refers to rt_memclr.o(.text) for __aeabi_memclr
    main.o(i.device_manager_init) refers to device_manager_peripheral.o(i.dm_register) for dm_register
    main.o(i.device_manager_init) refers to main.o(i.ble_evt_dispatch) for i.ble_evt_dispatch
    main.o(i.device_manager_init) refers to main.o(i.device_manager_evt_handler) for device_manager_evt_handler
    main.o(i.device_manager_init) refers to main.o(.data) for .data
    main.o(i.gap_params_init) refers to app_error.o(i.app_error_handler) for app_error_handler
    main.o(i.gap_params_init) refers to main.o(i.ble_evt_dispatch) for i.ble_evt_dispatch
    main.o(i.main) refers to app_timer.o(i.app_timer_init) for app_timer_init
    main.o(i.main) refers to app_error.o(i.app_error_handler) for app_error_handler
    main.o(i.main) refers to bsp.o(i.bsp_init) for bsp_init
    main.o(i.main) refers to bsp_btn_ble.o(i.bsp_btn_ble_init) for bsp_btn_ble_init
    main.o(i.main) refers to main.o(i.ble_stack_init) for ble_stack_init
    main.o(i.main) refers to main.o(i.device_manager_init) for device_manager_init
    main.o(i.main) refers to main.o(i.gap_params_init) for gap_params_init
    main.o(i.main) refers to dcs_service.o(i.dcs_service_init) for dcs_service_init
[...]
    m_alert_mask                             0x20002094   Data           4  bsp.o(.data)
    .data                                    0x20002098   Section        8  bsp_btn_ble.o(.data)
    m_error_handler                          0x20002098   Data           4  bsp_btn_ble.o(.data)
    m_num_connections                        0x2000209c   Data           4  bsp_btn_ble.o(.data)
    .data                                    0x200020a0   Section       31  ble_advertising.o(.data)
    m_advertising_start_pending              0x200020a0   Data           1  ble_advertising.o(.data)
    m_whitelist_temporarily_disabled         0x200020a1   Data           1  ble_advertising.o(.data)
    m_whitelist_reply_expected               0x200020a2   Data           1  ble_advertising.o(.data)
    m_peer_addr_reply_expected               0x200020a3   Data           1  ble_advertising.o(.data)
    m_adv_evt                                0x200020a4   Data           1  ble_advertising.o(.data)
    m_adv_mode_current                       0x200020a5   Data           1  ble_advertising.o(.data)
    m_tx_power_level                         0x200020a6   Data           1  ble_advertising.o(.data)
    current_slave_link_conn_handle           0x200020a8   Data           2  ble_advertising.o(.data)
    m_evt_handler                            0x200020ac   Data           4  ble_advertising.o(.data)
    m_error_handler                          0x200020b0   Data           4  ble_advertising.o(.data)
    m_slave_conn_int                         0x200020b4   Data           4  ble_advertising.o(.data)
    m_peer_address                           0x200020b8   Data           7  ble_advertising.o(.data)
    .data                                    0x200020c0   Section       20  ble_conn_params.o(.data)
    m_change_param                           0x200020c0   Data           1  ble_conn_params.o(.data)
    m_update_count                           0x200020c1   Data           1  ble_conn_params.o(.data)
    m_conn_handle                            0x200020c2   Data           2  ble_conn_params.o(.data)
    m_preferred_conn_params                  0x200020c4   Data           8  ble_conn_params.o(.data)
    m_current_conn_params                    0x200020cc   Data           8  ble_conn_params.o(.data)
    .data                                    0x200020d4   Section       24  device_manager_peripheral.o(.data)
    m_module_initialized                     0x200020d4   Data           1  device_manager_peripheral.o(.data)
    m_peer_addr_update                       0x200020d8   Data           4  device_manager_peripheral.o(.data)
    m_irk_index_table                        0x200020dc   Data           7  device_manager_peripheral.o(.data)
    m_storage_handle                         0x200020e4   Data           8  device_manager_peripheral.o(.data)
    .data                                    0x200020ec   Section       36  pstorage.o(.data)
    m_state                                  0x200020ec   Data           1  pstorage.o(.data)
    m_swap_sub_state                         0x200020ed   Data           1  pstorage.o(.data)
    m_next_app_instance                      0x200020ee   Data           2  pstorage.o(.data)
    m_flags                                  0x200020f0   Data           4  pstorage.o(.data)
    m_next_page_addr                         0x200020f4   Data           4  pstorage.o(.data)
    m_head_word_size                         0x200020f8   Data           4  pstorage.o(.data)
    m_tail_word_size                         0x200020fc   Data           4  pstorage.o(.data)
    m_current_page_id                        0x20002100   Data           4  pstorage.o(.data)
    m_num_of_command_retries                 0x20002104   Data           4  pstorage.o(.data)
    m_num_of_bytes_written                   0x20002108   Data           4  pstorage.o(.data)
    m_app_data_size                          0x2000210c   Data           4  pstorage.o(.data)
    .data                                    0x20002110   Section       32  app_timer.o(.data)
    m_user_array_size                        0x20002110   Data           1  app_timer.o(.data)
    m_ticks_elapsed_q_read_ind               0x20002111   Data           1  app_timer.o(.data)
    m_ticks_elapsed_q_write_ind              0x20002112   Data           1  app_timer.o(.data)
    m_rtc1_running                           0x20002113   Data           1  app_timer.o(.data)
    m_rtc1_reset                             0x20002114   Data           1  app_timer.o(.data)
    mp_users                                 0x20002118   Data           4  app_timer.o(.data)
    mp_timer_id_head                         0x2000211c   Data           4  app_timer.o(.data)
    m_ticks_latest                           0x20002120   Data           4  app_timer.o(.data)
    m_evt_schedule_func                      0x20002124   Data           4  app_timer.o(.data)
    m_ticks_elapsed                          0x20002128   Data           8  app_timer.o(.data)
    .data                                    0x20002130   Section        2  fstorage.o(.data)
    m_flags                                  0x20002130   Data           1  fstorage.o(.data)
    m_retry_count                            0x20002131   Data           1  fstorage.o(.data)
    .data                                    0x20002132   Section        4  nrf_log.o(.data)
    initialized                              0x20002132   Data           1  nrf_log.o(.data)
    hex_string                               0x20002133   Data           3  nrf_log.o(.data)
    .data                                    0x20002138   Section       24  fds.o(.data)
    m_flags                                  0x20002138   Data           1  fds.o(.data)
    m_users                                  0x20002139   Data           1  fds.o(.data)
    m_latest_rec_id                          0x2000213c   Data           4  fds.o(.data)
    tok                                      0x20002140   Data           8  fds.o(.data)
    m_swap_page                              0x20002148   Data           8  fds.o(.data)
    .data                                    0x20002150   Section       28  softdevice_handler.o(.data)
    m_softdevice_enabled                     0x20002150   Data           1  softdevice_handler.o(.data)
    m_ble_evt_buffer_size                    0x20002152   Data           2  softdevice_handler.o(.data)
    m_evt_schedule_func                      0x20002154   Data           4  softdevice_handler.o(.data)
    mp_ble_evt_buffer                        0x20002158   Data           4  softdevice_handler.o(.data)
    m_ble_evt_handler                        0x2000215c   Data           4  softdevice_handler.o(.data)
    m_sys_evt_handler                        0x20002160   Data           4  softdevice_handler.o(.data)
    .data                                    0x2000216c   Section        4  system_nrf51.o(.data)
    __tagsym$$used                           0x2000216c   Number         0  system_nrf51.o(.data)
    .data                                    0x20002170   Section        4  stdio_streams.o(.data)
    .data                                    0x20002174   Section        4  stdio_streams.o(.data)
    .data                                    0x20002178   Section        4  stdio_streams.o(.data)
    fs_data                                  0x2000217c   Section       16  fds.o(fs_data)
    __tagsym$$used                           0x2000217c   Number         0  fds.o(fs_data)
    fs_config                                0x2000217c   Data          16  fds.o(fs_data)
    .bss                                     0x2000218c   Section      540  main.o(.bss)
    APP_TIMER_BUF                            0x2000218c   Data         456  main.o(.bss)
    BLE_EVT_BUFFER                           0x20002354   Data          72  main.o(.bss)
    .bss                                     0x200023a8   Section       32  bsp.o(.bss)
    m_leds_timer_id_data                     0x200023a8   Data          32  bsp.o(.bss)
    .bss                                     0x200023c8   Section       32  bsp.o(.bss)
    m_alert_timer_id_data                    0x200023c8   Data          32  bsp.o(.bss)
    .bss                                     0x200023e8   Section      259  ble_advertising.o(.bss)
    m_advdata                                0x200023e8   Data          56  ble_advertising.o(.bss)
    m_adv_modes_config                       0x20002420   Data          36  ble_advertising.o(.bss)
    m_whitelist                              0x20002444   Data          16  ble_advertising.o(.bss)
    mp_whitelist_addr                        0x20002454   Data          32  ble_advertising.o(.bss)
    mp_whitelist_irk                         0x20002474   Data          32  ble_advertising.o(.bss)
    m_manuf_specific_data                    0x20002494   Data          12  ble_advertising.o(.bss)
    m_manuf_data_array                       0x200024a0   Data          31  ble_advertising.o(.bss)
    m_service_data                           0x200024c0   Data          12  ble_advertising.o(.bss)
    m_service_data_array                     0x200024cc   Data          31  ble_advertising.o(.bss)
    .bss                                     0x200024ec   Section       32  ble_conn_params.o(.bss)
    m_conn_params_timer_id_data              0x200024ec   Data          32  ble_conn_params.o(.bss)
    .bss                                     0x2000250c   Section       28  ble_conn_params.o(.bss)
    m_conn_params_config                     0x2000250c   Data          28  ble_conn_params.o(.bss)
    .bss                                     0x20002528   Section      335  device_manager_peripheral.o(.bss)
    m_app_context_table                      0x20002528   Data          28  device_manager_peripheral.o(.bss)
    m_peer_table                             0x20002544   Data         196  device_manager_peripheral.o(.bss)
    m_bond_table                             0x20002608   Data          28  device_manager_peripheral.o(.bss)
    m_gatts_table                            0x20002624   Data          36  device_manager_peripheral.o(.bss)
    m_connection_table                       0x20002648   Data          12  device_manager_peripheral.o(.bss)
    m_application_table                      0x20002654   Data          12  device_manager_peripheral.o(.bss)
    m_local_id_info                          0x20002660   Data          23  device_manager_peripheral.o(.bss)
    .bss                                     0x20002678   Section       72  nrf_drv_gpiote.o(.bss)
    m_cb                                     0x20002678   Data          72  nrf_drv_gpiote.o(.bss)
    .bss                                     0x200026c0   Section       28  nrf_drv_uart.o(.bss)
    m_cb                                     0x200026c0   Data          28  nrf_drv_uart.o(.bss)
    .bss                                     0x200026dc   Section      228  pstorage.o(.bss)
    m_cmd_queue                              0x200026dc   Data         204  pstorage.o(.bss)
    m_app_table                              0x200027a8   Data          24  pstorage.o(.bss)
    .bss                                     0x200027c0   Section       32  app_error.o(.bss)
    m_error_data                             0x200027c0   Data          32  app_error.o(.bss)
    .bss                                     0x200027e0   Section       88  fstorage.o(.bss)
    m_queue                                  0x200027e0   Data          88  fstorage.o(.bss)
    .bss                                     0x20002838   Section     1051  nrf_log.o(.bss)
    hex_string                               0x20002838   Data          11  nrf_log.o(.bss)
    buf_normal_up                            0x20002843   Data        1024  nrf_log.o(.bss)
    buf_down                                 0x20002c43   Data          16  nrf_log.o(.bss)
    .bss                                     0x20002c54   Section      264  fds.o(.bss)
    desc                                     0x20002c54   Data          12  fds.o(.bss)
    m_cb_table                               0x20002c60   Data          12  fds.o(.bss)
    m_op_queue                               0x20002c6c   Data         120  fds.o(.bss)
    m_chunk_queue                            0x20002ce4   Data          72  fds.o(.bss)
    m_pages                                  0x20002d2c   Data          32  fds.o(.bss)
    m_gc                                     0x20002d4c   Data          16  fds.o(.bss)
    .bss                                     0x20002d5c   Section     1160  segger_rtt.o(.bss)
    _acUpBuffer                              0x20002d5c   Data        1024  segger_rtt.o(.bss)
    _acDownBuffer                            0x2000315c   Data          16  segger_rtt.o(.bss)
    .bss                                     0x200031e4   Section       84  stdio_streams.o(.bss)
    .bss                                     0x20003238   Section       84  stdio_streams.o(.bss)
    .bss                                     0x2000328c   Section       84  stdio_streams.o(.bss)
    .bss                                     0x200032e0   Section       96  libspace.o(.bss)
    HEAP                                     0x20003340   Section     2048  arm_startup_nrf51.o(HEAP)
    Heap_Mem                                 0x20003340   Data        2048  arm_startup_nrf51.o(HEAP)
    STACK                                    0x20003b40   Section     2048  arm_startup_nrf51.o(STACK)
    Stack_Mem                                0x20003b40   Data        2048  arm_startup_nrf51.o(STACK)
    __initial_sp                             0x20004340   Data           0  arm_startup_nrf51.o(STACK)

    Global Symbols

    Symbol Name                              Value     Ov Type        Size  Object(Section)

    BuildAttributes$$THM_ISAv3M$S$PE$A:L22$X:L11$S22$IEEE1$IW$USESV6$~STKCKD$USESV7$~SHL$OTIME$ROPI$EBA8$UX$STANDARDLIB$REQ8$PRES8$EABIv2 0x00000000   Number         0  anon$$obj.o ABSOLUTE
    __ARM_use_no_argv                        0x00000000   Number         0  main.o ABSOLUTE
    __ARM_exceptions_init                     - Undefined Weak Reference
    __alloca_initialize                       - Undefined Weak Reference
    __arm_preinit_                            - Undefined Weak Reference
    __cpp_initialize__aeabi_                  - Undefined Weak Reference
    __cxa_finalize                            - Undefined Weak Reference
    __rt_locale                               - Undefined Weak Reference
    __sigvec_lookup                           - Undefined Weak Reference
    __user_heap_extent                        - Undefined Weak Reference
    _atexit_init                              - Undefined Weak Reference
    _call_atexit_fns                          - Undefined Weak Reference
    _clock_init                               - Undefined Weak Reference
    _fp_trap_init                             - Undefined Weak Reference
    _fp_trap_shutdown                         - Undefined Weak Reference
    _get_lc_collate                           - Undefined Weak Reference
    _get_lc_ctype                             - Undefined Weak Reference
    _get_lc_monetary                          - Undefined Weak Reference
    _get_lc_numeric                           - Undefined Weak Reference
    _get_lc_time                              - Undefined Weak Reference
    _getenv_init                              - Undefined Weak Reference
    _handle_redirection                       - Undefined Weak Reference
    _mutex_acquire                            - Undefined Weak Reference
    _mutex_free                               - Undefined Weak Reference
    _mutex_release                            - Undefined Weak Reference
    _rand_init                                - Undefined Weak Reference
    _signal_finish                            - Undefined Weak Reference
    _signal_init                              - Undefined Weak Reference
    __Vectors_Size                           0x000000c0   Number         0  arm_startup_nrf51.o ABSOLUTE
    __Vectors                                0x0001b000   Data           4  arm_startup_nrf51.o(RESET)
    __Vectors_End                            0x0001b0c0   Data           0  arm_startup_nrf51.o(RESET)
    __main                                   0x0001b0c1   Thumb Code     8  __main.o(!!!main)
    __scatterload                            0x0001b0c9   Thumb Code     0  __scatter.o(!!!scatter)
    __scatterload_rt2                        0x0001b0c9   Thumb Code    52  __scatter.o(!!!scatter)
    __scatterload_rt2_thumb_only             0x0001b0c9   Thumb Code     0  __scatter.o(!!!scatter)
    __scatterload_null                       0x0001b0d9   Thumb Code     0  __scatter.o(!!!scatter)
    __scatterload_copy                       0x0001b105   Thumb Code    26  __scatter_copy.o(!!handler_copy)
    __scatterload_zeroinit                   0x0001b121   Thumb Code    28  __scatter_zi.o(!!handler_zi)
    __rt_lib_init                            0x0001b13d   Thumb Code     0  libinit.o(.ARM.Collect$$libinit$$00000000)
    __rt_lib_init_fp_1                       0x0001b13f   Thumb Code     0  libinit2.o(.ARM.Collect$$libinit$$00000002)
    __rt_lib_init_heap_2                     0x0001b13f   Thumb Code     0  libinit2.o(.ARM.Collect$$libinit$$00000005)
    __rt_lib_init_preinit_1                  0x0001b13f   Thumb Code     0  libinit2.o(.ARM.Collect$$libinit$$00000004)
    __rt_lib_init_atexit_1                   0x0001b147   Thumb Code     0  libinit2.o(.ARM.Collect$$libinit$$0000001B)
    __rt_lib_init_clock_1                    0x0001b147   Thumb Code     0  libinit2.o(.ARM.Collect$$libinit$$00000021)
    __rt_lib_init_fp_trap_1                  0x0001b147   Thumb Code     0  libinit2.o(.ARM.Collect$$libinit$$0000001F)
    __rt_lib_init_getenv_1                   0x0001b147   Thumb Code     0  libinit2.o(.ARM.Collect$$libinit$$00000023)
    __rt_lib_init_heap_1                     0x0001b147   Thumb Code     0  libinit2.o(.ARM.Collect$$libinit$$0000000A)
    __rt_lib_init_lc_collate_1               0x0001b147   Thumb Code     0  libinit2.o(.ARM.Collect$$libinit$$00000011)
    __rt_lib_init_lc_ctype_1                 0x0001b147   Thumb Code     0  libinit2.o(.ARM.Collect$$libinit$$00000013)
    __rt_lib_init_lc_monetary_1              0x0001b147   Thumb Code     0  libinit2.o(.ARM.Collect$$libinit$$00000015)
    __rt_lib_init_lc_numeric_1               0x0001b147   Thumb Code     0  libinit2.o(.ARM.Collect$$libinit$$00000017)
    __rt_lib_init_lc_time_1                  0x0001b147   Thumb Code     0  libinit2.o(.ARM.Collect$$libinit$$00000019)
    __rt_lib_init_rand_1                     0x0001b147   Thumb Code     0  libinit2.o(.ARM.Collect$$libinit$$0000000E)
    __rt_lib_init_signal_1                   0x0001b147   Thumb Code     0  libinit2.o(.ARM.Collect$$libinit$$0000001D)
    __rt_lib_init_stdio_2                    0x0001b147   Thumb Code     0  libinit2.o(.ARM.Collect$$libinit$$00000024)
    __rt_lib_init_user_alloc_1               0x0001b147   Thumb Code     0  libinit2.o(.ARM.Collect$$libinit$$0000000C)
    __rt_lib_init_alloca_1                   0x0001b14b   Thumb Code     0  libinit2.o(.ARM.Collect$$libinit$$0000002E)
    __rt_lib_init_argv_1                     0x0001b14b   Thumb Code     0  libinit2.o(.ARM.Collect$$libinit$$0000002C)
    __rt_lib_init_cpp_1                      0x0001b14b   Thumb Code     0  libinit2.o(.ARM.Collect$$libinit$$00000032)
    __rt_lib_init_exceptions_1               0x0001b14b   Thumb Code     0  libinit2.o(.ARM.Collect$$libinit$$00000030)
    __rt_lib_init_return                     0x0001b14b   Thumb Code     0  libinit2.o(.ARM.Collect$$libinit$$00000033)
    __rt_lib_init_stdio_1                    0x0001b14b   Thumb Code     0  libinit2.o(.ARM.Collect$$libinit$$00000025)
    __rt_lib_shutdown                        0x0001b14d   Thumb Code     0  libshutdown.o(.ARM.Collect$$libshutdown$$00000000)
    __rt_lib_shutdown_cpp_1                  0x0001b14f   Thumb Code     0  libshutdown2.o(.ARM.Collect$$libshutdown$$00000002)
    __rt_lib_shutdown_stdio_2                0x0001b14f   Thumb Code     0  libshutdown2.o(.ARM.Collect$$libshutdown$$00000003)
    __rt_lib_shutdown_fp_trap_1              0x0001b153   Thumb Code     0  libshutdown2.o(.ARM.Collect$$libshutdown$$00000007)
    __rt_lib_shutdown_heap_1                 0x0001b153   Thumb Code     0  libshutdown2.o(.ARM.Collect$$libshutdown$$0000000F)
    __rt_lib_shutdown_return                 0x0001b153   Thumb Code     0  libshutdown2.o(.ARM.Collect$$libshutdown$$00000010)
    __rt_lib_shutdown_signal_1               0x0001b153   Thumb Code     0  libshutdown2.o(.ARM.Collect$$libshutdown$$0000000A)
    __rt_lib_shutdown_stdio_1                0x0001b153   Thumb Code     0  libshutdown2.o(.ARM.Collect$$libshutdown$$00000004)
    __rt_lib_shutdown_user_alloc_1           0x0001b153   Thumb Code     0  libshutdown2.o(.ARM.Collect$$libshutdown$$0000000C)
    __rt_entry                               0x0001b155   Thumb Code     0  __rtentry.o(.ARM.Collect$$rtentry$$00000000)
    __rt_entry_presh_1                       0x0001b155   Thumb Code     0  __rtentry2.o(.ARM.Collect$$rtentry$$00000002)
    __rt_entry_sh                            0x0001b155   Thumb Code     0  __rtentry4.o(.ARM.Collect$$rtentry$$00000004)
    __rt_entry_li                            0x0001b15b   Thumb Code     0  __rtentry2.o(.ARM.Collect$$rtentry$$0000000A)
    __rt_entry_postsh_1                      0x0001b15b   Thumb Code     0  __rtentry2.o(.ARM.Collect$$rtentry$$00000009)
    __rt_entry_main                          0x0001b15f   Thumb Code     0  __rtentry2.o(.ARM.Collect$$rtentry$$0000000D)
    __rt_entry_postli_1                      0x0001b15f   Thumb Code     0  __rtentry2.o(.ARM.Collect$$rtentry$$0000000C)
    __rt_exit                                0x0001b167   Thumb Code     0  rtexit.o(.ARM.Collect$$rtexit$$00000000)
    __rt_exit_ls                             0x0001b169   Thumb Code     0  rtexit2.o(.ARM.Collect$$rtexit$$00000003)
    __rt_exit_prels_1                        0x0001b169   Thumb Code     0  rtexit2.o(.ARM.Collect$$rtexit$$00000002)
    __rt_exit_exit                           0x0001b16d   Thumb Code     0  rtexit2.o(.ARM.Collect$$rtexit$$00000004)
    __asm___11_app_timer_c_cd27f9c3__nrf_delay_us 0x0001b175   Thumb Code    30  app_timer.o(.emb_text)
    __aeabi_memcpy4                          0x0001b195   Thumb Code    56  rt_memcpy.o(.emb_text)
    __aeabi_memcpy8                          0x0001b195   Thumb Code     0  rt_memcpy.o(.emb_text)
    Reset_Handler                            0x0001b1cd   Thumb Code    26  arm_startup_nrf51.o(.text)
    _maybe_terminate_alloc                   0x0001b1cd   Thumb Code     0  maybetermalloc1.o(.emb_text)
    NMI_Handler                              0x0001b1e7   Thumb Code     2  arm_startup_nrf51.o(.text)
    HardFault_Handler                        0x0001b1e9   Thumb Code     2  arm_startup_nrf51.o(.text)
    SVC_Handler                              0x0001b1eb   Thumb Code     2  arm_startup_nrf51.o(.text)
    PendSV_Handler                           0x0001b1ed   Thumb Code     2  arm_startup_nrf51.o(.text)
    SysTick_Handler                          0x0001b1ef   Thumb Code     2  arm_startup_nrf51.o(.text)
    ADC_IRQHandler                           0x0001b1f1   Thumb Code     0  arm_startup_nrf51.o(.text)
    CCM_AAR_IRQHandler                       0x0001b1f1   Thumb Code     0  arm_startup_nrf51.o(.text)
    ECB_IRQHandler                           0x0001b1f1   Thumb Code     0  arm_startup_nrf51.o(.text)
    LPCOMP_IRQHandler                        0x0001b1f1   Thumb Code     0  arm_startup_nrf51.o(.text)
    POWER_CLOCK_IRQHandler                   0x0001b1f1   Thumb Code     0  arm_startup_nrf51.o(.text)
    QDEC_IRQHandler                          0x0001b1f1   Thumb Code     0  arm_startup_nrf51.o(.text)
    RADIO_IRQHandler                         0x0001b1f1   Thumb Code     0  arm_startup_nrf51.o(.text)
    RNG_IRQHandler                           0x0001b1f1   Thumb Code     0  arm_startup_nrf51.o(.text)
    RTC0_IRQHandler                          0x0001b1f1   Thumb Code     0  arm_startup_nrf51.o(.text)
    SPI0_TWI0_IRQHandler                     0x0001b1f1   Thumb Code     0  arm_startup_nrf51.o(.text)
    SPI1_TWI1_IRQHandler                     0x0001b1f1   Thumb Code     0  arm_startup_nrf51.o(.text)
    SWI1_IRQHandler                          0x0001b1f1   Thumb Code     0  arm_startup_nrf51.o(.text)
    SWI3_IRQHandler                          0x0001b1f1   Thumb Code     0  arm_startup_nrf51.o(.text)
    SWI4_IRQHandler                          0x0001b1f1   Thumb Code     0  arm_startup_nrf51.o(.text)
    SWI5_IRQHandler                          0x0001b1f1   Thumb Code     0  arm_startup_nrf51.o(.text)
    TEMP_IRQHandler                          0x0001b1f1   Thumb Code     0  arm_startup_nrf51.o(.text)
    TIMER0_IRQHandler                        0x0001b1f1   Thumb Code     0  arm_startup_nrf51.o(.text)
    TIMER1_IRQHandler                        0x0001b1f1   Thumb Code     0  arm_startup_nrf51.o(.text)
    TIMER2_IRQHandler                        0x0001b1f1   Thumb Code     0  arm_startup_nrf51.o(.text)
    WDT_IRQHandler                           0x0001b1f1   Thumb Code     0  arm_startup_nrf51.o(.text)
    __user_initial_stackheap                 0x0001b1f5   Thumb Code    10  arm_startup_nrf51.o(.text)
    __2printf                                0x0001b221   Thumb Code    22  noretval__2printf.o(.text)
    _do_fflush                               0x0001b23d   Thumb Code    54  fflush.o(.text)
    fflush                                   0x0001b273   Thumb Code    46  fflush.o(.text)
    memcmp                                   0x0001b2a5   Thumb Code    90  memcmp.o(.text)
    strcpy                                   0x0001b301   Thumb Code    70  strcpy.o(.text)
    strlen                                   0x0001b34d   Thumb Code    62  strlen.o(.text)
    __aeabi_memcpy                           0x0001b391   Thumb Code   130  rt_memcpy.o(.text)
    __rt_memcpy                              0x0001b391   Thumb Code     0  rt_memcpy.o(.text)
    _memset_w                                0x0001b413   Thumb Code    26  rt_memclr.o(.text)
    _memset                                  0x0001b42d   Thumb Code    30  rt_memclr.o(.text)
    __aeabi_memclr                           0x0001b44b   Thumb Code     4  rt_memclr.o(.text)
    __rt_memclr                              0x0001b44b   Thumb Code     0  rt_memclr.o(.text)
    __aeabi_memclr4                          0x0001b44f   Thumb Code     0  rt_memclr.o(.text)
    __aeabi_memclr8                          0x0001b44f   Thumb Code     0  rt_memclr.o(.text)
    __rt_memclr_w                            0x0001b44f   Thumb Code     4  rt_memclr.o(.text)
    strcmp                                   0x0001b455   Thumb Code   132  strcmp.o(.text)
    __aeabi_uidiv                            0x0001b4dd   Thumb Code     0  aeabi_sdiv.o(.text)
    __aeabi_uidivmod                         0x0001b4dd   Thumb Code    20  aeabi_sdiv.o(.text)
    __aeabi_idiv                             0x0001b4f1   Thumb Code     0  aeabi_sdiv.o(.text)
    __aeabi_idivmod                          0x0001b4f1   Thumb Code   326  aeabi_sdiv.o(.text)
    __use_two_region_memory                  0x0001b637   Thumb Code     2  heapauxi.o(.text)
    __rt_heap_escrow                         0x0001b639   Thumb Code     2  heapauxi.o(.text)
    __rt_heap_expand                         0x0001b63b   Thumb Code     2  heapauxi.o(.text)
    _printf_char_file                        0x0001b63d   Thumb Code    34  _printf_char_file.o(.text)
    __flsbuf                                 0x0001b665   Thumb Code   486  flsbuf.o(.text)
    __flsbuf_byte                            0x0001b665   Thumb Code     0  flsbuf.o(.text)
    __flsbuf_wide                            0x0001b665   Thumb Code     0  flsbuf.o(.text)
    _fseek                                   0x0001b855   Thumb Code   240  fseek.o(.text)
    fseek                                    0x0001b855   Thumb Code     0  fseek.o(.text)
    _seterr                                  0x0001b949   Thumb Code    20  stdio.o(.text)
    _writebuf                                0x0001b95d   Thumb Code    76  stdio.o(.text)
    _fflush                                  0x0001b9a9   Thumb Code    76  stdio.o(.text)
    _deferredlazyseek                        0x0001b9f5   Thumb Code    60  stdio.o(.text)
    _initio                                  0x0001ba39   Thumb Code   216  initio.o(.text)
    _terminateio                             0x0001bb11   Thumb Code    56  initio.o(.text)
    malloc                                   0x0001bb75   Thumb Code    98  h1_alloc.o(.text)
    free                                     0x0001bbd7   Thumb Code    76  h1_free.o(.text)
    _printf_char_common                      0x0001bc2f   Thumb Code    32  _printf_char_common.o(.text)
    ferror                                   0x0001bc55   Thumb Code     8  ferror.o(.text)
    _ftell_internal                          0x0001bc5d   Thumb Code    66  ftell.o(.text)
    ftell                                    0x0001bc5d   Thumb Code     0  ftell.o(.text)
    setvbuf                                  0x0001bca1   Thumb Code    72  setvbuf.o(.text)
    freopen                                  0x0001bced   Thumb Code   148  fopen.o(.text)
    fopen                                    0x0001bd81   Thumb Code    76  fopen.o(.text)
    _fclose_internal                         0x0001bdd5   Thumb Code    72  fclose.o(.text)
    fclose                                   0x0001bdd5   Thumb Code     0  fclose.o(.text)
    __rt_SIGRTRED                            0x0001be21   Thumb Code    12  defsig_rtred_outer.o(.text)
    __user_setup_stackheap                   0x0001be2d   Thumb Code    62  sys_stackheap_outer.o(.text)
    __rt_heap_descriptor                     0x0001be6d   Thumb Code     8  rt_heap_descriptor_intlibspace.o(.text)
    __aeabi_errno_addr                       0x0001be75   Thumb Code     8  rt_errno_addr_intlibspace.o(.text)
    __errno$intlibspace                      0x0001be75   Thumb Code     0  rt_errno_addr_intlibspace.o(.text)
    __rt_errno_addr$intlibspace              0x0001be75   Thumb Code     0  rt_errno_addr_intlibspace.o(.text)
    __use_no_heap                            0x0001be7d   Thumb Code     2  hguard.o(.text)
    __heap$guard                             0x0001be7f   Thumb Code     2  hguard.o(.text)
    _terminate_user_alloc                    0x0001be81   Thumb Code     2  init_alloc.o(.text)
    _init_user_alloc                         0x0001be83   Thumb Code     2  init_alloc.o(.text)
    __Heap_Full                              0x0001be85   Thumb Code    32  init_alloc.o(.text)
    __Heap_Broken                            0x0001bea5   Thumb Code    10  init_alloc.o(.text)
    _init_alloc                              0x0001beaf   Thumb Code    90  init_alloc.o(.text)
    __Heap_Initialize                        0x0001bf09   Thumb Code    10  h1_init.o(.text)
    __Heap_DescSize                          0x0001bf13   Thumb Code     4  h1_init.o(.text)
    __printf                                 0x0001bf17   Thumb Code    36  __printf_nopercent.o(.text)
    exit                                     0x0001bf3b   Thumb Code    16  exit.o(.text)
    __sig_exit                               0x0001bf4b   Thumb Code    12  defsig_exit.o(.text)
    __rt_SIGRTRED_inner                      0x0001bf59   Thumb Code    14  defsig_rtred_inner.o(.text)
    __user_libspace                          0x0001bf8d   Thumb Code     8  libspace.o(.text)
    __user_perproc_libspace                  0x0001bf8d   Thumb Code     0  libspace.o(.text)
    __user_perthread_libspace                0x0001bf8d   Thumb Code     0  libspace.o(.text)
    __Heap_ProvideMemory                     0x0001bf95   Thumb Code    52  h1_extend.o(.text)
    __default_signal_display                 0x0001bfc9   Thumb Code    52  defsig_general.o(.text)
    __rt_SIGRTMEM                            0x0001bffd   Thumb Code    12  defsig_rtmem_outer.o(.text)
    __rt_SIGRTMEM_inner                      0x0001c009   Thumb Code    22  defsig_rtmem_inner.o(.text)
    GPIOTE_IRQHandler                        0x0001c059   Thumb Code   312  nrf_drv_gpiote.o(i.GPIOTE_IRQHandler)
    RTC1_IRQHandler                          0x0001c1f1   Thumb Code    28  app_timer.o(i.RTC1_IRQHandler)
    SEGGER_RTT_ConfigDownBuffer              0x0001c211   Thumb Code    70  segger_rtt.o(i.SEGGER_RTT_ConfigDownBuffer)
    SEGGER_RTT_ConfigUpBuffer                0x0001c25d   Thumb Code    70  segger_rtt.o(i.SEGGER_RTT_ConfigUpBuffer)
    SEGGER_RTT_Write                         0x0001c2a9   Thumb Code    32  segger_rtt.o(i.SEGGER_RTT_Write)
    SEGGER_RTT_WriteNoLock                   0x0001c2cd   Thumb Code    86  segger_rtt.o(i.SEGGER_RTT_WriteNoLock)
    SEGGER_RTT_WriteString                   0x0001c329   Thumb Code    24  segger_rtt.o(i.SEGGER_RTT_WriteString)
    SEGGER_RTT_printf                        0x0001c341   Thumb Code    24  segger_rtt_printf.o(i.SEGGER_RTT_printf)
    SEGGER_RTT_vprintf                       0x0001c359   Thumb Code   404  segger_rtt_printf.o(i.SEGGER_RTT_vprintf)
    SWI0_IRQHandler                          0x0001c4ed   Thumb Code     8  app_timer.o(i.SWI0_IRQHandler)
    SWI2_IRQHandler                          0x0001c4f5   Thumb Code    34  softdevice_handler.o(i.SWI2_IRQHandler)
    SystemInit                               0x0001c521   Thumb Code   130  system_nrf51.o(i.SystemInit)
    UART0_IRQHandler                         0x0001c5c1   Thumb Code     8  nrf_drv_uart.o(i.UART0_IRQHandler)
    __ARM_common_switch8                     0x0001c8c7   Thumb Code    26  bsp.o(i.__ARM_common_switch8)
    _sys_close                               0x0001c8e1   Thumb Code     4  rtt_syscalls_keil.o(i._sys_close)
    _sys_exit                                0x0001c8e5   Thumb Code     2  rtt_syscalls_keil.o(i._sys_exit)
    _sys_flen                                0x0001c8e7   Thumb Code     4  rtt_syscalls_keil.o(i._sys_flen)
    _sys_istty                               0x0001c8eb   Thumb Code    16  rtt_syscalls_keil.o(i._sys_istty)
    _sys_open                                0x0001c8fd   Thumb Code    42  rtt_syscalls_keil.o(i._sys_open)
    _sys_seek                                0x0001c931   Thumb Code     4  rtt_syscalls_keil.o(i._sys_seek)
    _sys_write                               0x0001c935   Thumb Code    24  rtt_syscalls_keil.o(i._sys_write)
    _ttywrch                                 0x0001c951   Thumb Code    16  rtt_syscalls_keil.o(i._ttywrch)
    adv_data_encode                          0x0001c965   Thumb Code   534  ble_advdata.o(i.adv_data_encode)
    app_error_fault_handler                  0x0001cc71   Thumb Code    26  app_error_weak.o(i.app_error_fault_handler)
    app_error_handler                        0x0001cc8d   Thumb Code    22  app_error.o(i.app_error_handler)
    app_error_save_and_stop                  0x0001cca9   Thumb Code    90  app_error.o(i.app_error_save_and_stop)
    app_timer_create                         0x0001cd65   Thumb Code    44  app_timer.o(i.app_timer_create)
    app_timer_init                           0x0001cd95   Thumb Code   126  app_timer.o(i.app_timer_init)
    app_timer_start                          0x0001ce25   Thumb Code   114  app_timer.o(i.app_timer_start)
    app_timer_stop                           0x0001cea1   Thumb Code    78  app_timer.o(i.app_timer_stop)
    ble_advdata_set                          0x0001cef5   Thumb Code   104  ble_advdata.o(i.ble_advdata_set)
    ble_advertising_init                     0x0001cf5d   Thumb Code   284  ble_advertising.o(i.ble_advertising_init)
    ble_advertising_on_ble_evt               0x0001d081   Thumb Code   118  ble_advertising.o(i.ble_advertising_on_ble_evt)
    ble_advertising_on_sys_evt               0x0001d0fd   Thumb Code    42  ble_advertising.o(i.ble_advertising_on_sys_evt)
    ble_advertising_restart_without_whitelist 0x0001d13d   Thumb Code    78  ble_advertising.o(i.ble_advertising_restart_without_whitelist)
    ble_advertising_start                    0x0001d195   Thumb Code   482  ble_advertising.o(i.ble_advertising_start)
    ble_conn_params_init                     0x0001d381   Thumb Code    68  ble_conn_params.o(i.ble_conn_params_init)
    ble_conn_params_on_ble_evt               0x0001d3d5   Thumb Code   132  ble_conn_params.o(i.ble_conn_params_on_ble_evt)
    ble_dcs_service_on_ble_evt               0x0001d465   Thumb Code    76  dcs_service.o(i.ble_dcs_service_on_ble_evt)
    bond_data_load                           0x0001d699   Thumb Code    58  device_manager_peripheral.o(i.bond_data_load)
    bsp_btn_ble_init                         0x0001d6e1   Thumb Code    80  bsp_btn_ble.o(i.bsp_btn_ble_init)
    bsp_btn_ble_on_ble_evt                   0x0001d735   Thumb Code   114  bsp_btn_ble.o(i.bsp_btn_ble_on_ble_evt)
    bsp_btn_ble_sleep_mode_prepare           0x0001d7ad   Thumb Code    20  bsp_btn_ble.o(i.bsp_btn_ble_sleep_mode_prepare)
    bsp_button_is_pressed                    0x0001d7c1   Thumb Code     6  bsp.o(i.bsp_button_is_pressed)
    bsp_event_handler                        0x0001d7c9   Thumb Code    68  main.o(i.bsp_event_handler)
    bsp_event_to_button_action_assign        0x0001d821   Thumb Code     4  bsp.o(i.bsp_event_to_button_action_assign)
    bsp_indication_set                       0x0001d825   Thumb Code    22  bsp.o(i.bsp_indication_set)
    bsp_init                                 0x0001d841   Thumb Code    54  bsp.o(i.bsp_init)
    bsp_wakeup_buttons_set                   0x0001da75   Thumb Code     4  bsp.o(i.bsp_wakeup_buttons_set)
    dcs_cic_update                           0x0001e005   Thumb Code    76  dcs_service.o(i.dcs_cic_update)
    dcs_service_init                         0x0001e071   Thumb Code    82  dcs_service.o(i.dcs_service_init)
    dm_ble_evt_handler                       0x0001e3a9   Thumb Code   960  device_manager_peripheral.o(i.dm_ble_evt_handler)
    dm_handle_initialize                     0x0001e785   Thumb Code    22  device_manager_peripheral.o(i.dm_handle_initialize)
    dm_init                                  0x0001e7a1   Thumb Code   174  device_manager_peripheral.o(i.dm_init)
    dm_register                              0x0001e9f9   Thumb Code   104  device_manager_peripheral.o(i.dm_register)
    fputc                                    0x0001ec0d   Thumb Code    30  fputc.o(i.fputc)
    fs_erase                                 0x0001ec2d   Thumb Code   116  fstorage.o(i.fs_erase)
    fs_queued_op_count_get                   0x0001ecb1   Thumb Code    18  fstorage.o(i.fs_queued_op_count_get)
    fs_store                                 0x0001ecc9   Thumb Code   124  fstorage.o(i.fs_store)
    intern_softdevice_events_execute         0x0001f34d   Thumb Code   124  softdevice_handler.o(i.intern_softdevice_events_execute)
    log_rtt_init                             0x0001f68d   Thumb Code    58  nrf_log.o(i.log_rtt_init)
    log_rtt_printf                           0x0001f6e5   Thumb Code    24  nrf_log.o(i.log_rtt_printf)
    main                                     0x0001f6fd   Thumb Code   222  main.o(i.main)
    pstorage_access_status_get               0x0001fab1   Thumb Code    30  pstorage.o(i.pstorage_access_status_get)
    pstorage_block_identifier_get            0x0001fad9   Thumb Code    78  pstorage.o(i.pstorage_block_identifier_get)
    pstorage_clear                           0x0001fb31   Thumb Code   160  pstorage.o(i.pstorage_clear)
    pstorage_init                            0x0001fc09   Thumb Code    82  pstorage.o(i.pstorage_init)
    pstorage_load                            0x0001fc65   Thumb Code   162  pstorage.o(i.pstorage_load)
    pstorage_register                        0x0001fd11   Thumb Code   180  pstorage.o(i.pstorage_register)
    pstorage_store                           0x0001fdcd   Thumb Code   138  pstorage.o(i.pstorage_store)
    pstorage_sys_event_handler               0x0001fe61   Thumb Code    72  pstorage.o(i.pstorage_sys_event_handler)
    pstorage_update                          0x0001fead   Thumb Code   138  pstorage.o(i.pstorage_update)
    sd_check_ram_start                       0x00020351   Thumb Code    44  softdevice_handler.o(i.sd_check_ram_start)
    softdevice_ble_evt_handler_set           0x000205c5   Thumb Code    16  softdevice_handler.o(i.softdevice_ble_evt_handler_set)
    softdevice_enable                        0x000205d9   Thumb Code    86  softdevice_handler.o(i.softdevice_enable)
    softdevice_enable_get_default_config     0x000206d9   Thumb Code    40  softdevice_handler.o(i.softdevice_enable_get_default_config)
    softdevice_fault_handler                 0x00020701   Thumb Code     8  softdevice_handler.o(i.softdevice_fault_handler)
    softdevice_handler_init                  0x00020709   Thumb Code    60  softdevice_handler.o(i.softdevice_handler_init)
    softdevice_sys_evt_handler_set           0x0002074d   Thumb Code    16  softdevice_handler.o(i.softdevice_sys_evt_handler_set)
    m_context_init_len                       0x00020f84   Data           4  device_manager_peripheral.o(.constdata)
    m_service_context_store                  0x00020f88   Data          16  device_manager_peripheral.o(.constdata)
    m_service_context_load                   0x00020f98   Data          16  device_manager_peripheral.o(.constdata)
    m_service_context_apply                  0x00020fa8   Data          16  device_manager_peripheral.o(.constdata)
    __stdin_name                             0x00020ff4   Data           6  rtt_syscalls_keil.o(.constdata)
    __stdout_name                            0x00020ffa   Data           7  rtt_syscalls_keil.o(.constdata)
    __stderr_name                            0x00021001   Data           7  rtt_syscalls_keil.o(.constdata)
    Region$$Table$$Base                      0x000210bc   Number         0  anon$$obj.o(Region$$Table)
    Region$$Table$$Limit                     0x000210dc   Number         0  anon$$obj.o(Region$$Table)
    Image$$RW_IRAM1$$Base                    0x20002080   Number         0  anon$$obj.o ABSOLUTE
    nrf_nvic_state                           0x20002164   Data           8  softdevice_handler.o(.data)
    SystemCoreClock                          0x2000216c   Data           4  system_nrf51.o(.data)
    __aeabi_stdin                            0x20002170   Data           4  stdio_streams.o(.data)
    __aeabi_stdout                           0x20002174   Data           4  stdio_streams.o(.data)
    __aeabi_stderr                           0x20002178   Data           4  stdio_streams.o(.data)
    fs_data$$Base                            0x2000217c   Number         0  fds.o(fs_data)
    fs_data$$Limit                           0x2000218c   Number         0  fds.o(fs_data)
    m_dcs_service                            0x2000239c   Data          12  main.o(.bss)
    _SEGGER_RTT                              0x2000316c   Data         120  segger_rtt.o(.bss)
    __stdin                                  0x200031e4   Data          84  stdio_streams.o(.bss)
    __stdout                                 0x20003238   Data          84  stdio_streams.o(.bss)
    __stderr                                 0x2000328c   Data          84  stdio_streams.o(.bss)
    __libspace_start                         0x200032e0   Data          96  libspace.o(.bss)
    __temporary_stack_top$libspace           0x20003340   Data           0  libspace.o(.bss)



==============================================================================

Memory Map of the image

  Image Entry point : 0x0001b0c1

  Load Region LR_IROM1 (Base: 0x0001b000, Size: 0x000061e8, Max: 0x00025000, ABSOLUTE)

    Execution Region ER_IROM1 (Exec base: 0x0001b000, Load base: 0x0001b000, Size: 0x000060dc, Max: 0x00025000, ABSOLUTE)

    Exec Addr    Load Addr    Size         Type   Attr      Idx    E Section Name        Object

    0x0001b000   0x0001b000   0x000000c0   Data   RO         3106    RESET               arm_startup_nrf51.o
    0x0001b0c0   0x0001b0c0   0x00000008   Code   RO         3190  * !!!main             c_p.l(__main.o)
    0x0001b0c8   0x0001b0c8   0x0000003c   Code   RO         3512    !!!scatter          c_p.l(__scatter.o)
    0x0001b104   0x0001b104   0x0000001a   Code   RO         3514    !!handler_copy      c_p.l(__scatter_copy.o)
    0x0001b11e   0x0001b11e   0x00000002   PAD
    0x0001b120   0x0001b120   0x0000001c   Code   RO         3516    !!handler_zi        c_p.l(__scatter_zi.o)
    0x0001b13c   0x0001b13c   0x00000002   Code   RO         3444    .ARM.Collect$$libinit$$00000000  c_p.l(libinit.o)
    0x0001b13e   0x0001b13e   0x00000000   Code   RO         3324    .ARM.Collect$$libinit$$00000002  c_p.l(libinit2.o)
    0x0001b13e   0x0001b13e   0x00000000   Code   RO         3326    .ARM.Collect$$libinit$$00000004  c_p.l(libinit2.o)
    0x0001b13e   0x0001b13e   0x00000008   Code   RO         3327    .ARM.Collect$$libinit$$00000005  c_p.l(libinit2.o)
    0x0001b146   0x0001b146   0x00000000   Code   RO         3329    .ARM.Collect$$libinit$$0000000A  c_p.l(libinit2.o)
    0x0001b146   0x0001b146   0x00000000   Code   RO         3331    .ARM.Collect$$libinit$$0000000C  c_p.l(libinit2.o)
    0x0001b146   0x0001b146   0x00000000   Code   RO         3333    .ARM.Collect$$libinit$$0000000E  c_p.l(libinit2.o)
    0x0001b146   0x0001b146   0x00000000   Code   RO         3336    .ARM.Collect$$libinit$$00000011  c_p.l(libinit2.o)
    0x0001b146   0x0001b146   0x00000000   Code   RO         3338    .ARM.Collect$$libinit$$00000013  c_p.l(libinit2.o)
    0x0001b146   0x0001b146   0x00000000   Code   RO         3340    .ARM.Collect$$libinit$$00000015  c_p.l(libinit2.o)
    0x0001b146   0x0001b146   0x00000000   Code   RO         3342    .ARM.Collect$$libinit$$00000017  c_p.l(libinit2.o)
    0x0001b146   0x0001b146   0x00000000   Code   RO         3344    .ARM.Collect$$libinit$$00000019  c_p.l(libinit2.o)
    0x0001b146   0x0001b146   0x00000000   Code   RO         3346    .ARM.Collect$$libinit$$0000001B  c_p.l(libinit2.o)
    0x0001b146   0x0001b146   0x00000000   Code   RO         3348    .ARM.Collect$$libinit$$0000001D  c_p.l(libinit2.o)
    0x0001b146   0x0001b146   0x00000000   Code   RO         3350    .ARM.Collect$$libinit$$0000001F  c_p.l(libinit2.o)
    0x0001b146   0x0001b146   0x00000000   Code   RO         3352    .ARM.Collect$$libinit$$00000021  c_p.l(libinit2.o)
    0x0001b146   0x0001b146   0x00000000   Code   RO         3354    .ARM.Collect$$libinit$$00000023  c_p.l(libinit2.o)
    0x0001b146   0x0001b146   0x00000004   Code   RO         3355    .ARM.Collect$$libinit$$00000024  c_p.l(libinit2.o)
    0x0001b14a   0x0001b14a   0x00000000   Code   RO         3356    .ARM.Collect$$libinit$$00000025  c_p.l(libinit2.o)
    0x0001b14a   0x0001b14a   0x00000000   Code   RO         3360    .ARM.Collect$$libinit$$0000002C  c_p.l(libinit2.o)
    0x0001b14a   0x0001b14a   0x00000000   Code   RO         3362    .ARM.Collect$$libinit$$0000002E  c_p.l(libinit2.o)
    0x0001b14a   0x0001b14a   0x00000000   Code   RO         3364    .ARM.Collect$$libinit$$00000030  c_p.l(libinit2.o)
    0x0001b14a   0x0001b14a   0x00000000   Code   RO         3366    .ARM.Collect$$libinit$$00000032  c_p.l(libinit2.o)
    0x0001b14a   0x0001b14a   0x00000002   Code   RO         3367    .ARM.Collect$$libinit$$00000033  c_p.l(libinit2.o)
    0x0001b14c   0x0001b14c   0x00000002   Code   RO         3509    .ARM.Collect$$libshutdown$$00000000  c_p.l(libshutdown.o)
    0x0001b14e   0x0001b14e   0x00000000   Code   RO         3369    .ARM.Collect$$libshutdown$$00000002  c_p.l(libshutdown2.o)
    0x0001b14e   0x0001b14e   0x00000004   Code   RO         3370    .ARM.Collect$$libshutdown$$00000003  c_p.l(libshutdown2.o)
    0x0001b152   0x0001b152   0x00000000   Code   RO         3371    .ARM.Collect$$libshutdown$$00000004  c_p.l(libshutdown2.o)
    0x0001b152   0x0001b152   0x00000000   Code   RO         3374    .ARM.Collect$$libshutdown$$00000007  c_p.l(libshutdown2.o)
    0x0001b152   0x0001b152   0x00000000   Code   RO         3377    .ARM.Collect$$libshutdown$$0000000A  c_p.l(libshutdown2.o)
    0x0001b152   0x0001b152   0x00000000   Code   RO         3379    .ARM.Collect$$libshutdown$$0000000C  c_p.l(libshutdown2.o)
    0x0001b152   0x0001b152   0x00000000   Code   RO         3382    .ARM.Collect$$libshutdown$$0000000F  c_p.l(libshutdown2.o)
    0x0001b152   0x0001b152   0x00000002   Code   RO         3383    .ARM.Collect$$libshutdown$$00000010  c_p.l(libshutdown2.o)
    0x0001b154   0x0001b154   0x00000000   Code   RO         3192    .ARM.Collect$$rtentry$$00000000  c_p.l(__rtentry.o)
    0x0001b154   0x0001b154   0x00000000   Code   RO         3215    .ARM.Collect$$rtentry$$00000002  c_p.l(__rtentry2.o)
    0x0001b154   0x0001b154   0x00000006   Code   RO         3227    .ARM.Collect$$rtentry$$00000004  c_p.l(__rtentry4.o)
    0x0001b15a   0x0001b15a   0x00000000   Code   RO         3217    .ARM.Collect$$rtentry$$00000009  c_p.l(__rtentry2.o)
    0x0001b15a   0x0001b15a   0x00000004   Code   RO         3218    .ARM.Collect$$rtentry$$0000000A  c_p.l(__rtentry2.o)
    0x0001b15e   0x0001b15e   0x00000000   Code   RO         3220    .ARM.Collect$$rtentry$$0000000C  c_p.l(__rtentry2.o)
    0x0001b15e   0x0001b15e   0x00000008   Code   RO         3221    .ARM.Collect$$rtentry$$0000000D  c_p.l(__rtentry2.o)
    0x0001b166   0x0001b166   0x00000002   Code   RO         3451    .ARM.Collect$$rtexit$$00000000  c_p.l(rtexit.o)
    0x0001b168   0x0001b168   0x00000000   Code   RO         3479    .ARM.Collect$$rtexit$$00000002  c_p.l(rtexit2.o)
    0x0001b168   0x0001b168   0x00000004   Code   RO         3480    .ARM.Collect$$rtexit$$00000003  c_p.l(rtexit2.o)
    0x0001b16c   0x0001b16c   0x00000006   Code   RO         3481    .ARM.Collect$$rtexit$$00000004  c_p.l(rtexit2.o)
    0x0001b172   0x0001b172   0x00000002   PAD
    0x0001b174   0x0001b174   0x0000001e   Code   RO         2007    .emb_text           app_timer.o
    0x0001b192   0x0001b192   0x00000002   PAD
    0x0001b194   0x0001b194   0x00000038   Code   RO         3176    .emb_text           c_p.l(rt_memcpy.o)
    0x0001b1cc   0x0001b1cc   0x00000000   Code   RO         3455    .emb_text           c_p.l(maybetermalloc1.o)
    0x0001b1cc   0x0001b1cc   0x00000054   Code   RO         3107    .text               arm_startup_nrf51.o
    0x0001b220   0x0001b220   0x0000001c   Code   RO         3152    .text               c_p.l(noretval__2printf.o)
    0x0001b23c   0x0001b23c   0x00000068   Code   RO         3154    .text               c_p.l(fflush.o)
    0x0001b2a4   0x0001b2a4   0x0000005a   Code   RO         3170    .text               c_p.l(memcmp.o)
    0x0001b2fe   0x0001b2fe   0x00000002   PAD
    0x0001b300   0x0001b300   0x0000004c   Code   RO         3172    .text               c_p.l(strcpy.o)
    0x0001b34c   0x0001b34c   0x00000044   Code   RO         3174    .text               c_p.l(strlen.o)
    0x0001b390   0x0001b390   0x00000082   Code   RO         3177    .text               c_p.l(rt_memcpy.o)
    0x0001b412   0x0001b412   0x00000040   Code   RO         3180    .text               c_p.l(rt_memclr.o)
    0x0001b452   0x0001b452   0x00000002   PAD
    0x0001b454   0x0001b454   0x00000088   Code   RO         3182    .text               c_p.l(strcmp.o)
    0x0001b4dc   0x0001b4dc   0x0000015a   Code   RO         3184    .text               c_p.l(aeabi_sdiv.o)
    0x0001b636   0x0001b636   0x00000006   Code   RO         3188    .text               c_p.l(heapauxi.o)
    0x0001b63c   0x0001b63c   0x00000028   Code   RO         3197    .text               c_p.l(_printf_char_file.o)
    0x0001b664   0x0001b664   0x000001f0   Code   RO         3199    .text               c_p.l(flsbuf.o)
    0x0001b854   0x0001b854   0x000000f4   Code   RO         3201    .text               c_p.l(fseek.o)
    0x0001b948   0x0001b948   0x000000f0   Code   RO         3203    .text               c_p.l(stdio.o)
    0x0001ba38   0x0001ba38   0x0000013c   Code   RO         3206    .text               c_p.l(initio.o)
    0x0001bb74   0x0001bb74   0x00000062   Code   RO         3235    .text               c_p.l(h1_alloc.o)
    0x0001bbd6   0x0001bbd6   0x0000004c   Code   RO         3237    .text               c_p.l(h1_free.o)
    0x0001bc22   0x0001bc22   0x00000002   PAD
    0x0001bc24   0x0001bc24   0x00000030   Code   RO         3293    .text               c_p.l(_printf_char_common.o)
    0x0001bc54   0x0001bc54   0x00000008   Code   RO         3297    .text               c_p.l(ferror.o)
    0x0001bc5c   0x0001bc5c   0x00000042   Code   RO         3299    .text               c_p.l(ftell.o)
    0x0001bc9e   0x0001bc9e   0x00000002   PAD
    0x0001bca0   0x0001bca0   0x0000004c   Code   RO         3301    .text               c_p.l(setvbuf.o)
    0x0001bcec   0x0001bcec   0x000000e8   Code   RO         3305    .text               c_p.l(fopen.o)
    0x0001bdd4   0x0001bdd4   0x0000004c   Code   RO         3307    .text               c_p.l(fclose.o)
    0x0001be20   0x0001be20   0x0000000c   Code   RO         3317    .text               c_p.l(defsig_rtred_outer.o)
    0x0001be2c   0x0001be2c   0x0000003e   Code   RO         3384    .text               c_p.l(sys_stackheap_outer.o)
    0x0001be6a   0x0001be6a   0x00000002   PAD
    0x0001be6c   0x0001be6c   0x00000008   Code   RO         3392    .text               c_p.l(rt_heap_descriptor_intlibspace.o)
    0x0001be74   0x0001be74   0x00000008   Code   RO         3397    .text               c_p.l(rt_errno_addr_intlibspace.o)
    0x0001be7c   0x0001be7c   0x00000004   Code   RO         3399    .text               c_p.l(hguard.o)
    0x0001be80   0x0001be80   0x00000088   Code   RO         3401    .text               c_p.l(init_alloc.o)
    0x0001bf08   0x0001bf08   0x0000000e   Code   RO         3405    .text               c_p.l(h1_init.o)
    0x0001bf16   0x0001bf16   0x00000024   Code   RO         3419    .text               c_p.l(__printf_nopercent.o)
    0x0001bf3a   0x0001bf3a   0x00000010   Code   RO         3425    .text               c_p.l(exit.o)
    0x0001bf4a   0x0001bf4a   0x0000000c   Code   RO         3427    .text               c_p.l(defsig_exit.o)
    0x0001bf56   0x0001bf56   0x00000002   PAD
    0x0001bf58   0x0001bf58   0x00000034   Code   RO         3433    .text               c_p.l(defsig_rtred_inner.o)
    0x0001bf8c   0x0001bf8c   0x00000008   Code   RO         3447    .text               c_p.l(libspace.o)
    0x0001bf94   0x0001bf94   0x00000034   Code   RO         3457    .text               c_p.l(h1_extend.o)
    0x0001bfc8   0x0001bfc8   0x00000034   Code   RO         3463    .text               c_p.l(defsig_general.o)
    0x0001bffc   0x0001bffc   0x0000000c   Code   RO         3467    .text               c_p.l(defsig_rtmem_outer.o)
    0x0001c008   0x0001c008   0x00000050   Code   RO         3487    .text               c_p.l(defsig_rtmem_inner.o)
    0x0001c058   0x0001c058   0x00000154   Code   RO         1290    i.GPIOTE_IRQHandler  nrf_drv_gpiote.o
    0x0001c1ac   0x0001c1ac   0x00000044   Code   RO         2008    i.NVIC_SetPriority  app_timer.o
    0x0001c1f0   0x0001c1f0   0x00000020   Code   RO         2009    i.RTC1_IRQHandler   app_timer.o
    0x0001c210   0x0001c210   0x0000004c   Code   RO         2822    i.SEGGER_RTT_ConfigDownBuffer  segger_rtt.o
    0x0001c25c   0x0001c25c   0x0000004c   Code   RO         2823    i.SEGGER_RTT_ConfigUpBuffer  segger_rtt.o
    0x0001c2a8   0x0001c2a8   0x00000024   Code   RO         2835    i.SEGGER_RTT_Write  segger_rtt.o
    0x0001c2cc   0x0001c2cc   0x0000005c   Code   RO         2836    i.SEGGER_RTT_WriteNoLock  segger_rtt.o
    0x0001c328   0x0001c328   0x00000018   Code   RO         2838    i.SEGGER_RTT_WriteString  segger_rtt.o
    0x0001c340   0x0001c340   0x00000018   Code   RO         2960    i.SEGGER_RTT_printf  segger_rtt_printf.o
    0x0001c358   0x0001c358   0x00000194   Code   RO         2961    i.SEGGER_RTT_vprintf  segger_rtt_printf.o
    0x0001c4ec   0x0001c4ec   0x00000008   Code   RO         2010    i.SWI0_IRQHandler   app_timer.o
    0x0001c4f4   0x0001c4f4   0x0000002c   Code   RO         2996    i.SWI2_IRQHandler   softdevice_handler.o
    0x0001c520   0x0001c520   0x000000a0   Code   RO         3114    i.SystemInit        system_nrf51.o
    0x0001c5c0   0x0001c5c0   0x00000008   Code   RO         1480    i.UART0_IRQHandler  nrf_drv_uart.o
    0x0001c5c8   0x0001c5c8   0x0000006c   Code   RO         2839    i._DoInit           segger_rtt.o
    0x0001c634   0x0001c634   0x00000016   Code   RO         2840    i._GetAvailWriteSpace  segger_rtt.o
    0x0001c64a   0x0001c64a   0x000000c8   Code   RO         2962    i._PrintInt         segger_rtt_printf.o
    0x0001c712   0x0001c712   0x00000002   PAD
    0x0001c714   0x0001c714   0x000000d8   Code   RO         2963    i._PrintUnsigned    segger_rtt_printf.o
    0x0001c7ec   0x0001c7ec   0x0000003e   Code   RO         2964    i._StoreChar        segger_rtt_printf.o
    0x0001c82a   0x0001c82a   0x00000060   Code   RO         2842    i._WriteBlocking    segger_rtt.o
    0x0001c88a   0x0001c88a   0x0000003c   Code   RO         2843    i._WriteNoCheck     segger_rtt.o
    0x0001c8c6   0x0001c8c6   0x0000001a   Code   RO          525    i.__ARM_common_switch8  bsp.o
    0x0001c8e0   0x0001c8e0   0x00000004   Code   RO         2731    i._sys_close        rtt_syscalls_keil.o
    0x0001c8e4   0x0001c8e4   0x00000002   Code   RO         2734    i._sys_exit         rtt_syscalls_keil.o
    0x0001c8e6   0x0001c8e6   0x00000004   Code   RO         2735    i._sys_flen         rtt_syscalls_keil.o
    0x0001c8ea   0x0001c8ea   0x00000010   Code   RO         2736    i._sys_istty        rtt_syscalls_keil.o
    0x0001c8fa   0x0001c8fa   0x00000002   PAD
    0x0001c8fc   0x0001c8fc   0x00000034   Code   RO         2737    i._sys_open         rtt_syscalls_keil.o
    0x0001c930   0x0001c930   0x00000004   Code   RO         2739    i._sys_seek         rtt_syscalls_keil.o
    0x0001c934   0x0001c934   0x0000001c   Code   RO         2741    i._sys_write        rtt_syscalls_keil.o
    0x0001c950   0x0001c950   0x00000014   Code   RO         2742    i._ttywrch          rtt_syscalls_keil.o
    0x0001c964   0x0001c964   0x00000216   Code   RO          594    i.adv_data_encode   ble_advdata.o
    0x0001cb7a   0x0001cb7a   0x0000003c   Code   RO          552    i.advertising_buttons_configure  bsp_btn_ble.o
    0x0001cbb6   0x0001cbb6   0x00000002   PAD
    0x0001cbb8   0x0001cbb8   0x000000a0   Code   RO            3    i.advertising_init  main.o
    0x0001cc58   0x0001cc58   0x00000018   Code   RO          443    i.alert_timer_handler  bsp.o
    0x0001cc70   0x0001cc70   0x0000001a   Code   RO         1987    i.app_error_fault_handler  app_error_weak.o
    0x0001cc8a   0x0001cc8a   0x00000002   PAD
    0x0001cc8c   0x0001cc8c   0x0000001c   Code   RO         1951    i.app_error_handler  app_error.o
    0x0001cca8   0x0001cca8   0x00000064   Code   RO         1953    i.app_error_save_and_stop  app_error.o
    0x0001cd0c   0x0001cd0c   0x0000000c   Code   RO          875    i.app_evt_notify    device_manager_peripheral.o
    0x0001cd18   0x0001cd18   0x0000002c   Code   RO         1648    i.app_notify        pstorage.o
    0x0001cd44   0x0001cd44   0x00000020   Code   RO         1649    i.app_notify_error_state_transit  pstorage.o
    0x0001cd64   0x0001cd64   0x00000030   Code   RO         2013    i.app_timer_create  app_timer.o
    0x0001cd94   0x0001cd94   0x00000090   Code   RO         2014    i.app_timer_init    app_timer.o
    0x0001ce24   0x0001ce24   0x0000007c   Code   RO         2015    i.app_timer_start   app_timer.o
    0x0001cea0   0x0001cea0   0x00000054   Code   RO         2016    i.app_timer_stop    app_timer.o
    0x0001cef4   0x0001cef4   0x00000068   Code   RO          595    i.ble_advdata_set   ble_advdata.o
    0x0001cf5c   0x0001cf5c   0x00000124   Code   RO          672    i.ble_advertising_init  ble_advertising.o
    0x0001d080   0x0001d080   0x0000007c   Code   RO          673    i.ble_advertising_on_ble_evt  ble_advertising.o
    0x0001d0fc   0x0001d0fc   0x00000030   Code   RO          674    i.ble_advertising_on_sys_evt  ble_advertising.o
    0x0001d12c   0x0001d12c   0x00000010   Code   RO          676    i.ble_advertising_peer_address_clear  ble_advertising.o
    0x0001d13c   0x0001d13c   0x00000058   Code   RO          677    i.ble_advertising_restart_without_whitelist  ble_advertising.o
    0x0001d194   0x0001d194   0x000001ec   Code   RO          678    i.ble_advertising_start  ble_advertising.o
    0x0001d380   0x0001d380   0x00000054   Code   RO          762    i.ble_conn_params_init  ble_conn_params.o
    0x0001d3d4   0x0001d3d4   0x00000090   Code   RO          763    i.ble_conn_params_on_ble_evt  ble_conn_params.o
    0x0001d464   0x0001d464   0x000000b0   Code   RO          303    i.ble_dcs_service_on_ble_evt  dcs_service.o
    0x0001d514   0x0001d514   0x0000005e   Code   RO          596    i.ble_device_addr_encode  ble_advdata.o
    0x0001d572   0x0001d572   0x00000002   PAD
    0x0001d574   0x0001d574   0x00000068   Code   RO            5    i.ble_evt_dispatch  main.o
    0x0001d5dc   0x0001d5dc   0x000000bc   Code   RO            6    i.ble_stack_init    main.o
    0x0001d698   0x0001d698   0x00000048   Code   RO          876    i.bond_data_load    device_manager_peripheral.o
    0x0001d6e0   0x0001d6e0   0x00000054   Code   RO          553    i.bsp_btn_ble_init  bsp_btn_ble.o
    0x0001d734   0x0001d734   0x00000078   Code   RO          554    i.bsp_btn_ble_on_ble_evt  bsp_btn_ble.o
    0x0001d7ac   0x0001d7ac   0x00000014   Code   RO          555    i.bsp_btn_ble_sleep_mode_prepare  bsp_btn_ble.o
    0x0001d7c0   0x0001d7c0   0x00000006   Code   RO          444    i.bsp_button_is_pressed  bsp.o
    0x0001d7c6   0x0001d7c6   0x00000002   PAD
    0x0001d7c8   0x0001d7c8   0x00000058   Code   RO            7    i.bsp_event_handler  main.o
    0x0001d820   0x0001d820   0x00000004   Code   RO          448    i.bsp_event_to_button_action_assign  bsp.o
    0x0001d824   0x0001d824   0x0000001c   Code   RO          449    i.bsp_indication_set  bsp.o
    0x0001d840   0x0001d840   0x0000004c   Code   RO          451    i.bsp_init          bsp.o
    0x0001d88c   0x0001d88c   0x000001e8   Code   RO          452    i.bsp_led_indication  bsp.o
    0x0001da74   0x0001da74   0x00000004   Code   RO          453    i.bsp_wakeup_buttons_set  bsp.o
    0x0001da78   0x0001da78   0x00000010   Code   RO         1293    i.channel_port_get  nrf_drv_gpiote.o
    0x0001da88   0x0001da88   0x00000020   Code   RO         2209    i.check_config      fstorage.o
    0x0001daa8   0x0001daa8   0x000000d0   Code   RO          304    i.cic_char_add      dcs_service.o
    0x0001db78   0x0001db78   0x00000104   Code   RO         1650    i.clear_operation_execute  pstorage.o
    0x0001dc7c   0x0001dc7c   0x00000024   Code   RO         1651    i.clear_post_processing_run  pstorage.o
    0x0001dca0   0x0001dca0   0x00000038   Code   RO         1652    i.cmd_process       pstorage.o
    0x0001dcd8   0x0001dcd8   0x00000020   Code   RO         1653    i.cmd_queue_element_init  pstorage.o
    0x0001dcf8   0x0001dcf8   0x0000004c   Code   RO         1654    i.cmd_queue_enqueue  pstorage.o
    0x0001dd44   0x0001dd44   0x0000003c   Code   RO         1655    i.command_end_procedure_run  pstorage.o
    0x0001dd80   0x0001dd80   0x000000a8   Code   RO         2018    i.compare_reg_update  app_timer.o
    0x0001de28   0x0001de28   0x00000088   Code   RO          597    i.conn_int_encode   ble_advdata.o
    0x0001deb0   0x0001deb0   0x0000001c   Code   RO            8    i.conn_params_error_handler  main.o
    0x0001decc   0x0001decc   0x00000068   Code   RO          765    i.conn_params_negotiation  ble_conn_params.o
    0x0001df34   0x0001df34   0x00000030   Code   RO          877    i.connection_instance_find  device_manager_peripheral.o
    0x0001df64   0x0001df64   0x00000024   Code   RO          878    i.connection_instance_init  device_manager_peripheral.o
    0x0001df88   0x0001df88   0x00000054   Code   RO         1656    i.data_page_erase_state_run  pstorage.o
    0x0001dfdc   0x0001dfdc   0x00000028   Code   RO         1657    i.data_to_swap_write_state_run  pstorage.o
    0x0001e004   0x0001e004   0x0000006c   Code   RO          305    i.dcs_cic_update    dcs_service.o
    0x0001e070   0x0001e070   0x00000074   Code   RO          306    i.dcs_service_init  dcs_service.o
    0x0001e0e4   0x0001e0e4   0x000000a4   Code   RO         2423    i.delete_execute    fds.o
    0x0001e188   0x0001e188   0x000000b4   Code   RO          879    i.device_context_store  device_manager_peripheral.o
    0x0001e23c   0x0001e23c   0x00000054   Code   RO          880    i.device_instance_allocate  device_manager_peripheral.o
    0x0001e290   0x0001e290   0x00000048   Code   RO          881    i.device_instance_find  device_manager_peripheral.o
    0x0001e2d8   0x0001e2d8   0x0000002c   Code   RO          882    i.device_instance_free  device_manager_peripheral.o
    0x0001e304   0x0001e304   0x00000024   Code   RO            9    i.device_manager_evt_handler  main.o
    0x0001e328   0x0001e328   0x00000080   Code   RO           10    i.device_manager_init  main.o
    0x0001e3a8   0x0001e3a8   0x000003dc   Code   RO          887    i.dm_ble_evt_handler  device_manager_peripheral.o
    0x0001e784   0x0001e784   0x0000001c   Code   RO          893    i.dm_handle_initialize  device_manager_peripheral.o
    0x0001e7a0   0x0001e7a0   0x000000c4   Code   RO          894    i.dm_init           device_manager_peripheral.o
    0x0001e864   0x0001e864   0x00000194   Code   RO          897    i.dm_pstorage_cb_handler  device_manager_peripheral.o
    0x0001e9f8   0x0001e9f8   0x00000074   Code   RO          898    i.dm_register       device_manager_peripheral.o
    0x0001ea6c   0x0001ea6c   0x00000040   Code   RO         2019    i.elapsed_ticks_acquire  app_timer.o
    0x0001eaac   0x0001eaac   0x0000006a   Code   RO         2424    i.event_prepare     fds.o
    0x0001eb16   0x0001eb16   0x00000002   PAD
    0x0001eb18   0x0001eb18   0x00000020   Code   RO         2425    i.event_send        fds.o
    0x0001eb38   0x0001eb38   0x00000010   Code   RO         2445    i.flag_clear        fds.o
    0x0001eb48   0x0001eb48   0x00000010   Code   RO         2446    i.flag_set          fds.o
    0x0001eb58   0x0001eb58   0x00000020   Code   RO         1658    i.flash_api_err_code_process  pstorage.o
    0x0001eb78   0x0001eb78   0x00000080   Code   RO         1659    i.flash_operation_success_run  pstorage.o
    0x0001ebf8   0x0001ebf8   0x0000000a   Code   RO         1660    i.flash_page_erase  pstorage.o
    0x0001ec02   0x0001ec02   0x0000000a   Code   RO         1661    i.flash_write       pstorage.o
    0x0001ec0c   0x0001ec0c   0x0000001e   Code   RO         3157    i.fputc             c_p.l(fputc.o)
    0x0001ec2a   0x0001ec2a   0x00000002   PAD
    0x0001ec2c   0x0001ec2c   0x00000078   Code   RO         2210    i.fs_erase          fstorage.o
    0x0001eca4   0x0001eca4   0x0000000a   Code   RO         2447    i.fs_event_handler  fds.o
    0x0001ecae   0x0001ecae   0x00000002   PAD
    0x0001ecb0   0x0001ecb0   0x00000018   Code   RO         2212    i.fs_queued_op_count_get  fstorage.o
    0x0001ecc8   0x0001ecc8   0x00000080   Code   RO         2213    i.fs_store          fstorage.o
    0x0001ed48   0x0001ed48   0x00000068   Code   RO           11    i.gap_params_init   main.o
    0x0001edb0   0x0001edb0   0x00000004   Code   RO          905    i.gattc_context_apply  device_manager_peripheral.o
    0x0001edb4   0x0001edb4   0x00000004   Code   RO          906    i.gattc_context_load  device_manager_peripheral.o
    0x0001edb8   0x0001edb8   0x00000004   Code   RO          907    i.gattc_context_store  device_manager_peripheral.o
    0x0001edbc   0x0001edbc   0x000000b0   Code   RO          908    i.gatts_context_apply  device_manager_peripheral.o
    0x0001ee6c   0x0001ee6c   0x00000030   Code   RO          909    i.gatts_context_load  device_manager_peripheral.o
    0x0001ee9c   0x0001ee9c   0x000000ac   Code   RO          910    i.gatts_context_store  device_manager_peripheral.o
    0x0001ef48   0x0001ef48   0x00000008   Code   RO          911    i.gattsc_context_apply  device_manager_peripheral.o
    0x0001ef50   0x0001ef50   0x00000008   Code   RO          912    i.gattsc_context_load  device_manager_peripheral.o
    0x0001ef58   0x0001ef58   0x00000008   Code   RO          913    i.gattsc_context_store  device_manager_peripheral.o
    0x0001ef60   0x0001ef60   0x00000070   Code   RO         2448    i.gc_execute        fds.o
    0x0001efd0   0x0001efd0   0x0000004c   Code   RO         2449    i.gc_next_page      fds.o
    0x0001f01c   0x0001f01c   0x00000048   Code   RO         2450    i.gc_page_erase     fds.o
    0x0001f064   0x0001f064   0x00000030   Code   RO         2451    i.gc_record_copy    fds.o
    0x0001f094   0x0001f094   0x00000020   Code   RO         2452    i.gc_record_find_next  fds.o
    0x0001f0b4   0x0001f0b4   0x00000080   Code   RO         2453    i.gc_state_advance  fds.o
    0x0001f134   0x0001f134   0x00000078   Code   RO         1662    i.head_restore_state_run  pstorage.o
    0x0001f1ac   0x0001f1ac   0x0000001c   Code   RO         2454    i.header_is_valid   fds.o
    0x0001f1c8   0x0001f1c8   0x000000c8   Code   RO          307    i.iac_char_add      dcs_service.o
    0x0001f290   0x0001f290   0x000000bc   Code   RO         2455    i.init_execute      fds.o
    0x0001f34c   0x0001f34c   0x00000084   Code   RO         2997    i.intern_softdevice_events_execute  softdevice_handler.o
    0x0001f3d0   0x0001f3d0   0x0000001c   Code   RO          766    i.is_conn_params_ok  ble_conn_params.o
    0x0001f3ec   0x0001f3ec   0x00000048   Code   RO         3115    i.is_manual_peripheral_setup_needed  system_nrf51.o
    0x0001f434   0x0001f434   0x00000044   Code   RO         1663    i.is_page_erase_required  pstorage.o
    0x0001f478   0x0001f478   0x0000000c   Code   RO         1664    i.is_word_aligned   pstorage.o
    0x0001f484   0x0001f484   0x0000000c   Code   RO         2456    i.is_word_aligned   fds.o
    0x0001f490   0x0001f490   0x00000054   Code   RO          598    i.le_role_encode    ble_advdata.o
    0x0001f4e4   0x0001f4e4   0x00000018   Code   RO          454    i.leds_timer_handler  bsp.o
    0x0001f4fc   0x0001f4fc   0x000000bc   Code   RO         2020    i.list_deletions_handler  app_timer.o
    0x0001f5b8   0x0001f5b8   0x000000d4   Code   RO         2021    i.list_insertions_handler  app_timer.o
    0x0001f68c   0x0001f68c   0x00000058   Code   RO         2314    i.log_rtt_init      nrf_log.o
    0x0001f6e4   0x0001f6e4   0x00000018   Code   RO         2315    i.log_rtt_printf    nrf_log.o
    0x0001f6fc   0x0001f6fc   0x0000012c   Code   RO           12    i.main              main.o
    0x0001f828   0x0001f828   0x00000018   Code   RO         1665    i.main_state_err_busy_process  pstorage.o
    0x0001f840   0x0001f840   0x00000068   Code   RO          599    i.manuf_specific_data_encode  ble_advdata.o
    0x0001f8a8   0x0001f8a8   0x0000009e   Code   RO          600    i.name_encode       ble_advdata.o
    0x0001f946   0x0001f946   0x00000004   Code   RO          914    i.no_service_context_apply  device_manager_peripheral.o
    0x0001f94a   0x0001f94a   0x00000004   Code   RO          915    i.no_service_context_load  device_manager_peripheral.o
    0x0001f94e   0x0001f94e   0x00000004   Code   RO          916    i.no_service_context_store  device_manager_peripheral.o
    0x0001f952   0x0001f952   0x00000002   PAD
    0x0001f954   0x0001f954   0x00000020   Code   RO         1315    i.nrf_gpio_cfg_sense_set  nrf_drv_gpiote.o
    0x0001f974   0x0001f974   0x00000014   Code   RO         1316    i.nrf_gpiote_event_is_set  nrf_drv_gpiote.o
    0x0001f988   0x0001f988   0x0000000a   Code   RO         1497    i.nrf_uart_event_check  nrf_drv_uart.o
    0x0001f992   0x0001f992   0x00000010   Code   RO         1498    i.nrf_uart_int_enable_check  nrf_drv_uart.o
    0x0001f9a2   0x0001f9a2   0x00000002   PAD
    0x0001f9a4   0x0001f9a4   0x00000034   Code   RO           13    i.on_adv_evt        main.o
    0x0001f9d8   0x0001f9d8   0x00000034   Code   RO           14    i.on_conn_params_evt  main.o
    0x0001fa0c   0x0001fa0c   0x00000012   Code   RO         2458    i.page_offsets_update  fds.o
    0x0001fa1e   0x0001fa1e   0x00000002   PAD
    0x0001fa20   0x0001fa20   0x00000018   Code   RO         2460    i.page_tag_write_data  fds.o
    0x0001fa38   0x0001fa38   0x00000020   Code   RO         2461    i.page_tag_write_swap  fds.o
    0x0001fa58   0x0001fa58   0x00000016   Code   RO          680    i.peer_address_exists  ble_advertising.o
    0x0001fa6e   0x0001fa6e   0x00000002   PAD
    0x0001fa70   0x0001fa70   0x00000040   Code   RO          917    i.peer_instance_init  device_manager_peripheral.o
    0x0001fab0   0x0001fab0   0x00000028   Code   RO         1666    i.pstorage_access_status_get  pstorage.o
    0x0001fad8   0x0001fad8   0x00000058   Code   RO         1667    i.pstorage_block_identifier_get  pstorage.o
    0x0001fb30   0x0001fb30   0x000000a8   Code   RO         1668    i.pstorage_clear    pstorage.o
    0x0001fbd8   0x0001fbd8   0x00000024   Code   RO         1669    i.pstorage_flash_page_end  pstorage.o
    0x0001fbfc   0x0001fbfc   0x0000000a   Code   RO         1670    i.pstorage_flash_page_size  pstorage.o
    0x0001fc06   0x0001fc06   0x00000002   PAD
    0x0001fc08   0x0001fc08   0x0000005c   Code   RO         1671    i.pstorage_init     pstorage.o
    0x0001fc64   0x0001fc64   0x000000ac   Code   RO         1672    i.pstorage_load     pstorage.o
    0x0001fd10   0x0001fd10   0x000000bc   Code   RO         1673    i.pstorage_register  pstorage.o
    0x0001fdcc   0x0001fdcc   0x00000094   Code   RO         1674    i.pstorage_store    pstorage.o
    0x0001fe60   0x0001fe60   0x0000004c   Code   RO         1675    i.pstorage_sys_event_handler  pstorage.o
    0x0001feac   0x0001feac   0x00000094   Code   RO         1676    i.pstorage_update   pstorage.o
    0x0001ff40   0x0001ff40   0x00000038   Code   RO         2217    i.queue_get_next_free  fstorage.o
    0x0001ff78   0x0001ff78   0x0000006c   Code   RO         2218    i.queue_process     fstorage.o
    0x0001ffe4   0x0001ffe4   0x000000b8   Code   RO         2463    i.queue_process     fds.o
    0x0002009c   0x0002009c   0x0000001c   Code   RO         2219    i.queue_start       fstorage.o
    0x000200b8   0x000200b8   0x00000010   Code   RO         2998    i.ram_end_address_get  softdevice_handler.o
    0x000200c8   0x000200c8   0x00000084   Code   RO         2465    i.record_find       fds.o
    0x0002014c   0x0002014c   0x000000a0   Code   RO         2466    i.record_find_by_desc  fds.o
    0x000201ec   0x000201ec   0x00000054   Code   RO         2467    i.record_find_next  fds.o
    0x00020240   0x00020240   0x00000020   Code   RO         2468    i.record_header_flag_dirty  fds.o
    0x00020260   0x00020260   0x00000058   Code   RO         2469    i.record_write_chunk  fds.o
    0x000202b8   0x000202b8   0x00000044   Code   RO         2022    i.rtc1_stop         app_timer.o
    0x000202fc   0x000202fc   0x00000038   Code   RO         1499    i.rx_byte           nrf_drv_uart.o
    0x00020334   0x00020334   0x0000001c   Code   RO         1500    i.rx_done_event     nrf_drv_uart.o
    0x00020350   0x00020350   0x0000008c   Code   RO         2999    i.sd_check_ram_start  softdevice_handler.o
    0x000203dc   0x000203dc   0x0000008c   Code   RO         3000    i.sd_nvic_EnableIRQ  softdevice_handler.o
    0x00020468   0x00020468   0x00000042   Code   RO         2220    i.send_event        fstorage.o
    0x000204aa   0x000204aa   0x0000008e   Code   RO          601    i.service_data_encode  ble_advdata.o
    0x00020538   0x00020538   0x00000044   Code   RO           15    i.sleep_mode_enter  main.o
    0x0002057c   0x0002057c   0x00000048   Code   RO         1677    i.sm_state_change   pstorage.o
    0x000205c4   0x000205c4   0x00000014   Code   RO         3001    i.softdevice_ble_evt_handler_set  softdevice_handler.o
    0x000205d8   0x000205d8   0x00000100   Code   RO         3002    i.softdevice_enable  softdevice_handler.o
    0x000206d8   0x000206d8   0x00000028   Code   RO         3003    i.softdevice_enable_get_default_config  softdevice_handler.o
    0x00020700   0x00020700   0x00000008   Code   RO         3004    i.softdevice_fault_handler  softdevice_handler.o
    0x00020708   0x00020708   0x00000044   Code   RO         3005    i.softdevice_handler_init  softdevice_handler.o
    0x0002074c   0x0002074c   0x00000014   Code   RO         3008    i.softdevice_sys_evt_handler_set  softdevice_handler.o
    0x00020760   0x00020760   0x00000064   Code   RO         1678    i.state_data_erase_swap_entry_run  pstorage.o
    0x000207c4   0x000207c4   0x00000010   Code   RO         1679    i.state_erase_data_page_entry_run  pstorage.o
    0x000207d4   0x000207d4   0x00000028   Code   RO         1680    i.state_restore_head_entry_run  pstorage.o
    0x000207fc   0x000207fc   0x0000004c   Code   RO         1681    i.state_restore_tail_entry_run  pstorage.o
    0x00020848   0x00020848   0x00000020   Code   RO         1682    i.state_swap_erase_entry_run  pstorage.o
    0x00020868   0x00020868   0x00000030   Code   RO         1683    i.state_write_data_swap_entry_run  pstorage.o
    0x00020898   0x00020898   0x00000004   Code   RO          918    i.storage_operation_dummy_handler  device_manager_peripheral.o
    0x0002089c   0x0002089c   0x0000005c   Code   RO         1684    i.store_cmd_flash_write_execute  pstorage.o
    0x000208f8   0x000208f8   0x0000001c   Code   RO         1685    i.swap_erase_state_run  pstorage.o
    0x00020914   0x00020914   0x00000018   Code   RO         1686    i.swap_sub_state_err_busy_process  pstorage.o
    0x0002092c   0x0002092c   0x00000014   Code   RO         1687    i.swap_sub_state_state_change  pstorage.o
    0x00020940   0x00020940   0x00000010   Code   RO           16    i.sys_evt_dispatch  main.o
    0x00020950   0x00020950   0x0000001c   Code   RO         1688    i.tail_restore_state_run  pstorage.o
    0x0002096c   0x0002096c   0x00000084   Code   RO         2023    i.timer_list_handler  app_timer.o
    0x000209f0   0x000209f0   0x00000010   Code   RO         2024    i.timer_list_handler_sched  app_timer.o
    0x00020a00   0x00020a00   0x00000040   Code   RO         2025    i.timer_list_insert  app_timer.o
    0x00020a40   0x00020a40   0x000000c0   Code   RO         2026    i.timer_timeouts_check  app_timer.o
    0x00020b00   0x00020b00   0x0000002c   Code   RO         1502    i.tx_byte           nrf_drv_uart.o
    0x00020b2c   0x00020b2c   0x00000020   Code   RO         1503    i.tx_done_event     nrf_drv_uart.o
    0x00020b4c   0x00020b4c   0x00000128   Code   RO         1504    i.uart_irq_handler  nrf_drv_uart.o
    0x00020c74   0x00020c74   0x0000000a   Code   RO          602    i.uint16_encode     ble_advdata.o
    0x00020c7e   0x00020c7e   0x00000002   PAD
    0x00020c80   0x00020c80   0x00000014   Code   RO          919    i.update_status_bit_reset  device_manager_peripheral.o
    0x00020c94   0x00020c94   0x00000064   Code   RO          767    i.update_timeout_handler  ble_conn_params.o
    0x00020cf8   0x00020cf8   0x00000054   Code   RO         2027    i.user_id_get       app_timer.o
    0x00020d4c   0x00020d4c   0x00000026   Code   RO         2028    i.user_op_alloc     app_timer.o
    0x00020d72   0x00020d72   0x00000030   Code   RO          603    i.uuid_list_encode  ble_advdata.o
    0x00020da2   0x00020da2   0x000000ae   Code   RO          604    i.uuid_list_sized_encode  ble_advdata.o
    0x00020e50   0x00020e50   0x00000010   Code   RO          681    i.whitelist_has_entries  ble_advertising.o
    0x00020e60   0x00020e60   0x000000e4   Code   RO         2471    i.write_execute     fds.o
    0x00020f44   0x00020f44   0x00000004   Data   RO           18    .constdata          main.o
    0x00020f48   0x00020f48   0x00000030   Data   RO          308    .constdata          dcs_service.o
    0x00020f78   0x00020f78   0x00000008   Data   RO          457    .constdata          bsp.o
    0x00020f80   0x00020f80   0x00000004   Data   RO          770    .constdata          ble_conn_params.o
    0x00020f84   0x00020f84   0x00000034   Data   RO          921    .constdata          device_manager_peripheral.o
    0x00020fb8   0x00020fb8   0x00000028   Data   RO         1690    .constdata          pstorage.o
    0x00020fe0   0x00020fe0   0x00000014   Data   RO         2475    .constdata          fds.o
    0x00020ff4   0x00020ff4   0x00000006   Data   RO         2743    .constdata          rtt_syscalls_keil.o
    0x00020ffa   0x00020ffa   0x0000000e   Data   RO         2744    .constdata          rtt_syscalls_keil.o
    0x00021008   0x00021008   0x00000010   Data   RO         2965    .constdata          segger_rtt_printf.o
    0x00021018   0x00021018   0x0000004c   Data   RO          922    .conststring        device_manager_peripheral.o
    0x00021064   0x00021064   0x00000057   Data   RO         3009    .conststring        softdevice_handler.o
    0x000210bb   0x000210bb   0x00000001   PAD
    0x000210bc   0x000210bc   0x00000020   Data   RO         3510    Region$$Table       anon$$obj.o


    Execution Region RW_IRAM1 (Exec base: 0x20002080, Load base: 0x000210dc, Size: 0x000022c0, Max: 0x00005f80, ABSOLUTE)

    Exec Addr    Load Addr    Size         Type   Attr      Idx    E Section Name        Object

    0x20002080   0x000210dc   0x00000008   Data   RW           19    .data               main.o
    0x20002088   0x000210e4   0x00000010   Data   RW          458    .data               bsp.o
    0x20002098   0x000210f4   0x00000008   Data   RW          556    .data               bsp_btn_ble.o
    0x200020a0   0x000210fc   0x0000001f   Data   RW          683    .data               ble_advertising.o
    0x200020bf   0x0002111b   0x00000001   PAD
    0x200020c0   0x0002111c   0x00000014   Data   RW          771    .data               ble_conn_params.o
    0x200020d4   0x00021130   0x00000018   Data   RW          923    .data               device_manager_peripheral.o
    0x200020ec   0x00021148   0x00000024   Data   RW         1691    .data               pstorage.o
    0x20002110   0x0002116c   0x00000020   Data   RW         2029    .data               app_timer.o
    0x20002130   0x0002118c   0x00000002   Data   RW         2222    .data               fstorage.o
    0x20002132   0x0002118e   0x00000004   Data   RW         2320    .data               nrf_log.o
    0x20002136   0x00021192   0x00000002   PAD
    0x20002138   0x00021194   0x00000018   Data   RW         2476    .data               fds.o
    0x20002150   0x000211ac   0x0000001c   Data   RW         3010    .data               softdevice_handler.o
    0x2000216c   0x000211c8   0x00000004   Data   RW         3116    .data               system_nrf51.o
    0x20002170   0x000211cc   0x00000004   Data   RW         3163    .data               c_p.l(stdio_streams.o)
    0x20002174   0x000211d0   0x00000004   Data   RW         3164    .data               c_p.l(stdio_streams.o)
    0x20002178   0x000211d4   0x00000004   Data   RW         3165    .data               c_p.l(stdio_streams.o)
    0x2000217c   0x000211d8   0x00000010   Data   RW         2477    fs_data             fds.o
    0x2000218c        -       0x0000021c   Zero   RW           17    .bss                main.o
    0x200023a8        -       0x00000020   Zero   RW          455    .bss                bsp.o
    0x200023c8        -       0x00000020   Zero   RW          456    .bss                bsp.o
    0x200023e8        -       0x00000103   Zero   RW          682    .bss                ble_advertising.o
    0x200024eb   0x000211e8   0x00000001   PAD
    0x200024ec        -       0x00000020   Zero   RW          768    .bss                ble_conn_params.o
    0x2000250c        -       0x0000001c   Zero   RW          769    .bss                ble_conn_params.o
    0x20002528        -       0x0000014f   Zero   RW          920    .bss                device_manager_peripheral.o
    0x20002677   0x000211e8   0x00000001   PAD
    0x20002678        -       0x00000048   Zero   RW         1319    .bss                nrf_drv_gpiote.o
    0x200026c0        -       0x0000001c   Zero   RW         1505    .bss                nrf_drv_uart.o
    0x200026dc        -       0x000000e4   Zero   RW         1689    .bss                pstorage.o
    0x200027c0        -       0x00000020   Zero   RW         1954    .bss                app_error.o
    0x200027e0        -       0x00000058   Zero   RW         2221    .bss                fstorage.o
    0x20002838        -       0x0000041b   Zero   RW         2319    .bss                nrf_log.o
    0x20002c53   0x000211e8   0x00000001   PAD
    0x20002c54        -       0x00000108   Zero   RW         2474    .bss                fds.o
    0x20002d5c        -       0x00000488   Zero   RW         2844    .bss                segger_rtt.o
    0x200031e4        -       0x00000054   Zero   RW         3160    .bss                c_p.l(stdio_streams.o)
    0x20003238        -       0x00000054   Zero   RW         3161    .bss                c_p.l(stdio_streams.o)
    0x2000328c        -       0x00000054   Zero   RW         3162    .bss                c_p.l(stdio_streams.o)
    0x200032e0        -       0x00000060   Zero   RW         3448    .bss                c_p.l(libspace.o)
    0x20003340        -       0x00000800   Zero   RW         3105    HEAP                arm_startup_nrf51.o
    0x20003b40        -       0x00000800   Zero   RW         3104    STACK               arm_startup_nrf51.o


==============================================================================

Image component sizes


      Code (inc. data)   RO Data    RW Data    ZI Data      Debug   Object Name

       128         16          0          0         32       4054   app_error.o
        26          0          0          0          0        758   app_error_weak.o
      1764        208          0         32          0      31011   app_timer.o
        84         36        192          0       4096        800   arm_startup_nrf51.o
      1588          6          0          0          0      20492   ble_advdata.o
      1098         44          0         31        259      16421   ble_advertising.o
       460         58          4         20         60      13624   ble_conn_params.o
       680         76          8         16         64      12653   bsp.o
       284         10          0          8          0       5309   bsp_btn_ble.o
       808        248         48          0          0      43269   dcs_service.o
      2812        226        128         24        335      33029   device_manager_peripheral.o
      2022        242         20         40        264      29207   fds.o
       562         40          0          2         88       9326   fstorage.o
      1324        300          4          8        540      95647   main.o
         0          0          0          0          0       1324   nrf_drv_common.o
       408         46          0          0         72      14092   nrf_drv_gpiote.o
       490         58          0          0         28      14521   nrf_drv_uart.o
       112         30          0          4       1051       4689   nrf_log.o
      2866        264         40         36        228      39902   pstorage.o
       130         18         20          0          0       6781   rtt_syscalls_keil.o
       590         56          0          0       1160      11847   segger_rtt.o
       906          6         16          0          0       6893   segger_rtt_printf.o
       884        324         87         28          0      25141   softdevice_handler.o
       232         36          0          4          0       2423   system_nrf51.o

    ----------------------------------------------------------------------
     20288       2348        600        256       8280     443213   Object Totals
         0          0         32          0          0          0   (incl. Generated)
        30          0          1          3          3          0   (incl. Padding)

    ----------------------------------------------------------------------

      Code (inc. data)   RO Data    RW Data    ZI Data      Debug   Library Member Name

         8          0          0          0          0         68   __main.o
        36          0          0          0          0         76   __printf_nopercent.o
         0          0          0          0          0          0   __rtentry.o
        12          0          0          0          0          0   __rtentry2.o
         6          0          0          0          0          0   __rtentry4.o
        60          8          0          0          0          0   __scatter.o
        26          0          0          0          0          0   __scatter_copy.o
        28          0          0          0          0          0   __scatter_zi.o
        48          6          0          0          0         88   _printf_char_common.o
        40          6          0          0          0         72   _printf_char_file.o
       346          0          0          0          0         92   aeabi_sdiv.o
        12          0          0          0          0         68   defsig_exit.o
        52          0          0          0          0         72   defsig_general.o
        80         58          0          0          0         68   defsig_rtmem_inner.o
        12          0          0          0          0         68   defsig_rtmem_outer.o
        52         38          0          0          0         68   defsig_rtred_inner.o
        12          0          0          0          0         68   defsig_rtred_outer.o
        16          0          0          0          0         68   exit.o
        76          4          0          0          0         76   fclose.o
         8          0          0          0          0         60   ferror.o
       104          4          0          0          0        100   fflush.o
       496         10          0          0          0         76   flsbuf.o
       232          8          0          0          0        108   fopen.o
        30          0          0          0          0         68   fputc.o
       244          4          0          0          0         76   fseek.o
        66          0          0          0          0         68   ftell.o
        98          0          0          0          0         72   h1_alloc.o
        52          0          0          0          0         68   h1_extend.o
        76          0          0          0          0         72   h1_free.o
        14          0          0          0          0         76   h1_init.o
         6          0          0          0          0        136   heapauxi.o
         4          0          0          0          0        120   hguard.o
       136          0          0          0          0        160   init_alloc.o
       316         44          0          0          0         96   initio.o
         2          0          0          0          0          0   libinit.o
        14          0          0          0          0          0   libinit2.o
         2          0          0          0          0          0   libshutdown.o
         6          0          0          0          0          0   libshutdown2.o
         8          4          0          0         96         68   libspace.o
         0          0          0          0          0          0   maybetermalloc1.o
        90          0          0          0          0         68   memcmp.o
        28          6          0          0          0         84   noretval__2printf.o
         8          4          0          0          0         68   rt_errno_addr_intlibspace.o
         8          4          0          0          0         68   rt_heap_descriptor_intlibspace.o
        64          0          0          0          0        108   rt_memclr.o
       186          0          0          0          0        144   rt_memcpy.o
         2          0          0          0          0          0   rtexit.o
        10          0          0          0          0          0   rtexit2.o
        76          4          0          0          0         72   setvbuf.o
       240          8          0          0          0        144   stdio.o
         0          0          0         12        252          0   stdio_streams.o
       136          4          0          0          0         72   strcmp.o
        76          6          0          0          0         72   strcpy.o
        68          6          0          0          0         72   strlen.o
        62          0          0          0          0         80   sys_stackheap_outer.o

    ----------------------------------------------------------------------
      3908        236          0         12        348       3428   Library Totals
        18          0          0          0          0          0   (incl. Padding)

    ----------------------------------------------------------------------

      Code (inc. data)   RO Data    RW Data    ZI Data      Debug   Library Name

      3890        236          0         12        348       3428   c_p.l

    ----------------------------------------------------------------------
      3908        236          0         12        348       3428   Library Totals

    ----------------------------------------------------------------------

==============================================================================


      Code (inc. data)   RO Data    RW Data    ZI Data      Debug   

     24196       2584        600        268       8628     435077   Grand Totals
     24196       2584        600        268       8628     435077   ELF Image Totals
     24196       2584        600        268          0          0   ROM Totals

==============================================================================

    Total RO  Size (Code + RO Data)                24796 (  24.21kB)
    Total RW  Size (RW Data + ZI Data)              8896 (   8.69kB)
    Total ROM Size (Code + RO Data + RW Data)      25064 (  24.48kB)

==============================================================================

